main.c:125:5:main	112	static
main.c:329:6:SystemClock_Config	216	static
main.c:399:13:MX_ADC1_Init	24	static
main.c:446:13:MX_ADC3_Init	24	static
main.c:493:13:MX_DAC_Init	16	static
main.c:528:13:MX_DMA2D_Init	8	static
main.c:562:13:MX_I2C1_Init	8	static
main.c:605:13:MX_I2C3_Init	8	static
main.c:648:13:MX_LTDC_Init	64	static
main.c:707:13:MX_RTC_Init	80	static
main.c:793:13:MX_SPI2_Init	8	static
main.c:831:13:MX_TIM1_Init	40	static
main.c:875:13:MX_TIM2_Init	40	static
main.c:917:13:MX_TIM3_Init	88	static
main.c:978:13:MX_TIM5_Init	40	static
main.c:1020:13:MX_TIM8_Init	112	static
main.c:1095:13:MX_UART7_Init	8	static
main.c:1128:13:MX_USART1_UART_Init	8	static
main.c:1165:13:MX_USART6_UART_Init	8	static
main.c:1194:13:MX_FMC_Init	40	static
main.c:1243:13:MX_GPIO_Init	72	static
main.c:1431:6:StartDefaultTask	16	static
main.c:1483:7:jump	16	static
main.c:1447:6:player	104	static
main.c:1604:6:game_over	24	static
main.c:1628:6:HAL_TIM_PeriodElapsedCallback	16	static
main.c:1644:6:Error_Handler	4	static,ignoring_inline_asm
