main.c:130:5:main	144	static
main.c:360:6:SystemClock_Config	216	static
main.c:435:13:MX_ADC1_Init	24	static
main.c:485:13:MX_ADC3_Init	24	static
main.c:535:13:MX_DAC_Init	16	static
main.c:573:13:MX_DMA2D_Init	8	static
main.c:610:13:MX_I2C1_Init	8	static
main.c:656:13:MX_I2C3_Init	8	static
main.c:702:13:MX_LTDC_Init	64	static
main.c:764:13:MX_RTC_Init	80	static
main.c:856:13:MX_SPI2_Init	8	static
main.c:896:13:MX_TIM1_Init	40	static
main.c:943:13:MX_TIM2_Init	40	static
main.c:988:13:MX_TIM3_Init	88	static
main.c:1054:13:MX_TIM5_Init	40	static
main.c:1099:13:MX_TIM8_Init	112	static
main.c:1178:13:MX_UART7_Init	8	static
main.c:1213:13:MX_USART1_UART_Init	8	static
main.c:1250:13:MX_USART6_UART_Init	8	static
main.c:1281:13:MX_FMC_Init	40	static
main.c:1332:13:MX_GPIO_Init	72	static
main.c:1519:6:StartDefaultTask	16	static
main.c:1573:7:jump	16	static
main.c:1536:6:player	104	static
main.c:1690:6:game_over	24	static
main.c:1714:6:pieces	16	static
main.c:1734:6:HAL_TIM_PeriodElapsedCallback	16	static
main.c:1751:6:Error_Handler	4	static,ignoring_inline_asm
