main.c:134:5:main	144	static
main.c:382:6:SystemClock_Config	216	static
main.c:452:13:MX_ADC1_Init	24	static
main.c:499:13:MX_ADC3_Init	24	static
main.c:546:13:MX_DAC_Init	16	static
main.c:581:13:MX_DMA2D_Init	8	static
main.c:615:13:MX_I2C1_Init	8	static
main.c:658:13:MX_I2C3_Init	8	static
main.c:701:13:MX_LTDC_Init	64	static
main.c:760:13:MX_RTC_Init	80	static
main.c:846:13:MX_SPI2_Init	8	static
main.c:884:13:MX_TIM1_Init	40	static
main.c:928:13:MX_TIM2_Init	40	static
main.c:970:13:MX_TIM3_Init	88	static
main.c:1031:13:MX_TIM5_Init	40	static
main.c:1073:13:MX_TIM8_Init	112	static
main.c:1148:13:MX_UART7_Init	8	static
main.c:1181:13:MX_USART1_UART_Init	8	static
main.c:1218:13:MX_USART6_UART_Init	8	static
main.c:1247:13:MX_FMC_Init	40	static
main.c:1296:13:MX_GPIO_Init	72	static
main.c:1484:6:StartDefaultTask	16	static
main.c:1536:7:jump	16	static
main.c:1500:6:player	112	static
main.c:1664:6:game_over	24	static
main.c:1687:6:pieces	48	static
main.c:1773:6:HAL_TIM_PeriodElapsedCallback	16	static
main.c:1789:6:Error_Handler	4	static,ignoring_inline_asm
