main.c:143:5:main	168	static
main.c:368:6:SystemClock_Config	216	static
main.c:438:13:MX_ADC1_Init	24	static
main.c:485:13:MX_ADC3_Init	24	static
main.c:532:13:MX_DAC_Init	16	static
main.c:567:13:MX_DMA2D_Init	8	static
main.c:601:13:MX_I2C1_Init	8	static
main.c:644:13:MX_I2C3_Init	8	static
main.c:687:13:MX_LTDC_Init	64	static
main.c:746:13:MX_RTC_Init	80	static
main.c:832:13:MX_SPI2_Init	8	static
main.c:870:13:MX_TIM1_Init	40	static
main.c:914:13:MX_TIM2_Init	40	static
main.c:956:13:MX_TIM3_Init	88	static
main.c:1017:13:MX_TIM5_Init	40	static
main.c:1059:13:MX_TIM8_Init	112	static
main.c:1134:13:MX_UART7_Init	8	static
main.c:1167:13:MX_USART1_UART_Init	8	static
main.c:1204:13:MX_USART6_UART_Init	8	static
main.c:1233:13:MX_FMC_Init	40	static
main.c:1282:13:MX_GPIO_Init	72	static
main.c:1470:6:StartDefaultTask	16	static
main.c:1523:7:jump	16	static
main.c:1486:6:player	112	static
main.c:1663:6:game_over	32	static
main.c:1750:6:pieces	48	static
main.c:1838:6:badguy	80	static
main.c:1966:6:HAL_TIM_PeriodElapsedCallback	16	static
main.c:1982:6:Error_Handler	4	static,ignoring_inline_asm
