main.c:125:5:main	112	static
main.c:325:6:SystemClock_Config	216	static
main.c:395:13:MX_ADC1_Init	24	static
main.c:442:13:MX_ADC3_Init	24	static
main.c:489:13:MX_DAC_Init	16	static
main.c:524:13:MX_DMA2D_Init	8	static
main.c:558:13:MX_I2C1_Init	8	static
main.c:601:13:MX_I2C3_Init	8	static
main.c:644:13:MX_LTDC_Init	64	static
main.c:703:13:MX_RTC_Init	80	static
main.c:789:13:MX_SPI2_Init	8	static
main.c:827:13:MX_TIM1_Init	40	static
main.c:871:13:MX_TIM2_Init	40	static
main.c:913:13:MX_TIM3_Init	88	static
main.c:974:13:MX_TIM5_Init	40	static
main.c:1016:13:MX_TIM8_Init	112	static
main.c:1091:13:MX_UART7_Init	8	static
main.c:1124:13:MX_USART1_UART_Init	8	static
main.c:1161:13:MX_USART6_UART_Init	8	static
main.c:1190:13:MX_FMC_Init	40	static
main.c:1239:13:MX_GPIO_Init	72	static
main.c:1427:6:StartDefaultTask	16	static
main.c:1477:7:jump	16	static
main.c:1443:6:player	96	static
main.c:1585:6:game_over	24	static
main.c:1609:6:HAL_TIM_PeriodElapsedCallback	16	static
main.c:1625:6:Error_Handler	4	static,ignoring_inline_asm
