main.c:122:5:main	288	static
main.c:309:6:SystemClock_Config	216	static
main.c:384:13:MX_ADC1_Init	24	static
main.c:434:13:MX_ADC3_Init	24	static
main.c:484:13:MX_DAC_Init	16	static
main.c:522:13:MX_DMA2D_Init	8	static
main.c:559:13:MX_I2C1_Init	8	static
main.c:605:13:MX_I2C3_Init	8	static
main.c:651:13:MX_LTDC_Init	64	static
main.c:713:13:MX_RTC_Init	80	static
main.c:805:13:MX_SPI2_Init	8	static
main.c:845:13:MX_TIM1_Init	40	static
main.c:892:13:MX_TIM2_Init	40	static
main.c:937:13:MX_TIM3_Init	88	static
main.c:1003:13:MX_TIM5_Init	40	static
main.c:1048:13:MX_TIM8_Init	112	static
main.c:1127:13:MX_UART7_Init	8	static
main.c:1162:13:MX_USART1_UART_Init	8	static
main.c:1199:13:MX_USART6_UART_Init	8	static
main.c:1230:13:MX_FMC_Init	40	static
main.c:1281:13:MX_GPIO_Init	72	static
main.c:1468:6:StartDefaultTask	16	static
main.c:1485:6:ecrire_g	64	static
main.c:1519:6:ecrire_d	56	static
main.c:1550:6:HAL_TIM_PeriodElapsedCallback	16	static
main.c:1567:6:Error_Handler	4	static,ignoring_inline_asm
