Archive member included to satisfy reference by file (symbol)

c:/st/stm32cubeide_1.5.1/stm32cubeide/plugins/com.st.stm32cube.ide.mcu.externaltools.gnu-tools-for-stm32.7-2018-q2-update.win32_1.5.0.202011040924/tools/bin/../lib/gcc/arm-none-eabi/7.3.1/../../../../arm-none-eabi/lib/thumb/v7e-m/fpv4-sp/hard\libc_nano.a(lib_a-errno.o)
                              Core/Src/syscalls.o (__errno)
c:/st/stm32cubeide_1.5.1/stm32cubeide/plugins/com.st.stm32cube.ide.mcu.externaltools.gnu-tools-for-stm32.7-2018-q2-update.win32_1.5.0.202011040924/tools/bin/../lib/gcc/arm-none-eabi/7.3.1/../../../../arm-none-eabi/lib/thumb/v7e-m/fpv4-sp/hard\libc_nano.a(lib_a-exit.o)
                              c:/st/stm32cubeide_1.5.1/stm32cubeide/plugins/com.st.stm32cube.ide.mcu.externaltools.gnu-tools-for-stm32.7-2018-q2-update.win32_1.5.0.202011040924/tools/bin/../lib/gcc/arm-none-eabi/7.3.1/../../../../arm-none-eabi/lib/thumb/v7e-m/fpv4-sp/hard/crt0.o (exit)
c:/st/stm32cubeide_1.5.1/stm32cubeide/plugins/com.st.stm32cube.ide.mcu.externaltools.gnu-tools-for-stm32.7-2018-q2-update.win32_1.5.0.202011040924/tools/bin/../lib/gcc/arm-none-eabi/7.3.1/../../../../arm-none-eabi/lib/thumb/v7e-m/fpv4-sp/hard\libc_nano.a(lib_a-impure.o)
                              c:/st/stm32cubeide_1.5.1/stm32cubeide/plugins/com.st.stm32cube.ide.mcu.externaltools.gnu-tools-for-stm32.7-2018-q2-update.win32_1.5.0.202011040924/tools/bin/../lib/gcc/arm-none-eabi/7.3.1/../../../../arm-none-eabi/lib/thumb/v7e-m/fpv4-sp/hard\libc_nano.a(lib_a-exit.o) (_global_impure_ptr)
c:/st/stm32cubeide_1.5.1/stm32cubeide/plugins/com.st.stm32cube.ide.mcu.externaltools.gnu-tools-for-stm32.7-2018-q2-update.win32_1.5.0.202011040924/tools/bin/../lib/gcc/arm-none-eabi/7.3.1/../../../../arm-none-eabi/lib/thumb/v7e-m/fpv4-sp/hard\libc_nano.a(lib_a-init.o)
                              c:/st/stm32cubeide_1.5.1/stm32cubeide/plugins/com.st.stm32cube.ide.mcu.externaltools.gnu-tools-for-stm32.7-2018-q2-update.win32_1.5.0.202011040924/tools/bin/../lib/gcc/arm-none-eabi/7.3.1/../../../../arm-none-eabi/lib/thumb/v7e-m/fpv4-sp/hard/crt0.o (__libc_init_array)
c:/st/stm32cubeide_1.5.1/stm32cubeide/plugins/com.st.stm32cube.ide.mcu.externaltools.gnu-tools-for-stm32.7-2018-q2-update.win32_1.5.0.202011040924/tools/bin/../lib/gcc/arm-none-eabi/7.3.1/../../../../arm-none-eabi/lib/thumb/v7e-m/fpv4-sp/hard\libc_nano.a(lib_a-memcpy-stub.o)
                              Middlewares/Third_Party/FreeRTOS/Source/queue.o (memcpy)
c:/st/stm32cubeide_1.5.1/stm32cubeide/plugins/com.st.stm32cube.ide.mcu.externaltools.gnu-tools-for-stm32.7-2018-q2-update.win32_1.5.0.202011040924/tools/bin/../lib/gcc/arm-none-eabi/7.3.1/../../../../arm-none-eabi/lib/thumb/v7e-m/fpv4-sp/hard\libc_nano.a(lib_a-memset.o)
                              c:/st/stm32cubeide_1.5.1/stm32cubeide/plugins/com.st.stm32cube.ide.mcu.externaltools.gnu-tools-for-stm32.7-2018-q2-update.win32_1.5.0.202011040924/tools/bin/../lib/gcc/arm-none-eabi/7.3.1/../../../../arm-none-eabi/lib/thumb/v7e-m/fpv4-sp/hard/crt0.o (memset)
c:/st/stm32cubeide_1.5.1/stm32cubeide/plugins/com.st.stm32cube.ide.mcu.externaltools.gnu-tools-for-stm32.7-2018-q2-update.win32_1.5.0.202011040924/tools/bin/../lib/gcc/arm-none-eabi/7.3.1/../../../../arm-none-eabi/lib/thumb/v7e-m/fpv4-sp/hard\libc_nano.a(lib_a-sprintf.o)
                              Core/Src/main.o (sprintf)
c:/st/stm32cubeide_1.5.1/stm32cubeide/plugins/com.st.stm32cube.ide.mcu.externaltools.gnu-tools-for-stm32.7-2018-q2-update.win32_1.5.0.202011040924/tools/bin/../lib/gcc/arm-none-eabi/7.3.1/../../../../arm-none-eabi/lib/thumb/v7e-m/fpv4-sp/hard\libc_nano.a(lib_a-nano-svfprintf.o)
                              c:/st/stm32cubeide_1.5.1/stm32cubeide/plugins/com.st.stm32cube.ide.mcu.externaltools.gnu-tools-for-stm32.7-2018-q2-update.win32_1.5.0.202011040924/tools/bin/../lib/gcc/arm-none-eabi/7.3.1/../../../../arm-none-eabi/lib/thumb/v7e-m/fpv4-sp/hard\libc_nano.a(lib_a-sprintf.o) (_svfprintf_r)
c:/st/stm32cubeide_1.5.1/stm32cubeide/plugins/com.st.stm32cube.ide.mcu.externaltools.gnu-tools-for-stm32.7-2018-q2-update.win32_1.5.0.202011040924/tools/bin/../lib/gcc/arm-none-eabi/7.3.1/../../../../arm-none-eabi/lib/thumb/v7e-m/fpv4-sp/hard\libc_nano.a(lib_a-nano-vfprintf_i.o)
                              c:/st/stm32cubeide_1.5.1/stm32cubeide/plugins/com.st.stm32cube.ide.mcu.externaltools.gnu-tools-for-stm32.7-2018-q2-update.win32_1.5.0.202011040924/tools/bin/../lib/gcc/arm-none-eabi/7.3.1/../../../../arm-none-eabi/lib/thumb/v7e-m/fpv4-sp/hard\libc_nano.a(lib_a-nano-svfprintf.o) (_printf_i)
c:/st/stm32cubeide_1.5.1/stm32cubeide/plugins/com.st.stm32cube.ide.mcu.externaltools.gnu-tools-for-stm32.7-2018-q2-update.win32_1.5.0.202011040924/tools/bin/../lib/gcc/arm-none-eabi/7.3.1/../../../../arm-none-eabi/lib/thumb/v7e-m/fpv4-sp/hard\libc_nano.a(lib_a-memchr.o)
[...]
Memory Configuration

Name             Origin             Length             Attributes
RAM              0x0000000020000000 0x0000000000050000 xrw
FLASH            0x0000000008000000 0x0000000000100000 xr
*default*        0x0000000000000000 0xffffffffffffffff

Linker script and memory map

LOAD c:/st/stm32cubeide_1.5.1/stm32cubeide/plugins/com.st.stm32cube.ide.mcu.externaltools.gnu-tools-for-stm32.7-2018-q2-update.win32_1.5.0.202011040924/tools/bin/../lib/gcc/arm-none-eabi/7.3.1/thumb/v7e-m/fpv4-sp/hard/crti.o
LOAD c:/st/stm32cubeide_1.5.1/stm32cubeide/plugins/com.st.stm32cube.ide.mcu.externaltools.gnu-tools-for-stm32.7-2018-q2-update.win32_1.5.0.202011040924/tools/bin/../lib/gcc/arm-none-eabi/7.3.1/thumb/v7e-m/fpv4-sp/hard/crtbegin.o
LOAD c:/st/stm32cubeide_1.5.1/stm32cubeide/plugins/com.st.stm32cube.ide.mcu.externaltools.gnu-tools-for-stm32.7-2018-q2-update.win32_1.5.0.202011040924/tools/bin/../lib/gcc/arm-none-eabi/7.3.1/../../../../arm-none-eabi/lib/thumb/v7e-m/fpv4-sp/hard/crt0.o
LOAD Core/Src/freertos.o
LOAD Core/Src/ft5336.o
LOAD Core/Src/main.o
LOAD Core/Src/stm32746g_discovery.o
LOAD Core/Src/stm32746g_discovery_lcd.o
LOAD Core/Src/stm32746g_discovery_sdram.o
LOAD Core/Src/stm32746g_discovery_ts.o
LOAD Core/Src/stm32f7xx_hal_msp.o
LOAD Core/Src/stm32f7xx_hal_timebase_tim.o
LOAD Core/Src/stm32f7xx_it.o
LOAD Core/Src/syscalls.o
LOAD Core/Src/sysmem.o
LOAD Core/Src/system_stm32f7xx.o
LOAD Core/Startup/startup_stm32f746nghx.o
LOAD Drivers/STM32F7xx_HAL_Driver/Src/stm32f7xx_hal.o
LOAD Drivers/STM32F7xx_HAL_Driver/Src/stm32f7xx_hal_adc.o
LOAD Drivers/STM32F7xx_HAL_Driver/Src/stm32f7xx_hal_adc_ex.o
LOAD Drivers/STM32F7xx_HAL_Driver/Src/stm32f7xx_hal_cortex.o
LOAD Drivers/STM32F7xx_HAL_Driver/Src/stm32f7xx_hal_dac.o
LOAD Drivers/STM32F7xx_HAL_Driver/Src/stm32f7xx_hal_dac_ex.o
LOAD Drivers/STM32F7xx_HAL_Driver/Src/stm32f7xx_hal_dma.o
LOAD Drivers/STM32F7xx_HAL_Driver/Src/stm32f7xx_hal_dma2d.o
LOAD Drivers/STM32F7xx_HAL_Driver/Src/stm32f7xx_hal_dma_ex.o
LOAD Drivers/STM32F7xx_HAL_Driver/Src/stm32f7xx_hal_dsi.o
LOAD Drivers/STM32F7xx_HAL_Driver/Src/stm32f7xx_hal_exti.o
LOAD Drivers/STM32F7xx_HAL_Driver/Src/stm32f7xx_hal_flash.o
LOAD Drivers/STM32F7xx_HAL_Driver/Src/stm32f7xx_hal_flash_ex.o
LOAD Drivers/STM32F7xx_HAL_Driver/Src/stm32f7xx_hal_gpio.o
LOAD Drivers/STM32F7xx_HAL_Driver/Src/stm32f7xx_hal_i2c.o
LOAD Drivers/STM32F7xx_HAL_Driver/Src/stm32f7xx_hal_i2c_ex.o
LOAD Drivers/STM32F7xx_HAL_Driver/Src/stm32f7xx_hal_ltdc.o
LOAD Drivers/STM32F7xx_HAL_Driver/Src/stm32f7xx_hal_ltdc_ex.o
LOAD Drivers/STM32F7xx_HAL_Driver/Src/stm32f7xx_hal_pwr.o
LOAD Drivers/STM32F7xx_HAL_Driver/Src/stm32f7xx_hal_pwr_ex.o
LOAD Drivers/STM32F7xx_HAL_Driver/Src/stm32f7xx_hal_rcc.o
LOAD Drivers/STM32F7xx_HAL_Driver/Src/stm32f7xx_hal_rcc_ex.o
LOAD Drivers/STM32F7xx_HAL_Driver/Src/stm32f7xx_hal_rtc.o
LOAD Drivers/STM32F7xx_HAL_Driver/Src/stm32f7xx_hal_rtc_ex.o
LOAD Drivers/STM32F7xx_HAL_Driver/Src/stm32f7xx_hal_sdram.o
LOAD Drivers/STM32F7xx_HAL_Driver/Src/stm32f7xx_hal_spi.o
LOAD Drivers/STM32F7xx_HAL_Driver/Src/stm32f7xx_hal_spi_ex.o
LOAD Drivers/STM32F7xx_HAL_Driver/Src/stm32f7xx_hal_tim.o
LOAD Drivers/STM32F7xx_HAL_Driver/Src/stm32f7xx_hal_tim_ex.o
LOAD Drivers/STM32F7xx_HAL_Driver/Src/stm32f7xx_hal_uart.o
LOAD Drivers/STM32F7xx_HAL_Driver/Src/stm32f7xx_hal_uart_ex.o
LOAD Drivers/STM32F7xx_HAL_Driver/Src/stm32f7xx_ll_fmc.o
LOAD Middlewares/Third_Party/FreeRTOS/Source/CMSIS_RTOS/cmsis_os.o
LOAD Middlewares/Third_Party/FreeRTOS/Source/croutine.o
LOAD Middlewares/Third_Party/FreeRTOS/Source/event_groups.o
LOAD Middlewares/Third_Party/FreeRTOS/Source/list.o
LOAD Middlewares/Third_Party/FreeRTOS/Source/queue.o
LOAD Middlewares/Third_Party/FreeRTOS/Source/stream_buffer.o
LOAD Middlewares/Third_Party/FreeRTOS/Source/tasks.o
LOAD Middlewares/Third_Party/FreeRTOS/Source/timers.o
LOAD Middlewares/Third_Party/FreeRTOS/Source/portable/GCC/ARM_CM7/r0p1/port.o
LOAD Middlewares/Third_Party/FreeRTOS/Source/portable/MemMang/heap_4.o
START GROUP
LOAD c:/st/stm32cubeide_1.5.1/stm32cubeide/plugins/com.st.stm32cube.ide.mcu.externaltools.gnu-tools-for-stm32.7-2018-q2-update.win32_1.5.0.202011040924/tools/bin/../lib/gcc/arm-none-eabi/7.3.1/../../../../arm-none-eabi/lib/thumb/v7e-m/fpv4-sp/hard\libc_nano.a
LOAD c:/st/stm32cubeide_1.5.1/stm32cubeide/plugins/com.st.stm32cube.ide.mcu.externaltools.gnu-tools-for-stm32.7-2018-q2-update.win32_1.5.0.202011040924/tools/bin/../lib/gcc/arm-none-eabi/7.3.1/../../../../arm-none-eabi/lib/thumb/v7e-m/fpv4-sp/hard\libm.a
END GROUP
START GROUP
LOAD c:/st/stm32cubeide_1.5.1/stm32cubeide/plugins/com.st.stm32cube.ide.mcu.externaltools.gnu-tools-for-stm32.7-2018-q2-update.win32_1.5.0.202011040924/tools/bin/../lib/gcc/arm-none-eabi/7.3.1/thumb/v7e-m/fpv4-sp/hard\libgcc.a
LOAD c:/st/stm32cubeide_1.5.1/stm32cubeide/plugins/com.st.stm32cube.ide.mcu.externaltools.gnu-tools-for-stm32.7-2018-q2-update.win32_1.5.0.202011040924/tools/bin/../lib/gcc/arm-none-eabi/7.3.1/../../../../arm-none-eabi/lib/thumb/v7e-m/fpv4-sp/hard\libc_nano.a
END GROUP
START GROUP
LOAD c:/st/stm32cubeide_1.5.1/stm32cubeide/plugins/com.st.stm32cube.ide.mcu.externaltools.gnu-tools-for-stm32.7-2018-q2-update.win32_1.5.0.202011040924/tools/bin/../lib/gcc/arm-none-eabi/7.3.1/thumb/v7e-m/fpv4-sp/hard\libgcc.a
LOAD c:/st/stm32cubeide_1.5.1/stm32cubeide/plugins/com.st.stm32cube.ide.mcu.externaltools.gnu-tools-for-stm32.7-2018-q2-update.win32_1.5.0.202011040924/tools/bin/../lib/gcc/arm-none-eabi/7.3.1/../../../../arm-none-eabi/lib/thumb/v7e-m/fpv4-sp/hard\libc_nano.a
LOAD c:/st/stm32cubeide_1.5.1/stm32cubeide/plugins/com.st.stm32cube.ide.mcu.externaltools.gnu-tools-for-stm32.7-2018-q2-update.win32_1.5.0.202011040924/tools/bin/../lib/gcc/arm-none-eabi/7.3.1/../../../../arm-none-eabi/lib/thumb/v7e-m/fpv4-sp/hard\libnosys.a
END GROUP
START GROUP
LOAD c:/st/stm32cubeide_1.5.1/stm32cubeide/plugins/com.st.stm32cube.ide.mcu.externaltools.gnu-tools-for-stm32.7-2018-q2-update.win32_1.5.0.202011040924/tools/bin/../lib/gcc/arm-none-eabi/7.3.1/thumb/v7e-m/fpv4-sp/hard\libgcc.a
LOAD c:/st/stm32cubeide_1.5.1/stm32cubeide/plugins/com.st.stm32cube.ide.mcu.externaltools.gnu-tools-for-stm32.7-2018-q2-update.win32_1.5.0.202011040924/tools/bin/../lib/gcc/arm-none-eabi/7.3.1/../../../../arm-none-eabi/lib/thumb/v7e-m/fpv4-sp/hard\libc_nano.a
LOAD c:/st/stm32cubeide_1.5.1/stm32cubeide/plugins/com.st.stm32cube.ide.mcu.externaltools.gnu-tools-for-stm32.7-2018-q2-update.win32_1.5.0.202011040924/tools/bin/../lib/gcc/arm-none-eabi/7.3.1/../../../../arm-none-eabi/lib/thumb/v7e-m/fpv4-sp/hard\libnosys.a
END GROUP
LOAD c:/st/stm32cubeide_1.5.1/stm32cubeide/plugins/com.st.stm32cube.ide.mcu.externaltools.gnu-tools-for-stm32.7-2018-q2-update.win32_1.5.0.202011040924/tools/bin/../lib/gcc/arm-none-eabi/7.3.1/thumb/v7e-m/fpv4-sp/hard/crtend.o
LOAD c:/st/stm32cubeide_1.5.1/stm32cubeide/plugins/com.st.stm32cube.ide.mcu.externaltools.gnu-tools-for-stm32.7-2018-q2-update.win32_1.5.0.202011040924/tools/bin/../lib/gcc/arm-none-eabi/7.3.1/thumb/v7e-m/fpv4-sp/hard/crtn.o
                0x0000000020050000                _estack = (ORIGIN (RAM) + LENGTH (RAM))
                0x0000000000000200                _Min_Heap_Size = 0x200
                0x0000000000000400                _Min_Stack_Size = 0x400

.isr_vector     0x0000000008000000      0x1c8
                0x0000000008000000                . = ALIGN (0x4)
 *(.isr_vector)
 .isr_vector    0x0000000008000000      0x1c8 Core/Startup/startup_stm32f746nghx.o
                0x0000000008000000                g_pfnVectors
                0x00000000080001c8                . = ALIGN (0x4)

.text           0x00000000080001d0     0xde94
                0x00000000080001d0                . = ALIGN (0x4)
 *(.text)
 .text          0x00000000080001d0       0x40 c:/st/stm32cubeide_1.5.1/stm32cubeide/plugins/com.st.stm32cube.ide.mcu.externaltools.gnu-tools-for-stm32.7-2018-q2-update.win32_1.5.0.202011040924/tools/bin/../lib/gcc/arm-none-eabi/7.3.1/thumb/v7e-m/fpv4-sp/hard/crtbegin.o
 .text          0x0000000008000210       0xa0 c:/st/stm32cubeide_1.5.1/stm32cubeide/plugins/com.st.stm32cube.ide.mcu.externaltools.gnu-tools-for-stm32.7-2018-q2-update.win32_1.5.0.202011040924/tools/bin/../lib/gcc/arm-none-eabi/7.3.1/../../../../arm-none-eabi/lib/thumb/v7e-m/fpv4-sp/hard\libc_nano.a(lib_a-memchr.o)
                0x0000000008000210                memchr
 .text          0x00000000080002b0       0x30 c:/st/stm32cubeide_1.5.1/stm32cubeide/plugins/com.st.stm32cube.ide.mcu.externaltools.gnu-tools-for-stm32.7-2018-q2-update.win32_1.5.0.202011040924/tools/bin/../lib/gcc/arm-none-eabi/7.3.1/thumb/v7e-m/fpv4-sp/hard\libgcc.a(_aeabi_uldivmod.o)
                0x00000000080002b0                __aeabi_uldivmod
 .text          0x00000000080002e0      0x2cc c:/st/stm32cubeide_1.5.1/stm32cubeide/plugins/com.st.stm32cube.ide.mcu.externaltools.gnu-tools-for-stm32.7-2018-q2-update.win32_1.5.0.202011040924/tools/bin/../lib/gcc/arm-none-eabi/7.3.1/thumb/v7e-m/fpv4-sp/hard\libgcc.a(_udivmoddi4.o)
                0x00000000080002e0                __udivmoddi4
 .text          0x00000000080005ac        0x4 c:/st/stm32cubeide_1.5.1/stm32cubeide/plugins/com.st.stm32cube.ide.mcu.externaltools.gnu-tools-for-stm32.7-2018-q2-update.win32_1.5.0.202011040924/tools/bin/../lib/gcc/arm-none-eabi/7.3.1/thumb/v7e-m/fpv4-sp/hard\libgcc.a(_dvmd_tls.o)
                0x00000000080005ac                __aeabi_idiv0
                0x00000000080005ac                __aeabi_ldiv0
 *(.text*)
 .text.vApplicationGetIdleTaskMemory
                0x00000000080005b0       0x34 Core/Src/freertos.o
                0x00000000080005b0                vApplicationGetIdleTaskMemory
 .text.ft5336_Init
                0x00000000080005e4       0x1c Core/Src/ft5336.o
                0x00000000080005e4                ft5336_Init
 .text.ft5336_Reset
                0x0000000008000600       0x16 Core/Src/ft5336.o
                0x0000000008000600                ft5336_Reset
 .text.ft5336_ReadID
                0x0000000008000616       0x5c Core/Src/ft5336.o
                0x0000000008000616                ft5336_ReadID
 .text.ft5336_TS_Start
                0x0000000008000672       0x22 Core/Src/ft5336.o
                0x0000000008000672                ft5336_TS_Start
 .text.ft5336_TS_DetectTouch
                0x0000000008000694       0x54 Core/Src/ft5336.o
                0x0000000008000694                ft5336_TS_DetectTouch
 .text.ft5336_TS_GetXY
                0x00000000080006e8      0x1e0 Core/Src/ft5336.o
                0x00000000080006e8                ft5336_TS_GetXY
 .text.ft5336_TS_EnableIT
                0x00000000080008c8       0x28 Core/Src/ft5336.o
                0x00000000080008c8                ft5336_TS_EnableIT
 .text.ft5336_TS_DisableIT
                0x00000000080008f0       0x28 Core/Src/ft5336.o
                0x00000000080008f0                ft5336_TS_DisableIT
 .text.ft5336_TS_ITStatus
                0x0000000008000918       0x18 Core/Src/ft5336.o
                0x0000000008000918                ft5336_TS_ITStatus
 .text.ft5336_TS_ClearIT
                0x0000000008000930       0x16 Core/Src/ft5336.o
                0x0000000008000930                ft5336_TS_ClearIT
 *fill*         0x0000000008000946        0x2 
 .text.ft5336_Get_I2C_InitializedStatus
                0x0000000008000948       0x18 Core/Src/ft5336.o
 .text.ft5336_I2C_InitializeIfRequired
                0x0000000008000960       0x20 Core/Src/ft5336.o
 .text.ft5336_TS_Configure
                0x0000000008000980       0x1c Core/Src/ft5336.o
 .text.main     0x000000000800099c      0x20c Core/Src/main.o
                0x000000000800099c                main
 .text.SystemClock_Config
                0x0000000008000ba8      0x160 Core/Src/main.o
                0x0000000008000ba8                SystemClock_Config
 .text.MX_ADC1_Init
                0x0000000008000d08       0xa4 Core/Src/main.o
 .text.MX_ADC3_Init
                0x0000000008000dac       0xa4 Core/Src/main.o
 .text.MX_DAC_Init
                0x0000000008000e50       0x54 Core/Src/main.o
 .text.MX_DMA2D_Init
                0x0000000008000ea4       0x64 Core/Src/main.o
 .text.MX_I2C1_Init
                0x0000000008000f08       0x80 Core/Src/main.o
 .text.MX_I2C3_Init
                0x0000000008000f88       0x80 Core/Src/main.o
 .text.MX_LTDC_Init
                0x0000000008001008      0x104 Core/Src/main.o
 .text.MX_RTC_Init
                0x000000000800110c      0x14c Core/Src/main.o
 .text.MX_SPI2_Init
                0x0000000008001258       0x7c Core/Src/main.o
 .text.MX_TIM1_Init
                0x00000000080012d4       0xa8 Core/Src/main.o
 .text.MX_TIM2_Init
                0x000000000800137c       0x9c Core/Src/main.o
 .text.MX_TIM3_Init
                0x0000000008001418      0x11c Core/Src/main.o
 .text.MX_TIM5_Init
                0x0000000008001534       0x9c Core/Src/main.o
 .text.MX_TIM8_Init
                0x00000000080015d0      0x154 Core/Src/main.o
 .text.MX_UART7_Init
                0x0000000008001724       0x60 Core/Src/main.o
 .text.MX_USART1_UART_Init
                0x0000000008001784       0x70 Core/Src/main.o
 .text.MX_USART6_UART_Init
                0x00000000080017f4       0x60 Core/Src/main.o
 .text.MX_FMC_Init
                0x0000000008001854       0x9c Core/Src/main.o
 .text.MX_GPIO_Init
                0x00000000080018f0      0x3d8 Core/Src/main.o
 .text.HAL_UART_RxCpltCallback
                0x0000000008001cc8       0x7c Core/Src/main.o
                0x0000000008001cc8                HAL_UART_RxCpltCallback
 .text.StartDefaultTask
                0x0000000008001d44       0x10 Core/Src/main.o
                0x0000000008001d44                StartDefaultTask
 .text.horloge  0x0000000008001d54       0x98 Core/Src/main.o
                0x0000000008001d54                horloge
 .text.souris   0x0000000008001dec      0x484 Core/Src/main.o
                0x0000000008001dec                souris
 .text.chat     0x0000000008002270      0x140 Core/Src/main.o
                0x0000000008002270                chat
 .text.manager  0x00000000080023b0       0xc0 Core/Src/main.o
                0x00000000080023b0                manager
 .text.HAL_TIM_PeriodElapsedCallback
                0x0000000008002470       0x24 Core/Src/main.o
                0x0000000008002470                HAL_TIM_PeriodElapsedCallback
 .text.Error_Handler
                0x0000000008002494        0x8 Core/Src/main.o
                0x0000000008002494                Error_Handler
 .text.I2Cx_MspInit
                0x000000000800249c      0x160 Core/Src/stm32746g_discovery.o
 .text.I2Cx_Init
                0x00000000080025fc       0x78 Core/Src/stm32746g_discovery.o
 .text.I2Cx_ReadMultiple
                0x0000000008002674       0x5a Core/Src/stm32746g_discovery.o
 .text.I2Cx_WriteMultiple
                0x00000000080026ce       0x5a Core/Src/stm32746g_discovery.o
 .text.I2Cx_Error
                0x0000000008002728       0x20 Core/Src/stm32746g_discovery.o
 .text.TS_IO_Init
                0x0000000008002748       0x14 Core/Src/stm32746g_discovery.o
                0x0000000008002748                TS_IO_Init
 .text.TS_IO_Write
                0x000000000800275c       0x34 Core/Src/stm32746g_discovery.o
                0x000000000800275c                TS_IO_Write
 .text.TS_IO_Read
                0x0000000008002790       0x3c Core/Src/stm32746g_discovery.o
                0x0000000008002790                TS_IO_Read
 .text.TS_IO_Delay
                0x00000000080027cc       0x16 Core/Src/stm32746g_discovery.o
                0x00000000080027cc                TS_IO_Delay
 *fill*         0x00000000080027e2        0x2 
 .text.BSP_LCD_Init
                0x00000000080027e4       0xe0 Core/Src/stm32746g_discovery_lcd.o
                0x00000000080027e4                BSP_LCD_Init
 .text.BSP_LCD_GetXSize
                0x00000000080028c4       0x28 Core/Src/stm32746g_discovery_lcd.o
                0x00000000080028c4                BSP_LCD_GetXSize
 .text.BSP_LCD_GetYSize
                0x00000000080028ec       0x28 Core/Src/stm32746g_discovery_lcd.o
                0x00000000080028ec                BSP_LCD_GetYSize
 .text.BSP_LCD_LayerDefaultInit
                0x0000000008002914       0xc0 Core/Src/stm32746g_discovery_lcd.o
                0x0000000008002914                BSP_LCD_LayerDefaultInit
 .text.BSP_LCD_SelectLayer
                0x00000000080029d4       0x20 Core/Src/stm32746g_discovery_lcd.o
                0x00000000080029d4                BSP_LCD_SelectLayer
 .text.BSP_LCD_SetTextColor
                0x00000000080029f4       0x30 Core/Src/stm32746g_discovery_lcd.o
                0x00000000080029f4                BSP_LCD_SetTextColor
 .text.BSP_LCD_SetBackColor
                0x0000000008002a24       0x34 Core/Src/stm32746g_discovery_lcd.o
                0x0000000008002a24                BSP_LCD_SetBackColor
 .text.BSP_LCD_SetFont
                0x0000000008002a58       0x34 Core/Src/stm32746g_discovery_lcd.o
                0x0000000008002a58                BSP_LCD_SetFont
 .text.BSP_LCD_Clear
                0x0000000008002a8c       0x50 Core/Src/stm32746g_discovery_lcd.o
                0x0000000008002a8c                BSP_LCD_Clear
 .text.BSP_LCD_DisplayChar
                0x0000000008002adc       0x88 Core/Src/stm32746g_discovery_lcd.o
                0x0000000008002adc                BSP_LCD_DisplayChar
 .text.BSP_LCD_DisplayStringAt
                0x0000000008002b64      0x188 Core/Src/stm32746g_discovery_lcd.o
                0x0000000008002b64                BSP_LCD_DisplayStringAt
 .text.BSP_LCD_DrawPixel
                0x0000000008002cec       0x90 Core/Src/stm32746g_discovery_lcd.o
                0x0000000008002cec                BSP_LCD_DrawPixel
 .text.BSP_LCD_FillRect
                0x0000000008002d7c       0xf4 Core/Src/stm32746g_discovery_lcd.o
                0x0000000008002d7c                BSP_LCD_FillRect
 .text.BSP_LCD_DisplayOn
                0x0000000008002e70       0x3c Core/Src/stm32746g_discovery_lcd.o
                0x0000000008002e70                BSP_LCD_DisplayOn
 .text.BSP_LCD_MspInit
                0x0000000008002eac      0x1b4 Core/Src/stm32746g_discovery_lcd.o
                0x0000000008002eac                BSP_LCD_MspInit
 .text.BSP_LCD_ClockConfig
                0x0000000008003060       0x38 Core/Src/stm32746g_discovery_lcd.o
                0x0000000008003060                BSP_LCD_ClockConfig
 .text.DrawChar
                0x0000000008003098      0x170 Core/Src/stm32746g_discovery_lcd.o
 .text.LL_FillBuffer
                0x0000000008003208       0x98 Core/Src/stm32746g_discovery_lcd.o
 .text.BSP_SDRAM_Init
                0x00000000080032a0       0xbc Core/Src/stm32746g_discovery_sdram.o
                0x00000000080032a0                BSP_SDRAM_Init
 .text.BSP_SDRAM_Initialization_sequence
                0x000000000800335c       0xc0 Core/Src/stm32746g_discovery_sdram.o
                0x000000000800335c                BSP_SDRAM_Initialization_sequence
 .text.BSP_SDRAM_MspInit
                0x000000000800341c      0x1f0 Core/Src/stm32746g_discovery_sdram.o
                0x000000000800341c                BSP_SDRAM_MspInit
 .text.BSP_TS_Init
                0x000000000800360c       0x80 Core/Src/stm32746g_discovery_ts.o
                0x000000000800360c                BSP_TS_Init
 .text.HAL_MspInit
                0x000000000800368c       0x50 Core/Src/stm32f7xx_hal_msp.o
                0x000000000800368c                HAL_MspInit
 .text.HAL_ADC_MspInit
                0x00000000080036dc       0xdc Core/Src/stm32f7xx_hal_msp.o
                0x00000000080036dc                HAL_ADC_MspInit
 .text.HAL_DAC_MspInit
                0x00000000080037b8       0x90 Core/Src/stm32f7xx_hal_msp.o
                0x00000000080037b8                HAL_DAC_MspInit
 .text.HAL_DMA2D_MspInit
                0x0000000008003848       0x40 Core/Src/stm32f7xx_hal_msp.o
                0x0000000008003848                HAL_DMA2D_MspInit
 .text.HAL_I2C_MspInit
                0x0000000008003888       0xf0 Core/Src/stm32f7xx_hal_msp.o
                0x0000000008003888                HAL_I2C_MspInit
 .text.HAL_I2C_MspDeInit
                0x0000000008003978       0x78 Core/Src/stm32f7xx_hal_msp.o
                0x0000000008003978                HAL_I2C_MspDeInit
 .text.HAL_LTDC_MspInit
                0x00000000080039f0      0x190 Core/Src/stm32f7xx_hal_msp.o
                0x00000000080039f0                HAL_LTDC_MspInit
 .text.HAL_RTC_MspInit
                0x0000000008003b80       0x34 Core/Src/stm32f7xx_hal_msp.o
                0x0000000008003b80                HAL_RTC_MspInit
 .text.HAL_SPI_MspInit
                0x0000000008003bb4       0xe4 Core/Src/stm32f7xx_hal_msp.o
                0x0000000008003bb4                HAL_SPI_MspInit
 .text.HAL_TIM_Base_MspInit
                0x0000000008003c98       0xdc Core/Src/stm32f7xx_hal_msp.o
                0x0000000008003c98                HAL_TIM_Base_MspInit
 .text.HAL_TIM_MspPostInit
                0x0000000008003d74       0xbc Core/Src/stm32f7xx_hal_msp.o
                0x0000000008003d74                HAL_TIM_MspPostInit
 .text.HAL_UART_MspInit
                0x0000000008003e30      0x19c Core/Src/stm32f7xx_hal_msp.o
                0x0000000008003e30                HAL_UART_MspInit
 .text.HAL_FMC_MspInit
                0x0000000008003fcc      0x120 Core/Src/stm32f7xx_hal_msp.o
 .text.HAL_SDRAM_MspInit
                0x00000000080040ec       0x14 Core/Src/stm32f7xx_hal_msp.o
                0x00000000080040ec                HAL_SDRAM_MspInit
 .text.HAL_InitTick
                0x0000000008004100       0xb0 Core/Src/stm32f7xx_hal_timebase_tim.o
                0x0000000008004100                HAL_InitTick
 .text.NMI_Handler
                0x00000000080041b0        0x6 Core/Src/stm32f7xx_it.o
                0x00000000080041b0                NMI_Handler
 .text.HardFault_Handler
                0x00000000080041b6        0x6 Core/Src/stm32f7xx_it.o
                0x00000000080041b6                HardFault_Handler
 .text.MemManage_Handler
                0x00000000080041bc        0x6 Core/Src/stm32f7xx_it.o
                0x00000000080041bc                MemManage_Handler
 .text.BusFault_Handler
                0x00000000080041c2        0x6 Core/Src/stm32f7xx_it.o
                0x00000000080041c2                BusFault_Handler
 .text.UsageFault_Handler
                0x00000000080041c8        0x6 Core/Src/stm32f7xx_it.o
                0x00000000080041c8                UsageFault_Handler
 .text.DebugMon_Handler
                0x00000000080041ce        0xe Core/Src/stm32f7xx_it.o
                0x00000000080041ce                DebugMon_Handler
 .text.USART1_IRQHandler
                0x00000000080041dc       0x14 Core/Src/stm32f7xx_it.o
                0x00000000080041dc                USART1_IRQHandler
 .text.TIM6_DAC_IRQHandler
                0x00000000080041f0       0x1c Core/Src/stm32f7xx_it.o
                0x00000000080041f0                TIM6_DAC_IRQHandler
 .text.LTDC_IRQHandler
                0x000000000800420c       0x14 Core/Src/stm32f7xx_it.o
                0x000000000800420c                LTDC_IRQHandler
 .text._sbrk    0x0000000008004220       0x6c Core/Src/sysmem.o
                0x0000000008004220                _sbrk
 .text.SystemInit
                0x000000000800428c       0x2c Core/Src/system_stm32f7xx.o
                0x000000000800428c                SystemInit
 .text.Reset_Handler
                0x00000000080042b8       0x50 Core/Startup/startup_stm32f746nghx.o
                0x00000000080042b8                Reset_Handler
 .text.Default_Handler
                0x0000000008004308        0x2 Core/Startup/startup_stm32f746nghx.o
                0x0000000008004308                RTC_Alarm_IRQHandler
                0x0000000008004308                EXTI2_IRQHandler
                0x0000000008004308                TIM8_CC_IRQHandler
                0x0000000008004308                UART8_IRQHandler
                0x0000000008004308                SPI4_IRQHandler
                0x0000000008004308                TIM1_CC_IRQHandler
                0x0000000008004308                DMA2_Stream5_IRQHandler
                0x0000000008004308                DMA1_Stream5_IRQHandler
                0x0000000008004308                PVD_IRQHandler
                0x0000000008004308                TAMP_STAMP_IRQHandler
                0x0000000008004308                CAN2_RX1_IRQHandler
                0x0000000008004308                EXTI3_IRQHandler
                0x0000000008004308                TIM8_TRG_COM_TIM14_IRQHandler
                0x0000000008004308                TIM1_UP_TIM10_IRQHandler
                0x0000000008004308                TIM8_UP_TIM13_IRQHandler
                0x0000000008004308                I2C3_ER_IRQHandler
                0x0000000008004308                EXTI0_IRQHandler
                0x0000000008004308                I2C2_EV_IRQHandler
                0x0000000008004308                DMA1_Stream2_IRQHandler
                0x0000000008004308                CAN1_RX0_IRQHandler
                0x0000000008004308                FPU_IRQHandler
                0x0000000008004308                OTG_HS_WKUP_IRQHandler
                0x0000000008004308                LTDC_ER_IRQHandler
                0x0000000008004308                CAN2_SCE_IRQHandler
                0x0000000008004308                DMA2_Stream2_IRQHandler
                0x0000000008004308                SPI1_IRQHandler
                0x0000000008004308                TIM1_BRK_TIM9_IRQHandler
                0x0000000008004308                DCMI_IRQHandler
                0x0000000008004308                CAN2_RX0_IRQHandler
                0x0000000008004308                DMA2_Stream3_IRQHandler
                0x0000000008004308                SAI2_IRQHandler
                0x0000000008004308                USART6_IRQHandler
                0x0000000008004308                USART3_IRQHandler
                0x0000000008004308                CAN1_RX1_IRQHandler
                0x0000000008004308                UART5_IRQHandler
                0x0000000008004308                DMA2_Stream0_IRQHandler
                0x0000000008004308                TIM4_IRQHandler
                0x0000000008004308                QUADSPI_IRQHandler
                0x0000000008004308                I2C1_EV_IRQHandler
                0x0000000008004308                DMA1_Stream6_IRQHandler
                0x0000000008004308                DMA1_Stream1_IRQHandler
                0x0000000008004308                UART4_IRQHandler
                0x0000000008004308                TIM3_IRQHandler
                0x0000000008004308                RCC_IRQHandler
                0x0000000008004308                TIM8_BRK_TIM12_IRQHandler
                0x0000000008004308                Default_Handler
                0x0000000008004308                CEC_IRQHandler
                0x0000000008004308                EXTI15_10_IRQHandler
                0x0000000008004308                ADC_IRQHandler
                0x0000000008004308                DMA1_Stream7_IRQHandler
                0x0000000008004308                SPI5_IRQHandler
                0x0000000008004308                TIM7_IRQHandler
                0x0000000008004308                SDMMC1_IRQHandler
                0x0000000008004308                CAN2_TX_IRQHandler
                0x0000000008004308                TIM5_IRQHandler
                0x0000000008004308                DMA2_Stream7_IRQHandler
                0x0000000008004308                I2C3_EV_IRQHandler
                0x0000000008004308                EXTI9_5_IRQHandler
                0x0000000008004308                RTC_WKUP_IRQHandler
                0x0000000008004308                ETH_WKUP_IRQHandler
                0x0000000008004308                SPDIF_RX_IRQHandler
                0x0000000008004308                SPI2_IRQHandler
                0x0000000008004308                OTG_HS_EP1_IN_IRQHandler
                0x0000000008004308                DMA1_Stream0_IRQHandler
                0x0000000008004308                CAN1_TX_IRQHandler
                0x0000000008004308                EXTI4_IRQHandler
                0x0000000008004308                RNG_IRQHandler
                0x0000000008004308                ETH_IRQHandler
                0x0000000008004308                OTG_HS_EP1_OUT_IRQHandler
                0x0000000008004308                WWDG_IRQHandler
                0x0000000008004308                SPI6_IRQHandler
                0x0000000008004308                I2C4_EV_IRQHandler
                0x0000000008004308                TIM2_IRQHandler
                0x0000000008004308                OTG_FS_WKUP_IRQHandler
                0x0000000008004308                TIM1_TRG_COM_TIM11_IRQHandler
                0x0000000008004308                OTG_HS_IRQHandler
                0x0000000008004308                DMA2D_IRQHandler
                0x0000000008004308                EXTI1_IRQHandler
                0x0000000008004308                UART7_IRQHandler
                0x0000000008004308                USART2_IRQHandler
                0x0000000008004308                I2C2_ER_IRQHandler
                0x0000000008004308                DMA2_Stream1_IRQHandler
                0x0000000008004308                CAN1_SCE_IRQHandler
                0x0000000008004308                FLASH_IRQHandler
                0x0000000008004308                DMA2_Stream4_IRQHandler
                0x0000000008004308                OTG_FS_IRQHandler
                0x0000000008004308                SPI3_IRQHandler
                0x0000000008004308                DMA1_Stream4_IRQHandler
                0x0000000008004308                I2C1_ER_IRQHandler
                0x0000000008004308                FMC_IRQHandler
                0x0000000008004308                LPTIM1_IRQHandler
                0x0000000008004308                I2C4_ER_IRQHandler
                0x0000000008004308                DMA2_Stream6_IRQHandler
                0x0000000008004308                SAI1_IRQHandler
                0x0000000008004308                DMA1_Stream3_IRQHandler
 .text.HAL_Init
                0x000000000800430a       0x1a Drivers/STM32F7xx_HAL_Driver/Src/stm32f7xx_hal.o
                0x000000000800430a                HAL_Init
 .text.HAL_IncTick
                0x0000000008004324       0x28 Drivers/STM32F7xx_HAL_Driver/Src/stm32f7xx_hal.o
                0x0000000008004324                HAL_IncTick
 .text.HAL_GetTick
                0x000000000800434c       0x18 Drivers/STM32F7xx_HAL_Driver/Src/stm32f7xx_hal.o
                0x000000000800434c                HAL_GetTick
 .text.HAL_Delay
                0x0000000008004364       0x44 Drivers/STM32F7xx_HAL_Driver/Src/stm32f7xx_hal.o
                0x0000000008004364                HAL_Delay
 .text.HAL_ADC_Init
                0x00000000080043a8       0x88 Drivers/STM32F7xx_HAL_Driver/Src/stm32f7xx_hal_adc.o
                0x00000000080043a8                HAL_ADC_Init
 .text.HAL_ADC_Start
                0x0000000008004430      0x180 Drivers/STM32F7xx_HAL_Driver/Src/stm32f7xx_hal_adc.o
                0x0000000008004430                HAL_ADC_Start
 .text.HAL_ADC_PollForConversion
                0x00000000080045b0      0x108 Drivers/STM32F7xx_HAL_Driver/Src/stm32f7xx_hal_adc.o
                0x00000000080045b0                HAL_ADC_PollForConversion
 .text.HAL_ADC_GetValue
                0x00000000080046b8       0x1a Drivers/STM32F7xx_HAL_Driver/Src/stm32f7xx_hal_adc.o
                0x00000000080046b8                HAL_ADC_GetValue
 *fill*         0x00000000080046d2        0x2 
 .text.HAL_ADC_ConfigChannel
                0x00000000080046d4      0x294 Drivers/STM32F7xx_HAL_Driver/Src/stm32f7xx_hal_adc.o
                0x00000000080046d4                HAL_ADC_ConfigChannel
 .text.ADC_Init
                0x0000000008004968      0x1f4 Drivers/STM32F7xx_HAL_Driver/Src/stm32f7xx_hal_adc.o
 .text.__NVIC_SetPriorityGrouping
                0x0000000008004b5c       0x48 Drivers/STM32F7xx_HAL_Driver/Src/stm32f7xx_hal_cortex.o
 .text.__NVIC_GetPriorityGrouping
                0x0000000008004ba4       0x1c Drivers/STM32F7xx_HAL_Driver/Src/stm32f7xx_hal_cortex.o
 .text.__NVIC_EnableIRQ
                0x0000000008004bc0       0x3c Drivers/STM32F7xx_HAL_Driver/Src/stm32f7xx_hal_cortex.o
 .text.__NVIC_SetPriority
                0x0000000008004bfc       0x54 Drivers/STM32F7xx_HAL_Driver/Src/stm32f7xx_hal_cortex.o
 .text.NVIC_EncodePriority
                0x0000000008004c50       0x66 Drivers/STM32F7xx_HAL_Driver/Src/stm32f7xx_hal_cortex.o
 .text.HAL_NVIC_SetPriorityGrouping
                0x0000000008004cb6       0x16 Drivers/STM32F7xx_HAL_Driver/Src/stm32f7xx_hal_cortex.o
                0x0000000008004cb6                HAL_NVIC_SetPriorityGrouping
 .text.HAL_NVIC_SetPriority
                0x0000000008004ccc       0x38 Drivers/STM32F7xx_HAL_Driver/Src/stm32f7xx_hal_cortex.o
                0x0000000008004ccc                HAL_NVIC_SetPriority
 .text.HAL_NVIC_EnableIRQ
                0x0000000008004d04       0x1c Drivers/STM32F7xx_HAL_Driver/Src/stm32f7xx_hal_cortex.o
                0x0000000008004d04                HAL_NVIC_EnableIRQ
 .text.HAL_DAC_Init
                0x0000000008004d20       0x44 Drivers/STM32F7xx_HAL_Driver/Src/stm32f7xx_hal_dac.o
                0x0000000008004d20                HAL_DAC_Init
 .text.HAL_DAC_IRQHandler
                0x0000000008004d64       0x94 Drivers/STM32F7xx_HAL_Driver/Src/stm32f7xx_hal_dac.o
                0x0000000008004d64                HAL_DAC_IRQHandler
 .text.HAL_DAC_DMAUnderrunCallbackCh1
                0x0000000008004df8       0x14 Drivers/STM32F7xx_HAL_Driver/Src/stm32f7xx_hal_dac.o
                0x0000000008004df8                HAL_DAC_DMAUnderrunCallbackCh1
 .text.HAL_DAC_ConfigChannel
                0x0000000008004e0c       0x9a Drivers/STM32F7xx_HAL_Driver/Src/stm32f7xx_hal_dac.o
                0x0000000008004e0c                HAL_DAC_ConfigChannel
 .text.HAL_DACEx_DMAUnderrunCallbackCh2
                0x0000000008004ea6       0x14 Drivers/STM32F7xx_HAL_Driver/Src/stm32f7xx_hal_dac_ex.o
                0x0000000008004ea6                HAL_DACEx_DMAUnderrunCallbackCh2
 *fill*         0x0000000008004eba        0x2 
 .text.HAL_DMA_Init
                0x0000000008004ebc      0x15c Drivers/STM32F7xx_HAL_Driver/Src/stm32f7xx_hal_dma.o
                0x0000000008004ebc                HAL_DMA_Init
 .text.HAL_DMA_DeInit
                0x0000000008005018       0xbc Drivers/STM32F7xx_HAL_Driver/Src/stm32f7xx_hal_dma.o
                0x0000000008005018                HAL_DMA_DeInit
 .text.HAL_DMA_Abort_IT
                0x00000000080050d4       0x44 Drivers/STM32F7xx_HAL_Driver/Src/stm32f7xx_hal_dma.o
                0x00000000080050d4                HAL_DMA_Abort_IT
 .text.DMA_CalcBaseAndBitshift
                0x0000000008005118       0x6c Drivers/STM32F7xx_HAL_Driver/Src/stm32f7xx_hal_dma.o
 .text.DMA_CheckFifoParam
                0x0000000008005184       0xf4 Drivers/STM32F7xx_HAL_Driver/Src/stm32f7xx_hal_dma.o
 .text.HAL_DMA2D_Init
                0x0000000008005278       0x94 Drivers/STM32F7xx_HAL_Driver/Src/stm32f7xx_hal_dma2d.o
                0x0000000008005278                HAL_DMA2D_Init
 .text.HAL_DMA2D_Start
                0x000000000800530c       0x56 Drivers/STM32F7xx_HAL_Driver/Src/stm32f7xx_hal_dma2d.o
                0x000000000800530c                HAL_DMA2D_Start
 .text.HAL_DMA2D_PollForTransfer
                0x0000000008005362      0x1d2 Drivers/STM32F7xx_HAL_Driver/Src/stm32f7xx_hal_dma2d.o
                0x0000000008005362                HAL_DMA2D_PollForTransfer
 .text.HAL_DMA2D_ConfigLayer
                0x0000000008005534      0x124 Drivers/STM32F7xx_HAL_Driver/Src/stm32f7xx_hal_dma2d.o
                0x0000000008005534                HAL_DMA2D_ConfigLayer
 .text.DMA2D_SetConfig
                0x0000000008005658      0x138 Drivers/STM32F7xx_HAL_Driver/Src/stm32f7xx_hal_dma2d.o
 .text.HAL_GPIO_Init
                0x0000000008005790      0x354 Drivers/STM32F7xx_HAL_Driver/Src/stm32f7xx_hal_gpio.o
                0x0000000008005790                HAL_GPIO_Init
 .text.HAL_GPIO_DeInit
                0x0000000008005ae4      0x214 Drivers/STM32F7xx_HAL_Driver/Src/stm32f7xx_hal_gpio.o
                0x0000000008005ae4                HAL_GPIO_DeInit
 .text.HAL_GPIO_WritePin
                0x0000000008005cf8       0x32 Drivers/STM32F7xx_HAL_Driver/Src/stm32f7xx_hal_gpio.o
                0x0000000008005cf8                HAL_GPIO_WritePin
 *fill*         0x0000000008005d2a        0x2 
 .text.HAL_I2C_Init
                0x0000000008005d2c      0x120 Drivers/STM32F7xx_HAL_Driver/Src/stm32f7xx_hal_i2c.o
                0x0000000008005d2c                HAL_I2C_Init
 .text.HAL_I2C_DeInit
                0x0000000008005e4c       0x5e Drivers/STM32F7xx_HAL_Driver/Src/stm32f7xx_hal_i2c.o
                0x0000000008005e4c                HAL_I2C_DeInit
 *fill*         0x0000000008005eaa        0x2 
 .text.HAL_I2C_Mem_Write
                0x0000000008005eac      0x228 Drivers/STM32F7xx_HAL_Driver/Src/stm32f7xx_hal_i2c.o
                0x0000000008005eac                HAL_I2C_Mem_Write
 .text.HAL_I2C_Mem_Read
                0x00000000080060d4      0x234 Drivers/STM32F7xx_HAL_Driver/Src/stm32f7xx_hal_i2c.o
                0x00000000080060d4                HAL_I2C_Mem_Read
 .text.HAL_I2C_GetState
                0x0000000008006308       0x1c Drivers/STM32F7xx_HAL_Driver/Src/stm32f7xx_hal_i2c.o
                0x0000000008006308                HAL_I2C_GetState
 .text.I2C_RequestMemoryWrite
                0x0000000008006324       0xa8 Drivers/STM32F7xx_HAL_Driver/Src/stm32f7xx_hal_i2c.o
 .text.I2C_RequestMemoryRead
                0x00000000080063cc       0xa8 Drivers/STM32F7xx_HAL_Driver/Src/stm32f7xx_hal_i2c.o
 .text.I2C_Flush_TXDR
                0x0000000008006474       0x48 Drivers/STM32F7xx_HAL_Driver/Src/stm32f7xx_hal_i2c.o
 .text.I2C_WaitOnFlagUntilTimeout
                0x00000000080064bc       0x80 Drivers/STM32F7xx_HAL_Driver/Src/stm32f7xx_hal_i2c.o
 .text.I2C_WaitOnTXISFlagUntilTimeout
                0x000000000800653c       0x80 Drivers/STM32F7xx_HAL_Driver/Src/stm32f7xx_hal_i2c.o
 .text.I2C_WaitOnSTOPFlagUntilTimeout
                0x00000000080065bc       0x78 Drivers/STM32F7xx_HAL_Driver/Src/stm32f7xx_hal_i2c.o
 .text.I2C_IsAcknowledgeFailed
                0x0000000008006634       0xcc Drivers/STM32F7xx_HAL_Driver/Src/stm32f7xx_hal_i2c.o
 .text.I2C_TransferConfig
                0x0000000008006700       0x5c Drivers/STM32F7xx_HAL_Driver/Src/stm32f7xx_hal_i2c.o
 .text.HAL_I2CEx_ConfigAnalogFilter
                0x000000000800675c       0x96 Drivers/STM32F7xx_HAL_Driver/Src/stm32f7xx_hal_i2c_ex.o
                0x000000000800675c                HAL_I2CEx_ConfigAnalogFilter
 .text.HAL_I2CEx_ConfigDigitalFilter
                0x00000000080067f2       0x98 Drivers/STM32F7xx_HAL_Driver/Src/stm32f7xx_hal_i2c_ex.o
                0x00000000080067f2                HAL_I2CEx_ConfigDigitalFilter
 *fill*         0x000000000800688a        0x2 
 .text.HAL_LTDC_Init
                0x000000000800688c      0x1a0 Drivers/STM32F7xx_HAL_Driver/Src/stm32f7xx_hal_ltdc.o
                0x000000000800688c                HAL_LTDC_Init
 .text.HAL_LTDC_IRQHandler
                0x0000000008006a2c      0x148 Drivers/STM32F7xx_HAL_Driver/Src/stm32f7xx_hal_ltdc.o
                0x0000000008006a2c                HAL_LTDC_IRQHandler
 .text.HAL_LTDC_ErrorCallback
                0x0000000008006b74       0x14 Drivers/STM32F7xx_HAL_Driver/Src/stm32f7xx_hal_ltdc.o
                0x0000000008006b74                HAL_LTDC_ErrorCallback
 .text.HAL_LTDC_LineEventCallback
                0x0000000008006b88       0x14 Drivers/STM32F7xx_HAL_Driver/Src/stm32f7xx_hal_ltdc.o
                0x0000000008006b88                HAL_LTDC_LineEventCallback
 .text.HAL_LTDC_ReloadEventCallback
                0x0000000008006b9c       0x14 Drivers/STM32F7xx_HAL_Driver/Src/stm32f7xx_hal_ltdc.o
                0x0000000008006b9c                HAL_LTDC_ReloadEventCallback
 .text.HAL_LTDC_ConfigLayer
                0x0000000008006bb0       0x7c Drivers/STM32F7xx_HAL_Driver/Src/stm32f7xx_hal_ltdc.o
                0x0000000008006bb0                HAL_LTDC_ConfigLayer
 .text.HAL_LTDC_GetState
                0x0000000008006c2c       0x1c Drivers/STM32F7xx_HAL_Driver/Src/stm32f7xx_hal_ltdc.o
                0x0000000008006c2c                HAL_LTDC_GetState
 .text.LTDC_SetConfig
                0x0000000008006c48      0x334 Drivers/STM32F7xx_HAL_Driver/Src/stm32f7xx_hal_ltdc.o
 .text.HAL_PWR_EnableBkUpAccess
                0x0000000008006f7c       0x20 Drivers/STM32F7xx_HAL_Driver/Src/stm32f7xx_hal_pwr.o
                0x0000000008006f7c                HAL_PWR_EnableBkUpAccess
 .text.HAL_PWREx_EnableOverDrive
                0x0000000008006f9c       0xa0 Drivers/STM32F7xx_HAL_Driver/Src/stm32f7xx_hal_pwr_ex.o
                0x0000000008006f9c                HAL_PWREx_EnableOverDrive
 .text.HAL_RCC_OscConfig
                0x000000000800703c      0x548 Drivers/STM32F7xx_HAL_Driver/Src/stm32f7xx_hal_rcc.o
                0x000000000800703c                HAL_RCC_OscConfig
 .text.HAL_RCC_ClockConfig
                0x0000000008007584      0x1d8 Drivers/STM32F7xx_HAL_Driver/Src/stm32f7xx_hal_rcc.o
                0x0000000008007584                HAL_RCC_ClockConfig
 .text.HAL_RCC_GetSysClockFreq
                0x000000000800775c      0x164 Drivers/STM32F7xx_HAL_Driver/Src/stm32f7xx_hal_rcc.o
                0x000000000800775c                HAL_RCC_GetSysClockFreq
 .text.HAL_RCC_GetHCLKFreq
                0x00000000080078c0       0x18 Drivers/STM32F7xx_HAL_Driver/Src/stm32f7xx_hal_rcc.o
                0x00000000080078c0                HAL_RCC_GetHCLKFreq
 .text.HAL_RCC_GetPCLK1Freq
                0x00000000080078d8       0x28 Drivers/STM32F7xx_HAL_Driver/Src/stm32f7xx_hal_rcc.o
                0x00000000080078d8                HAL_RCC_GetPCLK1Freq
 .text.HAL_RCC_GetPCLK2Freq
                0x0000000008007900       0x28 Drivers/STM32F7xx_HAL_Driver/Src/stm32f7xx_hal_rcc.o
                0x0000000008007900                HAL_RCC_GetPCLK2Freq
 .text.HAL_RCC_GetClockConfig
                0x0000000008007928       0x64 Drivers/STM32F7xx_HAL_Driver/Src/stm32f7xx_hal_rcc.o
                0x0000000008007928                HAL_RCC_GetClockConfig
 .text.HAL_RCCEx_PeriphCLKConfig
                0x000000000800798c      0x7dc Drivers/STM32F7xx_HAL_Driver/Src/stm32f7xx_hal_rcc_ex.o
                0x000000000800798c                HAL_RCCEx_PeriphCLKConfig
 .text.HAL_RTC_Init
                0x0000000008008168       0xf8 Drivers/STM32F7xx_HAL_Driver/Src/stm32f7xx_hal_rtc.o
                0x0000000008008168                HAL_RTC_Init
 .text.HAL_RTC_SetTime
                0x0000000008008260      0x17c Drivers/STM32F7xx_HAL_Driver/Src/stm32f7xx_hal_rtc.o
                0x0000000008008260                HAL_RTC_SetTime
 .text.HAL_RTC_GetTime
                0x00000000080083dc       0xbc Drivers/STM32F7xx_HAL_Driver/Src/stm32f7xx_hal_rtc.o
                0x00000000080083dc                HAL_RTC_GetTime
 .text.HAL_RTC_SetDate
                0x0000000008008498      0x150 Drivers/STM32F7xx_HAL_Driver/Src/stm32f7xx_hal_rtc.o
                0x0000000008008498                HAL_RTC_SetDate
 .text.HAL_RTC_GetDate
                0x00000000080085e8       0xa0 Drivers/STM32F7xx_HAL_Driver/Src/stm32f7xx_hal_rtc.o
                0x00000000080085e8                HAL_RTC_GetDate
 .text.HAL_RTC_SetAlarm
                0x0000000008008688      0x230 Drivers/STM32F7xx_HAL_Driver/Src/stm32f7xx_hal_rtc.o
                0x0000000008008688                HAL_RTC_SetAlarm
 .text.HAL_RTC_WaitForSynchro
                0x00000000080088b8       0x50 Drivers/STM32F7xx_HAL_Driver/Src/stm32f7xx_hal_rtc.o
                0x00000000080088b8                HAL_RTC_WaitForSynchro
 .text.RTC_EnterInitMode
                0x0000000008008908       0x58 Drivers/STM32F7xx_HAL_Driver/Src/stm32f7xx_hal_rtc.o
                0x0000000008008908                RTC_EnterInitMode
 .text.RTC_ByteToBcd2
                0x0000000008008960       0x3c Drivers/STM32F7xx_HAL_Driver/Src/stm32f7xx_hal_rtc.o
                0x0000000008008960                RTC_ByteToBcd2
 .text.RTC_Bcd2ToByte
                0x000000000800899c       0x3c Drivers/STM32F7xx_HAL_Driver/Src/stm32f7xx_hal_rtc.o
                0x000000000800899c                RTC_Bcd2ToByte
 .text.HAL_RTCEx_SetTimeStamp
                0x00000000080089d8       0xac Drivers/STM32F7xx_HAL_Driver/Src/stm32f7xx_hal_rtc_ex.o
                0x00000000080089d8                HAL_RTCEx_SetTimeStamp
 .text.HAL_SDRAM_Init
                0x0000000008008a84       0x68 Drivers/STM32F7xx_HAL_Driver/Src/stm32f7xx_hal_sdram.o
                0x0000000008008a84                HAL_SDRAM_Init
 .text.HAL_SDRAM_SendCommand
                0x0000000008008aec       0x56 Drivers/STM32F7xx_HAL_Driver/Src/stm32f7xx_hal_sdram.o
                0x0000000008008aec                HAL_SDRAM_SendCommand
 .text.HAL_SDRAM_ProgramRefreshRate
                0x0000000008008b42       0x40 Drivers/STM32F7xx_HAL_Driver/Src/stm32f7xx_hal_sdram.o
                0x0000000008008b42                HAL_SDRAM_ProgramRefreshRate
 .text.HAL_SPI_Init
                0x0000000008008b82      0x124 Drivers/STM32F7xx_HAL_Driver/Src/stm32f7xx_hal_spi.o
                0x0000000008008b82                HAL_SPI_Init
 .text.HAL_TIM_Base_Init
                0x0000000008008ca6       0x56 Drivers/STM32F7xx_HAL_Driver/Src/stm32f7xx_hal_tim.o
                0x0000000008008ca6                HAL_TIM_Base_Init
 .text.HAL_TIM_Base_Start_IT
                0x0000000008008cfc       0x54 Drivers/STM32F7xx_HAL_Driver/Src/stm32f7xx_hal_tim.o
                0x0000000008008cfc                HAL_TIM_Base_Start_IT
 .text.HAL_TIM_PWM_Init
                0x0000000008008d50       0x56 Drivers/STM32F7xx_HAL_Driver/Src/stm32f7xx_hal_tim.o
                0x0000000008008d50                HAL_TIM_PWM_Init
 .text.HAL_TIM_PWM_MspInit
                0x0000000008008da6       0x14 Drivers/STM32F7xx_HAL_Driver/Src/stm32f7xx_hal_tim.o
                0x0000000008008da6                HAL_TIM_PWM_MspInit
 .text.HAL_TIM_IRQHandler
                0x0000000008008dba      0x23e Drivers/STM32F7xx_HAL_Driver/Src/stm32f7xx_hal_tim.o
                0x0000000008008dba                HAL_TIM_IRQHandler
 .text.HAL_TIM_PWM_ConfigChannel
                0x0000000008008ff8      0x230 Drivers/STM32F7xx_HAL_Driver/Src/stm32f7xx_hal_tim.o
                0x0000000008008ff8                HAL_TIM_PWM_ConfigChannel
 .text.HAL_TIM_ConfigClockSource
                0x0000000008009228      0x174 Drivers/STM32F7xx_HAL_Driver/Src/stm32f7xx_hal_tim.o
                0x0000000008009228                HAL_TIM_ConfigClockSource
 .text.HAL_TIM_SlaveConfigSynchro
                0x000000000800939c       0x84 Drivers/STM32F7xx_HAL_Driver/Src/stm32f7xx_hal_tim.o
                0x000000000800939c                HAL_TIM_SlaveConfigSynchro
 .text.HAL_TIM_OC_DelayElapsedCallback
                0x0000000008009420       0x14 Drivers/STM32F7xx_HAL_Driver/Src/stm32f7xx_hal_tim.o
                0x0000000008009420                HAL_TIM_OC_DelayElapsedCallback
 .text.HAL_TIM_IC_CaptureCallback
                0x0000000008009434       0x14 Drivers/STM32F7xx_HAL_Driver/Src/stm32f7xx_hal_tim.o
                0x0000000008009434                HAL_TIM_IC_CaptureCallback
 .text.HAL_TIM_PWM_PulseFinishedCallback
                0x0000000008009448       0x14 Drivers/STM32F7xx_HAL_Driver/Src/stm32f7xx_hal_tim.o
                0x0000000008009448                HAL_TIM_PWM_PulseFinishedCallback
 .text.HAL_TIM_TriggerCallback
                0x000000000800945c       0x14 Drivers/STM32F7xx_HAL_Driver/Src/stm32f7xx_hal_tim.o
                0x000000000800945c                HAL_TIM_TriggerCallback
 .text.TIM_Base_SetConfig
                0x0000000008009470      0x140 Drivers/STM32F7xx_HAL_Driver/Src/stm32f7xx_hal_tim.o
                0x0000000008009470                TIM_Base_SetConfig
 .text.TIM_OC1_SetConfig
                0x00000000080095b0       0xe4 Drivers/STM32F7xx_HAL_Driver/Src/stm32f7xx_hal_tim.o
 .text.TIM_OC2_SetConfig
                0x0000000008009694       0xf0 Drivers/STM32F7xx_HAL_Driver/Src/stm32f7xx_hal_tim.o
                0x0000000008009694                TIM_OC2_SetConfig
 .text.TIM_OC3_SetConfig
                0x0000000008009784       0xec Drivers/STM32F7xx_HAL_Driver/Src/stm32f7xx_hal_tim.o
 .text.TIM_OC4_SetConfig
                0x0000000008009870       0xb0 Drivers/STM32F7xx_HAL_Driver/Src/stm32f7xx_hal_tim.o
 .text.TIM_OC5_SetConfig
                0x0000000008009920       0xa4 Drivers/STM32F7xx_HAL_Driver/Src/stm32f7xx_hal_tim.o
 .text.TIM_OC6_SetConfig
                0x00000000080099c4       0xa8 Drivers/STM32F7xx_HAL_Driver/Src/stm32f7xx_hal_tim.o
 .text.TIM_SlaveTimer_SetConfig
                0x0000000008009a6c      0x110 Drivers/STM32F7xx_HAL_Driver/Src/stm32f7xx_hal_tim.o
 .text.TIM_TI1_ConfigInputStage
                0x0000000008009b7c       0x5e Drivers/STM32F7xx_HAL_Driver/Src/stm32f7xx_hal_tim.o
 .text.TIM_TI2_ConfigInputStage
                0x0000000008009bda       0x60 Drivers/STM32F7xx_HAL_Driver/Src/stm32f7xx_hal_tim.o
 .text.TIM_ITRx_SetConfig
                0x0000000008009c3a       0x36 Drivers/STM32F7xx_HAL_Driver/Src/stm32f7xx_hal_tim.o
 .text.TIM_ETR_SetConfig
                0x0000000008009c70       0x40 Drivers/STM32F7xx_HAL_Driver/Src/stm32f7xx_hal_tim.o
                0x0000000008009c70                TIM_ETR_SetConfig
 .text.HAL_TIMEx_MasterConfigSynchronization
                0x0000000008009cb0      0x11c Drivers/STM32F7xx_HAL_Driver/Src/stm32f7xx_hal_tim_ex.o
                0x0000000008009cb0                HAL_TIMEx_MasterConfigSynchronization
 .text.HAL_TIMEx_ConfigBreakDeadTime
                0x0000000008009dcc       0xfc Drivers/STM32F7xx_HAL_Driver/Src/stm32f7xx_hal_tim_ex.o
                0x0000000008009dcc                HAL_TIMEx_ConfigBreakDeadTime
 .text.HAL_TIMEx_CommutCallback
                0x0000000008009ec8       0x14 Drivers/STM32F7xx_HAL_Driver/Src/stm32f7xx_hal_tim_ex.o
                0x0000000008009ec8                HAL_TIMEx_CommutCallback
 .text.HAL_TIMEx_BreakCallback
                0x0000000008009edc       0x14 Drivers/STM32F7xx_HAL_Driver/Src/stm32f7xx_hal_tim_ex.o
                0x0000000008009edc                HAL_TIMEx_BreakCallback
 .text.HAL_TIMEx_Break2Callback
                0x0000000008009ef0       0x14 Drivers/STM32F7xx_HAL_Driver/Src/stm32f7xx_hal_tim_ex.o
                0x0000000008009ef0                HAL_TIMEx_Break2Callback
 .text.HAL_UART_Init
                0x0000000008009f04       0x9c Drivers/STM32F7xx_HAL_Driver/Src/stm32f7xx_hal_uart.o
                0x0000000008009f04                HAL_UART_Init
 .text.HAL_UART_Receive_IT
                0x0000000008009fa0      0x144 Drivers/STM32F7xx_HAL_Driver/Src/stm32f7xx_hal_uart.o
                0x0000000008009fa0                HAL_UART_Receive_IT
 .text.HAL_UART_IRQHandler
                0x000000000800a0e4      0x264 Drivers/STM32F7xx_HAL_Driver/Src/stm32f7xx_hal_uart.o
                0x000000000800a0e4                HAL_UART_IRQHandler
 .text.HAL_UART_TxCpltCallback
                0x000000000800a348       0x14 Drivers/STM32F7xx_HAL_Driver/Src/stm32f7xx_hal_uart.o
                0x000000000800a348                HAL_UART_TxCpltCallback
 .text.HAL_UART_ErrorCallback
                0x000000000800a35c       0x14 Drivers/STM32F7xx_HAL_Driver/Src/stm32f7xx_hal_uart.o
                0x000000000800a35c                HAL_UART_ErrorCallback
 .text.UART_SetConfig
                0x000000000800a370      0x554 Drivers/STM32F7xx_HAL_Driver/Src/stm32f7xx_hal_uart.o
                0x000000000800a370                UART_SetConfig
 .text.UART_AdvFeatureConfig
                0x000000000800a8c4      0x144 Drivers/STM32F7xx_HAL_Driver/Src/stm32f7xx_hal_uart.o
                0x000000000800a8c4                UART_AdvFeatureConfig
 .text.UART_CheckIdleState
                0x000000000800aa08       0x5e Drivers/STM32F7xx_HAL_Driver/Src/stm32f7xx_hal_uart.o
                0x000000000800aa08                UART_CheckIdleState
 .text.UART_WaitOnFlagUntilTimeout
                0x000000000800aa66       0xf6 Drivers/STM32F7xx_HAL_Driver/Src/stm32f7xx_hal_uart.o
                0x000000000800aa66                UART_WaitOnFlagUntilTimeout
 .text.UART_EndRxTransfer
                0x000000000800ab5c       0x40 Drivers/STM32F7xx_HAL_Driver/Src/stm32f7xx_hal_uart.o
 .text.UART_DMAAbortOnError
                0x000000000800ab9c       0x2c Drivers/STM32F7xx_HAL_Driver/Src/stm32f7xx_hal_uart.o
 .text.UART_EndTransmit_IT
                0x000000000800abc8       0x32 Drivers/STM32F7xx_HAL_Driver/Src/stm32f7xx_hal_uart.o
 .text.UART_RxISR_8BIT
                0x000000000800abfa       0xa6 Drivers/STM32F7xx_HAL_Driver/Src/stm32f7xx_hal_uart.o
 .text.UART_RxISR_16BIT
                0x000000000800aca0       0xa6 Drivers/STM32F7xx_HAL_Driver/Src/stm32f7xx_hal_uart.o
 *fill*         0x000000000800ad46        0x2 
 .text.FMC_SDRAM_Init
                0x000000000800ad48       0xe4 Drivers/STM32F7xx_HAL_Driver/Src/stm32f7xx_ll_fmc.o
                0x000000000800ad48                FMC_SDRAM_Init
 .text.FMC_SDRAM_Timing_Init
                0x000000000800ae2c      0x100 Drivers/STM32F7xx_HAL_Driver/Src/stm32f7xx_ll_fmc.o
                0x000000000800ae2c                FMC_SDRAM_Timing_Init
 .text.FMC_SDRAM_SendCommand
                0x000000000800af2c       0x42 Drivers/STM32F7xx_HAL_Driver/Src/stm32f7xx_ll_fmc.o
                0x000000000800af2c                FMC_SDRAM_SendCommand
 .text.FMC_SDRAM_ProgramRefreshRate
                0x000000000800af6e       0x26 Drivers/STM32F7xx_HAL_Driver/Src/stm32f7xx_ll_fmc.o
                0x000000000800af6e                FMC_SDRAM_ProgramRefreshRate
 .text.makeFreeRtosPriority
                0x000000000800af94       0x30 Middlewares/Third_Party/FreeRTOS/Source/CMSIS_RTOS/cmsis_os.o
 .text.osKernelStart
                0x000000000800afc4        0xe Middlewares/Third_Party/FreeRTOS/Source/CMSIS_RTOS/cmsis_os.o
                0x000000000800afc4                osKernelStart
 .text.osThreadCreate
                0x000000000800afd2       0x98 Middlewares/Third_Party/FreeRTOS/Source/CMSIS_RTOS/cmsis_os.o
                0x000000000800afd2                osThreadCreate
 .text.osDelay  0x000000000800b06a       0x28 Middlewares/Third_Party/FreeRTOS/Source/CMSIS_RTOS/cmsis_os.o
                0x000000000800b06a                osDelay
 .text.osMutexCreate
                0x000000000800b092       0x30 Middlewares/Third_Party/FreeRTOS/Source/CMSIS_RTOS/cmsis_os.o
                0x000000000800b092                osMutexCreate
 .text.osMessageCreate
                0x000000000800b0c2       0x52 Middlewares/Third_Party/FreeRTOS/Source/CMSIS_RTOS/cmsis_os.o
                0x000000000800b0c2                osMessageCreate
 .text.vListInitialise
                0x000000000800b114       0x40 Middlewares/Third_Party/FreeRTOS/Source/list.o
                0x000000000800b114                vListInitialise
 .text.vListInitialiseItem
                0x000000000800b154       0x1a Middlewares/Third_Party/FreeRTOS/Source/list.o
                0x000000000800b154                vListInitialiseItem
 .text.vListInsertEnd
                0x000000000800b16e       0x48 Middlewares/Third_Party/FreeRTOS/Source/list.o
                0x000000000800b16e                vListInsertEnd
 .text.vListInsert
                0x000000000800b1b6       0x72 Middlewares/Third_Party/FreeRTOS/Source/list.o
                0x000000000800b1b6                vListInsert
 .text.uxListRemove
                0x000000000800b228       0x54 Middlewares/Third_Party/FreeRTOS/Source/list.o
                0x000000000800b228                uxListRemove
 .text.xQueueGenericReset
                0x000000000800b27c       0xd4 Middlewares/Third_Party/FreeRTOS/Source/queue.o
                0x000000000800b27c                xQueueGenericReset
 .text.xQueueGenericCreateStatic
                0x000000000800b350       0xfa Middlewares/Third_Party/FreeRTOS/Source/queue.o
                0x000000000800b350                xQueueGenericCreateStatic
 .text.xQueueGenericCreate
                0x000000000800b44a       0x82 Middlewares/Third_Party/FreeRTOS/Source/queue.o
                0x000000000800b44a                xQueueGenericCreate
 .text.prvInitialiseNewQueue
                0x000000000800b4cc       0x3e Middlewares/Third_Party/FreeRTOS/Source/queue.o
 .text.prvInitialiseMutex
                0x000000000800b50a       0x34 Middlewares/Third_Party/FreeRTOS/Source/queue.o
 .text.xQueueCreateMutex
                0x000000000800b53e       0x30 Middlewares/Third_Party/FreeRTOS/Source/queue.o
                0x000000000800b53e                xQueueCreateMutex
 .text.xQueueCreateMutexStatic
                0x000000000800b56e       0x36 Middlewares/Third_Party/FreeRTOS/Source/queue.o
                0x000000000800b56e                xQueueCreateMutexStatic
 .text.xQueueGenericSend
                0x000000000800b5a4      0x204 Middlewares/Third_Party/FreeRTOS/Source/queue.o
                0x000000000800b5a4                xQueueGenericSend
 .text.xQueueReceive
                0x000000000800b7a8      0x1c4 Middlewares/Third_Party/FreeRTOS/Source/queue.o
                0x000000000800b7a8                xQueueReceive
 .text.xQueueSemaphoreTake
                0x000000000800b96c      0x220 Middlewares/Third_Party/FreeRTOS/Source/queue.o
                0x000000000800b96c                xQueueSemaphoreTake
 .text.prvGetDisinheritPriorityAfterTimeout
                0x000000000800bb8c       0x30 Middlewares/Third_Party/FreeRTOS/Source/queue.o
 .text.prvCopyDataToQueue
                0x000000000800bbbc       0xd4 Middlewares/Third_Party/FreeRTOS/Source/queue.o
 .text.prvCopyDataFromQueue
                0x000000000800bc90       0x4c Middlewares/Third_Party/FreeRTOS/Source/queue.o
 .text.prvUnlockQueue
                0x000000000800bcdc       0xa4 Middlewares/Third_Party/FreeRTOS/Source/queue.o
 .text.prvIsQueueEmpty
                0x000000000800bd80       0x2c Middlewares/Third_Party/FreeRTOS/Source/queue.o
 .text.prvIsQueueFull
                0x000000000800bdac       0x30 Middlewares/Third_Party/FreeRTOS/Source/queue.o
 .text.xTaskCreateStatic
                0x000000000800bddc       0xc0 Middlewares/Third_Party/FreeRTOS/Source/tasks.o
                0x000000000800bddc                xTaskCreateStatic
 .text.xTaskCreate
                0x000000000800be9c       0x8a Middlewares/Third_Party/FreeRTOS/Source/tasks.o
                0x000000000800be9c                xTaskCreate
 .text.prvInitialiseNewTask
                0x000000000800bf26      0x110 Middlewares/Third_Party/FreeRTOS/Source/tasks.o
 *fill*         0x000000000800c036        0x2 
 .text.prvAddNewTaskToReadyList
                0x000000000800c038       0xd4 Middlewares/Third_Party/FreeRTOS/Source/tasks.o
 .text.vTaskDelete
                0x000000000800c10c      0x120 Middlewares/Third_Party/FreeRTOS/Source/tasks.o
                0x000000000800c10c                vTaskDelete
 .text.vTaskDelayUntil
                0x000000000800c22c      0x100 Middlewares/Third_Party/FreeRTOS/Source/tasks.o
                0x000000000800c22c                vTaskDelayUntil
 .text.vTaskDelay
                0x000000000800c32c       0x6c Middlewares/Third_Party/FreeRTOS/Source/tasks.o
                0x000000000800c32c                vTaskDelay
 .text.vTaskStartScheduler
                0x000000000800c398       0xc4 Middlewares/Third_Party/FreeRTOS/Source/tasks.o
                0x000000000800c398                vTaskStartScheduler
 .text.vTaskSuspendAll
                0x000000000800c45c       0x1c Middlewares/Third_Party/FreeRTOS/Source/tasks.o
                0x000000000800c45c                vTaskSuspendAll
 .text.xTaskResumeAll
                0x000000000800c478      0x13c Middlewares/Third_Party/FreeRTOS/Source/tasks.o
                0x000000000800c478                xTaskResumeAll
 .text.xTaskGetTickCount
                0x000000000800c5b4       0x20 Middlewares/Third_Party/FreeRTOS/Source/tasks.o
                0x000000000800c5b4                xTaskGetTickCount
 .text.xTaskIncrementTick
                0x000000000800c5d4      0x174 Middlewares/Third_Party/FreeRTOS/Source/tasks.o
                0x000000000800c5d4                xTaskIncrementTick
 .text.vTaskSwitchContext
                0x000000000800c748       0xb8 Middlewares/Third_Party/FreeRTOS/Source/tasks.o
                0x000000000800c748                vTaskSwitchContext
 .text.vTaskPlaceOnEventList
                0x000000000800c800       0x4c Middlewares/Third_Party/FreeRTOS/Source/tasks.o
                0x000000000800c800                vTaskPlaceOnEventList
 .text.xTaskRemoveFromEventList
                0x000000000800c84c       0xc8 Middlewares/Third_Party/FreeRTOS/Source/tasks.o
                0x000000000800c84c                xTaskRemoveFromEventList
 .text.vTaskInternalSetTimeOutState
                0x000000000800c914       0x2c Middlewares/Third_Party/FreeRTOS/Source/tasks.o
                0x000000000800c914                vTaskInternalSetTimeOutState
 .text.xTaskCheckForTimeOut
                0x000000000800c940       0xc8 Middlewares/Third_Party/FreeRTOS/Source/tasks.o
                0x000000000800c940                xTaskCheckForTimeOut
 .text.vTaskMissedYield
                0x000000000800ca08       0x18 Middlewares/Third_Party/FreeRTOS/Source/tasks.o
                0x000000000800ca08                vTaskMissedYield
 .text.prvIdleTask
                0x000000000800ca20       0x30 Middlewares/Third_Party/FreeRTOS/Source/tasks.o
 .text.prvInitialiseTaskLists
                0x000000000800ca50       0x80 Middlewares/Third_Party/FreeRTOS/Source/tasks.o
 .text.prvCheckTasksWaitingTermination
                0x000000000800cad0       0x58 Middlewares/Third_Party/FreeRTOS/Source/tasks.o
 .text.prvDeleteTCB
                0x000000000800cb28       0x60 Middlewares/Third_Party/FreeRTOS/Source/tasks.o
 .text.prvResetNextTaskUnblockTime
                0x000000000800cb88       0x40 Middlewares/Third_Party/FreeRTOS/Source/tasks.o
 .text.xTaskGetSchedulerState
                0x000000000800cbc8       0x3c Middlewares/Third_Party/FreeRTOS/Source/tasks.o
                0x000000000800cbc8                xTaskGetSchedulerState
 .text.xTaskPriorityInherit
                0x000000000800cc04      0x100 Middlewares/Third_Party/FreeRTOS/Source/tasks.o
                0x000000000800cc04                xTaskPriorityInherit
 .text.xTaskPriorityDisinherit
                0x000000000800cd04      0x110 Middlewares/Third_Party/FreeRTOS/Source/tasks.o
                0x000000000800cd04                xTaskPriorityDisinherit
 .text.vTaskPriorityDisinheritAfterTimeout
                0x000000000800ce14      0x138 Middlewares/Third_Party/FreeRTOS/Source/tasks.o
                0x000000000800ce14                vTaskPriorityDisinheritAfterTimeout
 .text.pvTaskIncrementMutexHeldCount
                0x000000000800cf4c       0x28 Middlewares/Third_Party/FreeRTOS/Source/tasks.o
                0x000000000800cf4c                pvTaskIncrementMutexHeldCount
 .text.prvAddCurrentTaskToDelayedList
                0x000000000800cf74       0xcc Middlewares/Third_Party/FreeRTOS/Source/tasks.o
 .text.pxPortInitialiseStack
                0x000000000800d040       0x68 Middlewares/Third_Party/FreeRTOS/Source/portable/GCC/ARM_CM7/r0p1/port.o
                0x000000000800d040                pxPortInitialiseStack
 .text.prvTaskExitError
                0x000000000800d0a8       0x5c Middlewares/Third_Party/FreeRTOS/Source/portable/GCC/ARM_CM7/r0p1/port.o
 *fill*         0x000000000800d104        0xc 
 .text.SVC_Handler
                0x000000000800d110       0x28 Middlewares/Third_Party/FreeRTOS/Source/portable/GCC/ARM_CM7/r0p1/port.o
                0x000000000800d110                SVC_Handler
 .text.prvPortStartFirstTask
                0x000000000800d138       0x28 Middlewares/Third_Party/FreeRTOS/Source/portable/GCC/ARM_CM7/r0p1/port.o
 .text.xPortStartScheduler
                0x000000000800d160       0xf8 Middlewares/Third_Party/FreeRTOS/Source/portable/GCC/ARM_CM7/r0p1/port.o
                0x000000000800d160                xPortStartScheduler
 .text.vPortEnterCritical
                0x000000000800d258       0x64 Middlewares/Third_Party/FreeRTOS/Source/portable/GCC/ARM_CM7/r0p1/port.o
                0x000000000800d258                vPortEnterCritical
 .text.vPortExitCritical
                0x000000000800d2bc       0x54 Middlewares/Third_Party/FreeRTOS/Source/portable/GCC/ARM_CM7/r0p1/port.o
                0x000000000800d2bc                vPortExitCritical
 .text.PendSV_Handler
                0x000000000800d310       0x68 Middlewares/Third_Party/FreeRTOS/Source/portable/GCC/ARM_CM7/r0p1/port.o
                0x000000000800d310                PendSV_Handler
 .text.SysTick_Handler
                0x000000000800d378       0x44 Middlewares/Third_Party/FreeRTOS/Source/portable/GCC/ARM_CM7/r0p1/port.o
                0x000000000800d378                SysTick_Handler
 .text.vPortSetupTimerInterrupt
                0x000000000800d3bc       0x48 Middlewares/Third_Party/FreeRTOS/Source/portable/GCC/ARM_CM7/r0p1/port.o
                0x000000000800d3bc                vPortSetupTimerInterrupt
 .text.vPortEnableVFP
                0x000000000800d404       0x14 Middlewares/Third_Party/FreeRTOS/Source/portable/GCC/ARM_CM7/r0p1/port.o
 .text.pvPortMalloc
                0x000000000800d418      0x190 Middlewares/Third_Party/FreeRTOS/Source/portable/MemMang/heap_4.o
                0x000000000800d418                pvPortMalloc
 .text.vPortFree
                0x000000000800d5a8       0xb8 Middlewares/Third_Party/FreeRTOS/Source/portable/MemMang/heap_4.o
                0x000000000800d5a8                vPortFree
 .text.prvHeapInit
                0x000000000800d660       0xc4 Middlewares/Third_Party/FreeRTOS/Source/portable/MemMang/heap_4.o
 .text.prvInsertBlockIntoFreeList
                0x000000000800d724       0xb4 Middlewares/Third_Party/FreeRTOS/Source/portable/MemMang/heap_4.o
 .text.__errno  0x000000000800d7d8        0xc c:/st/stm32cubeide_1.5.1/stm32cubeide/plugins/com.st.stm32cube.ide.mcu.externaltools.gnu-tools-for-stm32.7-2018-q2-update.win32_1.5.0.202011040924/tools/bin/../lib/gcc/arm-none-eabi/7.3.1/../../../../arm-none-eabi/lib/thumb/v7e-m/fpv4-sp/hard\libc_nano.a(lib_a-errno.o)
                0x000000000800d7d8                __errno
 .text.__libc_init_array
                0x000000000800d7e4       0x48 c:/st/stm32cubeide_1.5.1/stm32cubeide/plugins/com.st.stm32cube.ide.mcu.externaltools.gnu-tools-for-stm32.7-2018-q2-update.win32_1.5.0.202011040924/tools/bin/../lib/gcc/arm-none-eabi/7.3.1/../../../../arm-none-eabi/lib/thumb/v7e-m/fpv4-sp/hard\libc_nano.a(lib_a-init.o)
                0x000000000800d7e4                __libc_init_array
 .text.memcpy   0x000000000800d82c       0x16 c:/st/stm32cubeide_1.5.1/stm32cubeide/plugins/com.st.stm32cube.ide.mcu.externaltools.gnu-tools-for-stm32.7-2018-q2-update.win32_1.5.0.202011040924/tools/bin/../lib/gcc/arm-none-eabi/7.3.1/../../../../arm-none-eabi/lib/thumb/v7e-m/fpv4-sp/hard\libc_nano.a(lib_a-memcpy-stub.o)
                0x000000000800d82c                memcpy
 .text.memset   0x000000000800d842       0x10 c:/st/stm32cubeide_1.5.1/stm32cubeide/plugins/com.st.stm32cube.ide.mcu.externaltools.gnu-tools-for-stm32.7-2018-q2-update.win32_1.5.0.202011040924/tools/bin/../lib/gcc/arm-none-eabi/7.3.1/../../../../arm-none-eabi/lib/thumb/v7e-m/fpv4-sp/hard\libc_nano.a(lib_a-memset.o)
                0x000000000800d842                memset
 *fill*         0x000000000800d852        0x2 
 .text.sprintf  0x000000000800d854       0x40 c:/st/stm32cubeide_1.5.1/stm32cubeide/plugins/com.st.stm32cube.ide.mcu.externaltools.gnu-tools-for-stm32.7-2018-q2-update.win32_1.5.0.202011040924/tools/bin/../lib/gcc/arm-none-eabi/7.3.1/../../../../arm-none-eabi/lib/thumb/v7e-m/fpv4-sp/hard\libc_nano.a(lib_a-sprintf.o)
                0x000000000800d854                siprintf
                0x000000000800d854                sprintf
 .text.__ssputs_r
                0x000000000800d894       0xb4 c:/st/stm32cubeide_1.5.1/stm32cubeide/plugins/com.st.stm32cube.ide.mcu.externaltools.gnu-tools-for-stm32.7-2018-q2-update.win32_1.5.0.202011040924/tools/bin/../lib/gcc/arm-none-eabi/7.3.1/../../../../arm-none-eabi/lib/thumb/v7e-m/fpv4-sp/hard\libc_nano.a(lib_a-nano-svfprintf.o)
                0x000000000800d894                __ssputs_r
 .text._svfprintf_r
                0x000000000800d948      0x1f0 c:/st/stm32cubeide_1.5.1/stm32cubeide/plugins/com.st.stm32cube.ide.mcu.externaltools.gnu-tools-for-stm32.7-2018-q2-update.win32_1.5.0.202011040924/tools/bin/../lib/gcc/arm-none-eabi/7.3.1/../../../../arm-none-eabi/lib/thumb/v7e-m/fpv4-sp/hard\libc_nano.a(lib_a-nano-svfprintf.o)
                0x000000000800d948                _svfiprintf_r
                0x000000000800d948                _svfprintf_r
 .text._printf_common
                0x000000000800db38       0xea c:/st/stm32cubeide_1.5.1/stm32cubeide/plugins/com.st.stm32cube.ide.mcu.externaltools.gnu-tools-for-stm32.7-2018-q2-update.win32_1.5.0.202011040924/tools/bin/../lib/gcc/arm-none-eabi/7.3.1/../../../../arm-none-eabi/lib/thumb/v7e-m/fpv4-sp/hard\libc_nano.a(lib_a-nano-vfprintf_i.o)
                0x000000000800db38                _printf_common
 *fill*         0x000000000800dc22        0x2 
 .text._printf_i
                0x000000000800dc24      0x224 c:/st/stm32cubeide_1.5.1/stm32cubeide/plugins/com.st.stm32cube.ide.mcu.externaltools.gnu-tools-for-stm32.7-2018-q2-update.win32_1.5.0.202011040924/tools/bin/../lib/gcc/arm-none-eabi/7.3.1/../../../../arm-none-eabi/lib/thumb/v7e-m/fpv4-sp/hard\libc_nano.a(lib_a-nano-vfprintf_i.o)
                0x000000000800dc24                _printf_i
 .text.memmove  0x000000000800de48       0x32 c:/st/stm32cubeide_1.5.1/stm32cubeide/plugins/com.st.stm32cube.ide.mcu.externaltools.gnu-tools-for-stm32.7-2018-q2-update.win32_1.5.0.202011040924/tools/bin/../lib/gcc/arm-none-eabi/7.3.1/../../../../arm-none-eabi/lib/thumb/v7e-m/fpv4-sp/hard\libc_nano.a(lib_a-memmove.o)
                0x000000000800de48                memmove
 *fill*         0x000000000800de7a        0x2 
 .text._free_r  0x000000000800de7c       0x9c c:/st/stm32cubeide_1.5.1/stm32cubeide/plugins/com.st.stm32cube.ide.mcu.externaltools.gnu-tools-for-stm32.7-2018-q2-update.win32_1.5.0.202011040924/tools/bin/../lib/gcc/arm-none-eabi/7.3.1/../../../../arm-none-eabi/lib/thumb/v7e-m/fpv4-sp/hard\libc_nano.a(lib_a-nano-freer.o)
                0x000000000800de7c                _free_r
 .text._malloc_r
                0x000000000800df18       0xb4 c:/st/stm32cubeide_1.5.1/stm32cubeide/plugins/com.st.stm32cube.ide.mcu.externaltools.gnu-tools-for-stm32.7-2018-q2-update.win32_1.5.0.202011040924/tools/bin/../lib/gcc/arm-none-eabi/7.3.1/../../../../arm-none-eabi/lib/thumb/v7e-m/fpv4-sp/hard\libc_nano.a(lib_a-nano-mallocr.o)
                0x000000000800df18                _malloc_r
 .text._realloc_r
                0x000000000800dfcc       0x4c c:/st/stm32cubeide_1.5.1/stm32cubeide/plugins/com.st.stm32cube.ide.mcu.externaltools.gnu-tools-for-stm32.7-2018-q2-update.win32_1.5.0.202011040924/tools/bin/../lib/gcc/arm-none-eabi/7.3.1/../../../../arm-none-eabi/lib/thumb/v7e-m/fpv4-sp/hard\libc_nano.a(lib_a-nano-reallocr.o)
                0x000000000800dfcc                _realloc_r
 .text._sbrk_r  0x000000000800e018       0x20 c:/st/stm32cubeide_1.5.1/stm32cubeide/plugins/com.st.stm32cube.ide.mcu.externaltools.gnu-tools-for-stm32.7-2018-q2-update.win32_1.5.0.202011040924/tools/bin/../lib/gcc/arm-none-eabi/7.3.1/../../../../arm-none-eabi/lib/thumb/v7e-m/fpv4-sp/hard\libc_nano.a(lib_a-sbrkr.o)
                0x000000000800e018                _sbrk_r
 .text.__malloc_lock
                0x000000000800e038        0x2 c:/st/stm32cubeide_1.5.1/stm32cubeide/plugins/com.st.stm32cube.ide.mcu.externaltools.gnu-tools-for-stm32.7-2018-q2-update.win32_1.5.0.202011040924/tools/bin/../lib/gcc/arm-none-eabi/7.3.1/../../../../arm-none-eabi/lib/thumb/v7e-m/fpv4-sp/hard\libc_nano.a(lib_a-mlock.o)
                0x000000000800e038                __malloc_lock
 .text.__malloc_unlock
                0x000000000800e03a        0x2 c:/st/stm32cubeide_1.5.1/stm32cubeide/plugins/com.st.stm32cube.ide.mcu.externaltools.gnu-tools-for-stm32.7-2018-q2-update.win32_1.5.0.202011040924/tools/bin/../lib/gcc/arm-none-eabi/7.3.1/../../../../arm-none-eabi/lib/thumb/v7e-m/fpv4-sp/hard\libc_nano.a(lib_a-mlock.o)
                0x000000000800e03a                __malloc_unlock
 .text._malloc_usable_size_r
                0x000000000800e03c       0x10 c:/st/stm32cubeide_1.5.1/stm32cubeide/plugins/com.st.stm32cube.ide.mcu.externaltools.gnu-tools-for-stm32.7-2018-q2-update.win32_1.5.0.202011040924/tools/bin/../lib/gcc/arm-none-eabi/7.3.1/../../../../arm-none-eabi/lib/thumb/v7e-m/fpv4-sp/hard\libc_nano.a(lib_a-nano-msizer.o)
                0x000000000800e03c                _malloc_usable_size_r
 *(.glue_7)
 .glue_7        0x000000000800e04c        0x0 linker stubs
 *(.glue_7t)
 .glue_7t       0x000000000800e04c        0x0 linker stubs
 *(.eh_frame)
 .eh_frame      0x000000000800e04c        0x0 c:/st/stm32cubeide_1.5.1/stm32cubeide/plugins/com.st.stm32cube.ide.mcu.externaltools.gnu-tools-for-stm32.7-2018-q2-update.win32_1.5.0.202011040924/tools/bin/../lib/gcc/arm-none-eabi/7.3.1/thumb/v7e-m/fpv4-sp/hard/crtbegin.o
 *(.init)
 .init          0x000000000800e04c        0x4 c:/st/stm32cubeide_1.5.1/stm32cubeide/plugins/com.st.stm32cube.ide.mcu.externaltools.gnu-tools-for-stm32.7-2018-q2-update.win32_1.5.0.202011040924/tools/bin/../lib/gcc/arm-none-eabi/7.3.1/thumb/v7e-m/fpv4-sp/hard/crti.o
                0x000000000800e04c                _init
 .init          0x000000000800e050        0x8 c:/st/stm32cubeide_1.5.1/stm32cubeide/plugins/com.st.stm32cube.ide.mcu.externaltools.gnu-tools-for-stm32.7-2018-q2-update.win32_1.5.0.202011040924/tools/bin/../lib/gcc/arm-none-eabi/7.3.1/thumb/v7e-m/fpv4-sp/hard/crtn.o
 *(.fini)
 .fini          0x000000000800e058        0x4 c:/st/stm32cubeide_1.5.1/stm32cubeide/plugins/com.st.stm32cube.ide.mcu.externaltools.gnu-tools-for-stm32.7-2018-q2-update.win32_1.5.0.202011040924/tools/bin/../lib/gcc/arm-none-eabi/7.3.1/thumb/v7e-m/fpv4-sp/hard/crti.o
                0x000000000800e058                _fini
 .fini          0x000000000800e05c        0x8 c:/st/stm32cubeide_1.5.1/stm32cubeide/plugins/com.st.stm32cube.ide.mcu.externaltools.gnu-tools-for-stm32.7-2018-q2-update.win32_1.5.0.202011040924/tools/bin/../lib/gcc/arm-none-eabi/7.3.1/thumb/v7e-m/fpv4-sp/hard/crtn.o
                0x000000000800e064                . = ALIGN (0x4)
                0x000000000800e064                _etext = .

.vfp11_veneer   0x000000000800e064        0x0
 .vfp11_veneer  0x000000000800e064        0x0 linker stubs

.v4_bx          0x000000000800e064        0x0
 .v4_bx         0x000000000800e064        0x0 linker stubs

.iplt           0x000000000800e064        0x0
 .iplt          0x000000000800e064        0x0 c:/st/stm32cubeide_1.5.1/stm32cubeide/plugins/com.st.stm32cube.ide.mcu.externaltools.gnu-tools-for-stm32.7-2018-q2-update.win32_1.5.0.202011040924/tools/bin/../lib/gcc/arm-none-eabi/7.3.1/thumb/v7e-m/fpv4-sp/hard/crtbegin.o

.rodata         0x000000000800e064     0x206c
                0x000000000800e064                . = ALIGN (0x4)
 *(.rodata)
 .rodata        0x000000000800e064       0xe1 Core/Src/main.o
 *fill*         0x000000000800e145        0x3 
 .rodata        0x000000000800e148        0x5 Middlewares/Third_Party/FreeRTOS/Source/tasks.o
 *(.rodata*)
 *fill*         0x000000000800e14d        0x3 
 .rodata.Font24_Table
                0x000000000800e150     0x1ab8 Core/Src/stm32746g_discovery_lcd.o
                0x000000000800e150                Font24_Table
 .rodata.Font12_Table
                0x000000000800fc08      0x474 Core/Src/stm32746g_discovery_lcd.o
                0x000000000800fc08                Font12_Table
 .rodata.AHBPrescTable
                0x000000000801007c       0x10 Core/Src/system_stm32f7xx.o
                0x000000000801007c                AHBPrescTable
 .rodata.APBPrescTable
                0x000000000801008c        0x8 Core/Src/system_stm32f7xx.o
                0x000000000801008c                APBPrescTable
 .rodata.flagBitshiftOffset.9876
                0x0000000008010094        0x8 Drivers/STM32F7xx_HAL_Driver/Src/stm32f7xx_hal_dma.o
 .rodata._svfprintf_r.str1.1
                0x000000000801009c       0x11 c:/st/stm32cubeide_1.5.1/stm32cubeide/plugins/com.st.stm32cube.ide.mcu.externaltools.gnu-tools-for-stm32.7-2018-q2-update.win32_1.5.0.202011040924/tools/bin/../lib/gcc/arm-none-eabi/7.3.1/../../../../arm-none-eabi/lib/thumb/v7e-m/fpv4-sp/hard\libc_nano.a(lib_a-nano-svfprintf.o)
 .rodata._printf_i.str1.1
                0x00000000080100ad       0x22 c:/st/stm32cubeide_1.5.1/stm32cubeide/plugins/com.st.stm32cube.ide.mcu.externaltools.gnu-tools-for-stm32.7-2018-q2-update.win32_1.5.0.202011040924/tools/bin/../lib/gcc/arm-none-eabi/7.3.1/../../../../arm-none-eabi/lib/thumb/v7e-m/fpv4-sp/hard\libc_nano.a(lib_a-nano-vfprintf_i.o)
                0x00000000080100d0                . = ALIGN (0x4)
 *fill*         0x00000000080100cf        0x1 

.ARM.extab      0x00000000080100d0        0x0
                0x00000000080100d0                . = ALIGN (0x4)
 *(.ARM.extab* .gnu.linkonce.armextab.*)
                0x00000000080100d0                . = ALIGN (0x4)

.ARM            0x00000000080100d0        0x8
                0x00000000080100d0                . = ALIGN (0x4)
                0x00000000080100d0                __exidx_start = .
 *(.ARM.exidx*)
 .ARM.exidx     0x00000000080100d0        0x8 c:/st/stm32cubeide_1.5.1/stm32cubeide/plugins/com.st.stm32cube.ide.mcu.externaltools.gnu-tools-for-stm32.7-2018-q2-update.win32_1.5.0.202011040924/tools/bin/../lib/gcc/arm-none-eabi/7.3.1/thumb/v7e-m/fpv4-sp/hard\libgcc.a(_udivmoddi4.o)
                0x00000000080100d8                __exidx_end = .
                0x00000000080100d8                . = ALIGN (0x4)

.rel.dyn        0x00000000080100d8        0x0
 .rel.iplt      0x00000000080100d8        0x0 c:/st/stm32cubeide_1.5.1/stm32cubeide/plugins/com.st.stm32cube.ide.mcu.externaltools.gnu-tools-for-stm32.7-2018-q2-update.win32_1.5.0.202011040924/tools/bin/../lib/gcc/arm-none-eabi/7.3.1/thumb/v7e-m/fpv4-sp/hard/crtbegin.o

.preinit_array  0x00000000080100d8        0x0
                0x00000000080100d8                . = ALIGN (0x4)
                0x00000000080100d8                PROVIDE (__preinit_array_start = .)
 *(.preinit_array*)
                0x00000000080100d8                PROVIDE (__preinit_array_end = .)
                0x00000000080100d8                . = ALIGN (0x4)

.init_array     0x00000000080100d8        0x4
                0x00000000080100d8                . = ALIGN (0x4)
                0x00000000080100d8                PROVIDE (__init_array_start = .)
 *(SORT_BY_NAME(.init_array.*))
 *(.init_array*)
 .init_array    0x00000000080100d8        0x4 c:/st/stm32cubeide_1.5.1/stm32cubeide/plugins/com.st.stm32cube.ide.mcu.externaltools.gnu-tools-for-stm32.7-2018-q2-update.win32_1.5.0.202011040924/tools/bin/../lib/gcc/arm-none-eabi/7.3.1/thumb/v7e-m/fpv4-sp/hard/crtbegin.o
                0x00000000080100dc                PROVIDE (__init_array_end = .)
                0x00000000080100dc                . = ALIGN (0x4)

.fini_array     0x00000000080100dc        0x4
                0x00000000080100dc                . = ALIGN (0x4)
                [!provide]                        PROVIDE (__fini_array_start = .)
 *(SORT_BY_NAME(.fini_array.*))
 *(.fini_array*)
 .fini_array    0x00000000080100dc        0x4 c:/st/stm32cubeide_1.5.1/stm32cubeide/plugins/com.st.stm32cube.ide.mcu.externaltools.gnu-tools-for-stm32.7-2018-q2-update.win32_1.5.0.202011040924/tools/bin/../lib/gcc/arm-none-eabi/7.3.1/thumb/v7e-m/fpv4-sp/hard/crtbegin.o
                [!provide]                        PROVIDE (__fini_array_end = .)
                0x00000000080100e0                . = ALIGN (0x4)
                0x00000000080100e0                _sidata = LOADADDR (.data)

.data           0x0000000020000000       0xbc load address 0x00000000080100e0
                0x0000000020000000                . = ALIGN (0x4)
                0x0000000020000000                _sdata = .
 *(.data)
 *(.data*)
 .data.ft5336_ts_drv
                0x0000000020000000       0x28 Core/Src/ft5336.o
                0x0000000020000000                ft5336_ts_drv
 .data.positions_chat_souris
                0x0000000020000028        0x8 Core/Src/main.o
                0x0000000020000028                positions_chat_souris
 .data.commandes_chat
                0x0000000020000030        0x4 Core/Src/main.o
                0x0000000020000030                commandes_chat
 .data.Font24   0x0000000020000034        0x8 Core/Src/stm32746g_discovery_lcd.o
                0x0000000020000034                Font24
 .data.Font12   0x000000002000003c        0x8 Core/Src/stm32746g_discovery_lcd.o
                0x000000002000003c                Font12
 .data.sdramstatus.9792
                0x0000000020000044        0x1 Core/Src/stm32746g_discovery_sdram.o
 *fill*         0x0000000020000045        0x3 
 .data.SystemCoreClock
                0x0000000020000048        0x4 Core/Src/system_stm32f7xx.o
                0x0000000020000048                SystemCoreClock
 .data.uwTickPrio
                0x000000002000004c        0x4 Drivers/STM32F7xx_HAL_Driver/Src/stm32f7xx_hal.o
                0x000000002000004c                uwTickPrio
 .data.uwTickFreq
                0x0000000020000050        0x1 Drivers/STM32F7xx_HAL_Driver/Src/stm32f7xx_hal.o
                0x0000000020000050                uwTickFreq
 *fill*         0x0000000020000051        0x3 
 .data.uxCriticalNesting
                0x0000000020000054        0x4 Middlewares/Third_Party/FreeRTOS/Source/portable/GCC/ARM_CM7/r0p1/port.o
 .data._impure_ptr
                0x0000000020000058        0x4 c:/st/stm32cubeide_1.5.1/stm32cubeide/plugins/com.st.stm32cube.ide.mcu.externaltools.gnu-tools-for-stm32.7-2018-q2-update.win32_1.5.0.202011040924/tools/bin/../lib/gcc/arm-none-eabi/7.3.1/../../../../arm-none-eabi/lib/thumb/v7e-m/fpv4-sp/hard\libc_nano.a(lib_a-impure.o)
                0x0000000020000058                _impure_ptr
 .data.impure_data
                0x000000002000005c       0x60 c:/st/stm32cubeide_1.5.1/stm32cubeide/plugins/com.st.stm32cube.ide.mcu.externaltools.gnu-tools-for-stm32.7-2018-q2-update.win32_1.5.0.202011040924/tools/bin/../lib/gcc/arm-none-eabi/7.3.1/../../../../arm-none-eabi/lib/thumb/v7e-m/fpv4-sp/hard\libc_nano.a(lib_a-impure.o)
 *(.RamFunc)
 *(.RamFunc*)
                0x00000000200000bc                . = ALIGN (0x4)
                0x00000000200000bc                _edata = .

.igot.plt       0x00000000200000bc        0x0 load address 0x000000000801019c
 .igot.plt      0x00000000200000bc        0x0 c:/st/stm32cubeide_1.5.1/stm32cubeide/plugins/com.st.stm32cube.ide.mcu.externaltools.gnu-tools-for-stm32.7-2018-q2-update.win32_1.5.0.202011040924/tools/bin/../lib/gcc/arm-none-eabi/7.3.1/thumb/v7e-m/fpv4-sp/hard/crtbegin.o
                0x00000000200000bc                . = ALIGN (0x4)

.bss            0x00000000200000bc     0x8c80 load address 0x000000000801019c
                0x00000000200000bc                _sbss = .
                0x00000000200000bc                __bss_start__ = _sbss
 *(.bss)
 .bss           0x00000000200000bc       0x1c c:/st/stm32cubeide_1.5.1/stm32cubeide/plugins/com.st.stm32cube.ide.mcu.externaltools.gnu-tools-for-stm32.7-2018-q2-update.win32_1.5.0.202011040924/tools/bin/../lib/gcc/arm-none-eabi/7.3.1/thumb/v7e-m/fpv4-sp/hard/crtbegin.o
 *(.bss*)
 .bss.xIdleTaskTCBBuffer
                0x00000000200000d8       0x54 Core/Src/freertos.o
 .bss.xIdleStack
                0x000000002000012c      0x200 Core/Src/freertos.o
 .bss.ft5336_handle
                0x000000002000032c        0x3 Core/Src/ft5336.o
 *fill*         0x000000002000032f        0x1 
 .bss.coord.5529
                0x0000000020000330        0x2 Core/Src/ft5336.o
 *fill*         0x0000000020000332        0x2 
 .bss.hI2cAudioHandler
                0x0000000020000334       0x4c Core/Src/stm32746g_discovery.o
 .bss.hDma2dHandler
                0x0000000020000380       0x40 Core/Src/stm32746g_discovery_lcd.o
 .bss.ActiveLayer
                0x00000000200003c0        0x4 Core/Src/stm32746g_discovery_lcd.o
 .bss.DrawProp  0x00000000200003c4       0x18 Core/Src/stm32746g_discovery_lcd.o
 .bss.periph_clk_init_struct.10379
                0x00000000200003dc       0x84 Core/Src/stm32746g_discovery_lcd.o
 .bss.Timing    0x0000000020000460       0x1c Core/Src/stm32746g_discovery_sdram.o
 .bss.Command   0x000000002000047c       0x10 Core/Src/stm32746g_discovery_sdram.o
 .bss.dma_handle.9828
                0x000000002000048c       0x60 Core/Src/stm32746g_discovery_sdram.o
 .bss.tsDriver  0x00000000200004ec        0x4 Core/Src/stm32746g_discovery_ts.o
 .bss.tsXBoundary
                0x00000000200004f0        0x2 Core/Src/stm32746g_discovery_ts.o
 .bss.tsYBoundary
                0x00000000200004f2        0x2 Core/Src/stm32746g_discovery_ts.o
 .bss.tsOrientation
                0x00000000200004f4        0x1 Core/Src/stm32746g_discovery_ts.o
 .bss.I2cAddress
                0x00000000200004f5        0x1 Core/Src/stm32746g_discovery_ts.o
 *fill*         0x00000000200004f6        0x2 
 .bss.FMC_Initialized
                0x00000000200004f8        0x4 Core/Src/stm32f7xx_hal_msp.o
 .bss.__sbrk_heap_end
                0x00000000200004fc        0x4 Core/Src/sysmem.o
 .bss.pxCurrentTCB
                0x0000000020000500        0x4 Middlewares/Third_Party/FreeRTOS/Source/tasks.o
                0x0000000020000500                pxCurrentTCB
 .bss.pxReadyTasksLists
                0x0000000020000504       0x8c Middlewares/Third_Party/FreeRTOS/Source/tasks.o
 .bss.xDelayedTaskList1
                0x0000000020000590       0x14 Middlewares/Third_Party/FreeRTOS/Source/tasks.o
 .bss.xDelayedTaskList2
                0x00000000200005a4       0x14 Middlewares/Third_Party/FreeRTOS/Source/tasks.o
 .bss.pxDelayedTaskList
                0x00000000200005b8        0x4 Middlewares/Third_Party/FreeRTOS/Source/tasks.o
 .bss.pxOverflowDelayedTaskList
                0x00000000200005bc        0x4 Middlewares/Third_Party/FreeRTOS/Source/tasks.o
 .bss.xPendingReadyList
                0x00000000200005c0       0x14 Middlewares/Third_Party/FreeRTOS/Source/tasks.o
 .bss.xTasksWaitingTermination
                0x00000000200005d4       0x14 Middlewares/Third_Party/FreeRTOS/Source/tasks.o
 .bss.uxDeletedTasksWaitingCleanUp
                0x00000000200005e8        0x4 Middlewares/Third_Party/FreeRTOS/Source/tasks.o
 .bss.xSuspendedTaskList
                0x00000000200005ec       0x14 Middlewares/Third_Party/FreeRTOS/Source/tasks.o
 .bss.uxCurrentNumberOfTasks
                0x0000000020000600        0x4 Middlewares/Third_Party/FreeRTOS/Source/tasks.o
 .bss.xTickCount
                0x0000000020000604        0x4 Middlewares/Third_Party/FreeRTOS/Source/tasks.o
 .bss.uxTopReadyPriority
                0x0000000020000608        0x4 Middlewares/Third_Party/FreeRTOS/Source/tasks.o
 .bss.xSchedulerRunning
                0x000000002000060c        0x4 Middlewares/Third_Party/FreeRTOS/Source/tasks.o
 .bss.uxPendedTicks
                0x0000000020000610        0x4 Middlewares/Third_Party/FreeRTOS/Source/tasks.o
 .bss.xYieldPending
                0x0000000020000614        0x4 Middlewares/Third_Party/FreeRTOS/Source/tasks.o
 .bss.xNumOfOverflows
                0x0000000020000618        0x4 Middlewares/Third_Party/FreeRTOS/Source/tasks.o
 .bss.uxTaskNumber
                0x000000002000061c        0x4 Middlewares/Third_Party/FreeRTOS/Source/tasks.o
 .bss.xNextTaskUnblockTime
                0x0000000020000620        0x4 Middlewares/Third_Party/FreeRTOS/Source/tasks.o
 .bss.xIdleTaskHandle
                0x0000000020000624        0x4 Middlewares/Third_Party/FreeRTOS/Source/tasks.o
 .bss.uxSchedulerSuspended
                0x0000000020000628        0x4 Middlewares/Third_Party/FreeRTOS/Source/tasks.o
 .bss.ucMaxSysCallPriority
                0x000000002000062c        0x1 Middlewares/Third_Party/FreeRTOS/Source/portable/GCC/ARM_CM7/r0p1/port.o
 *fill*         0x000000002000062d        0x3 
 .bss.ulMaxPRIGROUPValue
                0x0000000020000630        0x4 Middlewares/Third_Party/FreeRTOS/Source/portable/GCC/ARM_CM7/r0p1/port.o
 .bss.ucHeap    0x0000000020000634     0x8000 Middlewares/Third_Party/FreeRTOS/Source/portable/MemMang/heap_4.o
 .bss.xStart    0x0000000020008634        0x8 Middlewares/Third_Party/FreeRTOS/Source/portable/MemMang/heap_4.o
 .bss.pxEnd     0x000000002000863c        0x4 Middlewares/Third_Party/FreeRTOS/Source/portable/MemMang/heap_4.o
 .bss.xFreeBytesRemaining
                0x0000000020008640        0x4 Middlewares/Third_Party/FreeRTOS/Source/portable/MemMang/heap_4.o
 .bss.xMinimumEverFreeBytesRemaining
                0x0000000020008644        0x4 Middlewares/Third_Party/FreeRTOS/Source/portable/MemMang/heap_4.o
 .bss.xBlockAllocatedBit
                0x0000000020008648        0x4 Middlewares/Third_Party/FreeRTOS/Source/portable/MemMang/heap_4.o
 .bss.__malloc_free_list
                0x000000002000864c        0x4 c:/st/stm32cubeide_1.5.1/stm32cubeide/plugins/com.st.stm32cube.ide.mcu.externaltools.gnu-tools-for-stm32.7-2018-q2-update.win32_1.5.0.202011040924/tools/bin/../lib/gcc/arm-none-eabi/7.3.1/../../../../arm-none-eabi/lib/thumb/v7e-m/fpv4-sp/hard\libc_nano.a(lib_a-nano-mallocr.o)
                0x000000002000864c                __malloc_free_list
 .bss.__malloc_sbrk_start
                0x0000000020008650        0x4 c:/st/stm32cubeide_1.5.1/stm32cubeide/plugins/com.st.stm32cube.ide.mcu.externaltools.gnu-tools-for-stm32.7-2018-q2-update.win32_1.5.0.202011040924/tools/bin/../lib/gcc/arm-none-eabi/7.3.1/../../../../arm-none-eabi/lib/thumb/v7e-m/fpv4-sp/hard\libc_nano.a(lib_a-nano-mallocr.o)
                0x0000000020008650                __malloc_sbrk_start
 *(COMMON)
 COMMON         0x0000000020008654      0x5c2 Core/Src/main.o
                0x0000000020008654                SourisHandle
                0x0000000020008658                defaultTaskHandle
                0x000000002000865c                hi2c3
                0x00000000200086a8                hspi2
                0x000000002000870c                huart7
                0x000000002000878c                htim8
                0x00000000200087cc                hi2c1
                0x0000000020008818                ManagerHandle
                0x000000002000881c                htim5
                0x000000002000885c                htim3
                0x000000002000889c                hltdc
                0x0000000020008944                hadc1
                0x000000002000898c                hadc3
                0x00000000200089d4                huart1
                0x0000000020008a54                ChatHandle
                0x0000000020008a58                hdac
                0x0000000020008a6c                Horloge_SourisHandle
                0x0000000020008a70                hrtc
                0x0000000020008a90                htim1
                0x0000000020008ad0                huart6
                0x0000000020008b50                hdma2d
                0x0000000020008b90                htim2
                0x0000000020008bd0                hsdram1
                0x0000000020008c04                HorlogeHandle
                0x0000000020008c08                myMutex01Handle
                0x0000000020008c0c                rxbuffer
 *fill*         0x0000000020008c16        0x2 
 COMMON         0x0000000020008c18       0xa8 Core/Src/stm32746g_discovery_lcd.o
                0x0000000020008c18                hLtdcHandler
 COMMON         0x0000000020008cc0       0x34 Core/Src/stm32746g_discovery_sdram.o
                0x0000000020008cc0                sdramHandle
 COMMON         0x0000000020008cf4       0x40 Core/Src/stm32f7xx_hal_timebase_tim.o
                0x0000000020008cf4                htim6
 COMMON         0x0000000020008d34        0x4 Drivers/STM32F7xx_HAL_Driver/Src/stm32f7xx_hal.o
                0x0000000020008d34                uwTick
 COMMON         0x0000000020008d38        0x4 c:/st/stm32cubeide_1.5.1/stm32cubeide/plugins/com.st.stm32cube.ide.mcu.externaltools.gnu-tools-for-stm32.7-2018-q2-update.win32_1.5.0.202011040924/tools/bin/../lib/gcc/arm-none-eabi/7.3.1/../../../../arm-none-eabi/lib/thumb/v7e-m/fpv4-sp/hard\libc_nano.a(lib_a-reent.o)
                0x0000000020008d38                errno
                0x0000000020008d3c                . = ALIGN (0x4)
                0x0000000020008d3c                _ebss = .
                0x0000000020008d3c                __bss_end__ = _ebss

._user_heap_stack
                0x0000000020008d3c      0x604 load address 0x000000000801019c
                0x0000000020008d40                . = ALIGN (0x8)
 *fill*         0x0000000020008d3c        0x4 
                [!provide]                        PROVIDE (end = .)
                0x0000000020008d40                PROVIDE (_end = .)
                0x0000000020008f40                . = (. + _Min_Heap_Size)
 *fill*         0x0000000020008d40      0x200 
                0x0000000020009340                . = (. + _Min_Stack_Size)
 *fill*         0x0000000020008f40      0x400 
                0x0000000020009340                . = ALIGN (0x8)

/DISCARD/
 libc.a(*)
 libm.a(*)
 libgcc.a(*)

.ARM.attributes
                0x0000000000000000       0x30
 *(.ARM.attributes)
 .ARM.attributes
                0x0000000000000000       0x22 c:/st/stm32cubeide_1.5.1/stm32cubeide/plugins/com.st.stm32cube.ide.mcu.externaltools.gnu-tools-for-stm32.7-2018-q2-update.win32_1.5.0.202011040924/tools/bin/../lib/gcc/arm-none-eabi/7.3.1/thumb/v7e-m/fpv4-sp/hard/crti.o
 .ARM.attributes