main.c:131:5:main	184	static
main.c:327:6:SystemClock_Config	216	static
main.c:402:13:MX_ADC1_Init	24	static
main.c:452:13:MX_ADC3_Init	24	static
main.c:502:13:MX_DAC_Init	16	static
main.c:540:13:MX_DMA2D_Init	8	static
main.c:577:13:MX_I2C1_Init	8	static
main.c:623:13:MX_I2C3_Init	8	static
main.c:669:13:MX_LTDC_Init	64	static
main.c:731:13:MX_RTC_Init	80	static
main.c:823:13:MX_SPI2_Init	8	static
main.c:863:13:MX_TIM1_Init	40	static
main.c:910:13:MX_TIM2_Init	40	static
main.c:955:13:MX_TIM3_Init	88	static
main.c:1021:13:MX_TIM5_Init	40	static
main.c:1066:13:MX_TIM8_Init	112	static
main.c:1145:13:MX_UART7_Init	8	static
main.c:1180:13:MX_USART1_UART_Init	8	static
main.c:1217:13:MX_USART6_UART_Init	8	static
main.c:1248:13:MX_FMC_Init	40	static
main.c:1299:13:MX_GPIO_Init	72	static
main.c:1476:6:HAL_UART_RxCpltCallback	16	static
main.c:1506:6:StartDefaultTask	16	static
main.c:1523:6:horloge	88	static
main.c:1565:6:souris	120	dynamic
main.c:1703:6:chat	40	static
main.c:1768:6:manager	24	static
main.c:1811:6:HAL_TIM_PeriodElapsedCallback	16	static
main.c:1828:6:Error_Handler	4	static,ignoring_inline_asm
