Archive member included to satisfy reference by file (symbol)

c:/st/stm32cubeide_1.5.1/stm32cubeide/plugins/com.st.stm32cube.ide.mcu.externaltools.gnu-tools-for-stm32.7-2018-q2-update.win32_1.5.0.202011040924/tools/bin/../lib/gcc/arm-none-eabi/7.3.1/../../../../arm-none-eabi/lib/thumb/v7e-m/fpv4-sp/hard\libc_nano.a(lib_a-errno.o)
                              Core/Src/syscalls.o (__errno)
c:/st/stm32cubeide_1.5.1/stm32cubeide/plugins/com.st.stm32cube.ide.mcu.externaltools.gnu-tools-for-stm32.7-2018-q2-update.win32_1.5.0.202011040924/tools/bin/../lib/gcc/arm-none-eabi/7.3.1/../../../../arm-none-eabi/lib/thumb/v7e-m/fpv4-sp/hard\libc_nano.a(lib_a-exit.o)
                              c:/st/stm32cubeide_1.5.1/stm32cubeide/plugins/com.st.stm32cube.ide.mcu.externaltools.gnu-tools-for-stm32.7-2018-q2-update.win32_1.5.0.202011040924/tools/bin/../lib/gcc/arm-none-eabi/7.3.1/../../../../arm-none-eabi/lib/thumb/v7e-m/fpv4-sp/hard/crt0.o (exit)
c:/st/stm32cubeide_1.5.1/stm32cubeide/plugins/com.st.stm32cube.ide.mcu.externaltools.gnu-tools-for-stm32.7-2018-q2-update.win32_1.5.0.202011040924/tools/bin/../lib/gcc/arm-none-eabi/7.3.1/../../../../arm-none-eabi/lib/thumb/v7e-m/fpv4-sp/hard\libc_nano.a(lib_a-impure.o)
                              c:/st/stm32cubeide_1.5.1/stm32cubeide/plugins/com.st.stm32cube.ide.mcu.externaltools.gnu-tools-for-stm32.7-2018-q2-update.win32_1.5.0.202011040924/tools/bin/../lib/gcc/arm-none-eabi/7.3.1/../../../../arm-none-eabi/lib/thumb/v7e-m/fpv4-sp/hard\libc_nano.a(lib_a-exit.o) (_global_impure_ptr)
c:/st/stm32cubeide_1.5.1/stm32cubeide/plugins/com.st.stm32cube.ide.mcu.externaltools.gnu-tools-for-stm32.7-2018-q2-update.win32_1.5.0.202011040924/tools/bin/../lib/gcc/arm-none-eabi/7.3.1/../../../../arm-none-eabi/lib/thumb/v7e-m/fpv4-sp/hard\libc_nano.a(lib_a-init.o)
                              c:/st/stm32cubeide_1.5.1/stm32cubeide/plugins/com.st.stm32cube.ide.mcu.externaltools.gnu-tools-for-stm32.7-2018-q2-update.win32_1.5.0.202011040924/tools/bin/../lib/gcc/arm-none-eabi/7.3.1/../../../../arm-none-eabi/lib/thumb/v7e-m/fpv4-sp/hard/crt0.o (__libc_init_array)
c:/st/stm32cubeide_1.5.1/stm32cubeide/plugins/com.st.stm32cube.ide.mcu.externaltools.gnu-tools-for-stm32.7-2018-q2-update.win32_1.5.0.202011040924/tools/bin/../lib/gcc/arm-none-eabi/7.3.1/../../../../arm-none-eabi/lib/thumb/v7e-m/fpv4-sp/hard\libc_nano.a(lib_a-memcpy-stub.o)
                              Middlewares/Third_Party/FreeRTOS/Source/queue.o (memcpy)
c:/st/stm32cubeide_1.5.1/stm32cubeide/plugins/com.st.stm32cube.ide.mcu.externaltools.gnu-tools-for-stm32.7-2018-q2-update.win32_1.5.0.202011040924/tools/bin/../lib/gcc/arm-none-eabi/7.3.1/../../../../arm-none-eabi/lib/thumb/v7e-m/fpv4-sp/hard\libc_nano.a(lib_a-memset.o)
                              c:/st/stm32cubeide_1.5.1/stm32cubeide/plugins/com.st.stm32cube.ide.mcu.externaltools.gnu-tools-for-stm32.7-2018-q2-update.win32_1.5.0.202011040924/tools/bin/../lib/gcc/arm-none-eabi/7.3.1/../../../../arm-none-eabi/lib/thumb/v7e-m/fpv4-sp/hard/crt0.o (memset)
c:/st/stm32cubeide_1.5.1/stm32cubeide/plugins/com.st.stm32cube.ide.mcu.externaltools.gnu-tools-for-stm32.7-2018-q2-update.win32_1.5.0.202011040924/tools/bin/../lib/gcc/arm-none-eabi/7.3.1/../../../../arm-none-eabi/lib/thumb/v7e-m/fpv4-sp/hard\libc_nano.a(lib_a-sprintf.o)
                              Core/Src/main.o (sprintf)
c:/st/stm32cubeide_1.5.1/stm32cubeide/plugins/com.st.stm32cube.ide.mcu.externaltools.gnu-tools-for-stm32.7-2018-q2-update.win32_1.5.0.202011040924/tools/bin/../lib/gcc/arm-none-eabi/7.3.1/../../../../arm-none-eabi/lib/thumb/v7e-m/fpv4-sp/hard\libc_nano.a(lib_a-nano-svfprintf.o)
                              c:/st/stm32cubeide_1.5.1/stm32cubeide/plugins/com.st.stm32cube.ide.mcu.externaltools.gnu-tools-for-stm32.7-2018-q2-update.win32_1.5.0.202011040924/tools/bin/../lib/gcc/arm-none-eabi/7.3.1/../../../../arm-none-eabi/lib/thumb/v7e-m/fpv4-sp/hard\libc_nano.a(lib_a-sprintf.o) (_svfprintf_r)
c:/st/stm32cubeide_1.5.1/stm32cubeide/plugins/com.st.stm32cube.ide.mcu.externaltools.gnu-tools-for-stm32.7-2018-q2-update.win32_1.5.0.202011040924/tools/bin/../lib/gcc/arm-none-eabi/7.3.1/../../../../arm-none-eabi/lib/thumb/v7e-m/fpv4-sp/hard\libc_nano.a(lib_a-nano-vfprintf_i.o)
                              c:/st/stm32cubeide_1.5.1/stm32cubeide/plugins/com.st.stm32cube.ide.mcu.externaltools.gnu-tools-for-stm32.7-2018-q2-update.win32_1.5.0.202011040924/tools/bin/../lib/gcc/arm-none-eabi/7.3.1/../../../../arm-none-eabi/lib/thumb/v7e-m/fpv4-sp/hard\libc_nano.a(lib_a-nano-svfprintf.o) (_printf_i)
c:/st/stm32cubeide_1.5.1/stm32cubeide/plugins/com.st.stm32cube.ide.mcu.externaltools.gnu-tools-for-stm32.7-2018-q2-update.win32_1.5.0.202011040924/tools/bin/../lib/gcc/arm-none-eabi/7.3.1/../../../../arm-none-eabi/lib/thumb/v7e-m/fpv4-sp/hard\libc_nano.a(lib_a-memchr.o)
[...]
Memory Configuration

Name             Origin             Length             Attributes
RAM              0x0000000020000000 0x0000000000050000 xrw
FLASH            0x0000000008000000 0x0000000000100000 xr
*default*        0x0000000000000000 0xffffffffffffffff

Linker script and memory map

LOAD c:/st/stm32cubeide_1.5.1/stm32cubeide/plugins/com.st.stm32cube.ide.mcu.externaltools.gnu-tools-for-stm32.7-2018-q2-update.win32_1.5.0.202011040924/tools/bin/../lib/gcc/arm-none-eabi/7.3.1/thumb/v7e-m/fpv4-sp/hard/crti.o
LOAD c:/st/stm32cubeide_1.5.1/stm32cubeide/plugins/com.st.stm32cube.ide.mcu.externaltools.gnu-tools-for-stm32.7-2018-q2-update.win32_1.5.0.202011040924/tools/bin/../lib/gcc/arm-none-eabi/7.3.1/thumb/v7e-m/fpv4-sp/hard/crtbegin.o
LOAD c:/st/stm32cubeide_1.5.1/stm32cubeide/plugins/com.st.stm32cube.ide.mcu.externaltools.gnu-tools-for-stm32.7-2018-q2-update.win32_1.5.0.202011040924/tools/bin/../lib/gcc/arm-none-eabi/7.3.1/../../../../arm-none-eabi/lib/thumb/v7e-m/fpv4-sp/hard/crt0.o
LOAD Core/Src/freertos.o
LOAD Core/Src/ft5336.o
LOAD Core/Src/main.o
LOAD Core/Src/stm32746g_discovery.o
LOAD Core/Src/stm32746g_discovery_lcd.o
LOAD Core/Src/stm32746g_discovery_sdram.o
LOAD Core/Src/stm32746g_discovery_ts.o
LOAD Core/Src/stm32f7xx_hal_msp.o
LOAD Core/Src/stm32f7xx_hal_timebase_tim.o
LOAD Core/Src/stm32f7xx_it.o
LOAD Core/Src/syscalls.o
LOAD Core/Src/sysmem.o
LOAD Core/Src/system_stm32f7xx.o
LOAD Core/Startup/startup_stm32f746nghx.o
LOAD Drivers/STM32F7xx_HAL_Driver/Src/stm32f7xx_hal.o
LOAD Drivers/STM32F7xx_HAL_Driver/Src/stm32f7xx_hal_adc.o
LOAD Drivers/STM32F7xx_HAL_Driver/Src/stm32f7xx_hal_adc_ex.o
LOAD Drivers/STM32F7xx_HAL_Driver/Src/stm32f7xx_hal_cortex.o
LOAD Drivers/STM32F7xx_HAL_Driver/Src/stm32f7xx_hal_dac.o
LOAD Drivers/STM32F7xx_HAL_Driver/Src/stm32f7xx_hal_dac_ex.o
LOAD Drivers/STM32F7xx_HAL_Driver/Src/stm32f7xx_hal_dma.o
LOAD Drivers/STM32F7xx_HAL_Driver/Src/stm32f7xx_hal_dma2d.o
LOAD Drivers/STM32F7xx_HAL_Driver/Src/stm32f7xx_hal_dma_ex.o
LOAD Drivers/STM32F7xx_HAL_Driver/Src/stm32f7xx_hal_dsi.o
LOAD Drivers/STM32F7xx_HAL_Driver/Src/stm32f7xx_hal_exti.o
LOAD Drivers/STM32F7xx_HAL_Driver/Src/stm32f7xx_hal_flash.o
LOAD Drivers/STM32F7xx_HAL_Driver/Src/stm32f7xx_hal_flash_ex.o
LOAD Drivers/STM32F7xx_HAL_Driver/Src/stm32f7xx_hal_gpio.o
LOAD Drivers/STM32F7xx_HAL_Driver/Src/stm32f7xx_hal_i2c.o
LOAD Drivers/STM32F7xx_HAL_Driver/Src/stm32f7xx_hal_i2c_ex.o
LOAD Drivers/STM32F7xx_HAL_Driver/Src/stm32f7xx_hal_ltdc.o
LOAD Drivers/STM32F7xx_HAL_Driver/Src/stm32f7xx_hal_ltdc_ex.o
LOAD Drivers/STM32F7xx_HAL_Driver/Src/stm32f7xx_hal_pwr.o
LOAD Drivers/STM32F7xx_HAL_Driver/Src/stm32f7xx_hal_pwr_ex.o
LOAD Drivers/STM32F7xx_HAL_Driver/Src/stm32f7xx_hal_rcc.o
LOAD Drivers/STM32F7xx_HAL_Driver/Src/stm32f7xx_hal_rcc_ex.o
LOAD Drivers/STM32F7xx_HAL_Driver/Src/stm32f7xx_hal_rtc.o
LOAD Drivers/STM32F7xx_HAL_Driver/Src/stm32f7xx_hal_rtc_ex.o
LOAD Drivers/STM32F7xx_HAL_Driver/Src/stm32f7xx_hal_sdram.o
LOAD Drivers/STM32F7xx_HAL_Driver/Src/stm32f7xx_hal_spi.o
LOAD Drivers/STM32F7xx_HAL_Driver/Src/stm32f7xx_hal_spi_ex.o
LOAD Drivers/STM32F7xx_HAL_Driver/Src/stm32f7xx_hal_tim.o
LOAD Drivers/STM32F7xx_HAL_Driver/Src/stm32f7xx_hal_tim_ex.o
LOAD Drivers/STM32F7xx_HAL_Driver/Src/stm32f7xx_hal_uart.o
LOAD Drivers/STM32F7xx_HAL_Driver/Src/stm32f7xx_hal_uart_ex.o
LOAD Drivers/STM32F7xx_HAL_Driver/Src/stm32f7xx_ll_fmc.o
LOAD Middlewares/Third_Party/FreeRTOS/Source/CMSIS_RTOS/cmsis_os.o
LOAD Middlewares/Third_Party/FreeRTOS/Source/croutine.o
LOAD Middlewares/Third_Party/FreeRTOS/Source/event_groups.o
LOAD Middlewares/Third_Party/FreeRTOS/Source/list.o
LOAD Middlewares/Third_Party/FreeRTOS/Source/queue.o
LOAD Middlewares/Third_Party/FreeRTOS/Source/stream_buffer.o
LOAD Middlewares/Third_Party/FreeRTOS/Source/tasks.o
LOAD Middlewares/Third_Party/FreeRTOS/Source/timers.o
LOAD Middlewares/Third_Party/FreeRTOS/Source/portable/GCC/ARM_CM7/r0p1/port.o
LOAD Middlewares/Third_Party/FreeRTOS/Source/portable/MemMang/heap_4.o
START GROUP
LOAD c:/st/stm32cubeide_1.5.1/stm32cubeide/plugins/com.st.stm32cube.ide.mcu.externaltools.gnu-tools-for-stm32.7-2018-q2-update.win32_1.5.0.202011040924/tools/bin/../lib/gcc/arm-none-eabi/7.3.1/../../../../arm-none-eabi/lib/thumb/v7e-m/fpv4-sp/hard\libc_nano.a
LOAD c:/st/stm32cubeide_1.5.1/stm32cubeide/plugins/com.st.stm32cube.ide.mcu.externaltools.gnu-tools-for-stm32.7-2018-q2-update.win32_1.5.0.202011040924/tools/bin/../lib/gcc/arm-none-eabi/7.3.1/../../../../arm-none-eabi/lib/thumb/v7e-m/fpv4-sp/hard\libm.a
END GROUP
START GROUP
LOAD c:/st/stm32cubeide_1.5.1/stm32cubeide/plugins/com.st.stm32cube.ide.mcu.externaltools.gnu-tools-for-stm32.7-2018-q2-update.win32_1.5.0.202011040924/tools/bin/../lib/gcc/arm-none-eabi/7.3.1/thumb/v7e-m/fpv4-sp/hard\libgcc.a
LOAD c:/st/stm32cubeide_1.5.1/stm32cubeide/plugins/com.st.stm32cube.ide.mcu.externaltools.gnu-tools-for-stm32.7-2018-q2-update.win32_1.5.0.202011040924/tools/bin/../lib/gcc/arm-none-eabi/7.3.1/../../../../arm-none-eabi/lib/thumb/v7e-m/fpv4-sp/hard\libc_nano.a
END GROUP
START GROUP
LOAD c:/st/stm32cubeide_1.5.1/stm32cubeide/plugins/com.st.stm32cube.ide.mcu.externaltools.gnu-tools-for-stm32.7-2018-q2-update.win32_1.5.0.202011040924/tools/bin/../lib/gcc/arm-none-eabi/7.3.1/thumb/v7e-m/fpv4-sp/hard\libgcc.a
LOAD c:/st/stm32cubeide_1.5.1/stm32cubeide/plugins/com.st.stm32cube.ide.mcu.externaltools.gnu-tools-for-stm32.7-2018-q2-update.win32_1.5.0.202011040924/tools/bin/../lib/gcc/arm-none-eabi/7.3.1/../../../../arm-none-eabi/lib/thumb/v7e-m/fpv4-sp/hard\libc_nano.a
LOAD c:/st/stm32cubeide_1.5.1/stm32cubeide/plugins/com.st.stm32cube.ide.mcu.externaltools.gnu-tools-for-stm32.7-2018-q2-update.win32_1.5.0.202011040924/tools/bin/../lib/gcc/arm-none-eabi/7.3.1/../../../../arm-none-eabi/lib/thumb/v7e-m/fpv4-sp/hard\libnosys.a
END GROUP
START GROUP
LOAD c:/st/stm32cubeide_1.5.1/stm32cubeide/plugins/com.st.stm32cube.ide.mcu.externaltools.gnu-tools-for-stm32.7-2018-q2-update.win32_1.5.0.202011040924/tools/bin/../lib/gcc/arm-none-eabi/7.3.1/thumb/v7e-m/fpv4-sp/hard\libgcc.a
LOAD c:/st/stm32cubeide_1.5.1/stm32cubeide/plugins/com.st.stm32cube.ide.mcu.externaltools.gnu-tools-for-stm32.7-2018-q2-update.win32_1.5.0.202011040924/tools/bin/../lib/gcc/arm-none-eabi/7.3.1/../../../../arm-none-eabi/lib/thumb/v7e-m/fpv4-sp/hard\libc_nano.a
LOAD c:/st/stm32cubeide_1.5.1/stm32cubeide/plugins/com.st.stm32cube.ide.mcu.externaltools.gnu-tools-for-stm32.7-2018-q2-update.win32_1.5.0.202011040924/tools/bin/../lib/gcc/arm-none-eabi/7.3.1/../../../../arm-none-eabi/lib/thumb/v7e-m/fpv4-sp/hard\libnosys.a
END GROUP
LOAD c:/st/stm32cubeide_1.5.1/stm32cubeide/plugins/com.st.stm32cube.ide.mcu.externaltools.gnu-tools-for-stm32.7-2018-q2-update.win32_1.5.0.202011040924/tools/bin/../lib/gcc/arm-none-eabi/7.3.1/thumb/v7e-m/fpv4-sp/hard/crtend.o
LOAD c:/st/stm32cubeide_1.5.1/stm32cubeide/plugins/com.st.stm32cube.ide.mcu.externaltools.gnu-tools-for-stm32.7-2018-q2-update.win32_1.5.0.202011040924/tools/bin/../lib/gcc/arm-none-eabi/7.3.1/thumb/v7e-m/fpv4-sp/hard/crtn.o
                0x0000000020050000                _estack = (ORIGIN (RAM) + LENGTH (RAM))
                0x0000000000000200                _Min_Heap_Size = 0x200
                0x0000000000000400                _Min_Stack_Size = 0x400

.isr_vector     0x0000000008000000      0x1c8
                0x0000000008000000                . = ALIGN (0x4)
 *(.isr_vector)
 .isr_vector    0x0000000008000000      0x1c8 Core/Startup/startup_stm32f746nghx.o
                0x0000000008000000                g_pfnVectors
                0x00000000080001c8                . = ALIGN (0x4)

.text           0x00000000080001d0     0xdf64
                0x00000000080001d0                . = ALIGN (0x4)
 *(.text)
 .text          0x00000000080001d0       0x40 c:/st/stm32cubeide_1.5.1/stm32cubeide/plugins/com.st.stm32cube.ide.mcu.externaltools.gnu-tools-for-stm32.7-2018-q2-update.win32_1.5.0.202011040924/tools/bin/../lib/gcc/arm-none-eabi/7.3.1/thumb/v7e-m/fpv4-sp/hard/crtbegin.o
 .text          0x0000000008000210       0xa0 c:/st/stm32cubeide_1.5.1/stm32cubeide/plugins/com.st.stm32cube.ide.mcu.externaltools.gnu-tools-for-stm32.7-2018-q2-update.win32_1.5.0.202011040924/tools/bin/../lib/gcc/arm-none-eabi/7.3.1/../../../../arm-none-eabi/lib/thumb/v7e-m/fpv4-sp/hard\libc_nano.a(lib_a-memchr.o)
                0x0000000008000210                memchr
 .text          0x00000000080002b0       0x30 c:/st/stm32cubeide_1.5.1/stm32cubeide/plugins/com.st.stm32cube.ide.mcu.externaltools.gnu-tools-for-stm32.7-2018-q2-update.win32_1.5.0.202011040924/tools/bin/../lib/gcc/arm-none-eabi/7.3.1/thumb/v7e-m/fpv4-sp/hard\libgcc.a(_aeabi_uldivmod.o)
                0x00000000080002b0                __aeabi_uldivmod
 .text          0x00000000080002e0      0x2cc c:/st/stm32cubeide_1.5.1/stm32cubeide/plugins/com.st.stm32cube.ide.mcu.externaltools.gnu-tools-for-stm32.7-2018-q2-update.win32_1.5.0.202011040924/tools/bin/../lib/gcc/arm-none-eabi/7.3.1/thumb/v7e-m/fpv4-sp/hard\libgcc.a(_udivmoddi4.o)
                0x00000000080002e0                __udivmoddi4
 .text          0x00000000080005ac        0x4 c:/st/stm32cubeide_1.5.1/stm32cubeide/plugins/com.st.stm32cube.ide.mcu.externaltools.gnu-tools-for-stm32.7-2018-q2-update.win32_1.5.0.202011040924/tools/bin/../lib/gcc/arm-none-eabi/7.3.1/thumb/v7e-m/fpv4-sp/hard\libgcc.a(_dvmd_tls.o)
                0x00000000080005ac                __aeabi_idiv0
                0x00000000080005ac                __aeabi_ldiv0
 *(.text*)
 .text.vApplicationGetIdleTaskMemory
                0x00000000080005b0       0x34 Core/Src/freertos.o
                0x00000000080005b0                vApplicationGetIdleTaskMemory
 .text.ft5336_Init
                0x00000000080005e4       0x1c Core/Src/ft5336.o
                0x00000000080005e4                ft5336_Init
 .text.ft5336_Reset
                0x0000000008000600       0x16 Core/Src/ft5336.o
                0x0000000008000600                ft5336_Reset
 .text.ft5336_ReadID
                0x0000000008000616       0x5c Core/Src/ft5336.o
                0x0000000008000616                ft5336_ReadID
 .text.ft5336_TS_Start
                0x0000000008000672       0x22 Core/Src/ft5336.o
                0x0000000008000672                ft5336_TS_Start
 .text.ft5336_TS_DetectTouch
                0x0000000008000694       0x54 Core/Src/ft5336.o
                0x0000000008000694                ft5336_TS_DetectTouch
 .text.ft5336_TS_GetXY
                0x00000000080006e8      0x1e0 Core/Src/ft5336.o
                0x00000000080006e8                ft5336_TS_GetXY
 .text.ft5336_TS_EnableIT
                0x00000000080008c8       0x28 Core/Src/ft5336.o
                0x00000000080008c8                ft5336_TS_EnableIT
 .text.ft5336_TS_DisableIT
                0x00000000080008f0       0x28 Core/Src/ft5336.o
                0x00000000080008f0                ft5336_TS_DisableIT
 .text.ft5336_TS_ITStatus
                0x0000000008000918       0x18 Core/Src/ft5336.o
                0x0000000008000918                ft5336_TS_ITStatus
 .text.ft5336_TS_ClearIT
                0x0000000008000930       0x16 Core/Src/ft5336.o
                0x0000000008000930                ft5336_TS_ClearIT
 *fill*         0x0000000008000946        0x2 
 .text.ft5336_Get_I2C_InitializedStatus
                0x0000000008000948       0x18 Core/Src/ft5336.o
 .text.ft5336_I2C_InitializeIfRequired
                0x0000000008000960       0x20 Core/Src/ft5336.o
 .text.ft5336_TS_Configure
                0x0000000008000980       0x1c Core/Src/ft5336.o
 .text.main     0x000000000800099c      0x298 Core/Src/main.o
                0x000000000800099c                main
 .text.SystemClock_Config
                0x0000000008000c34      0x160 Core/Src/main.o
                0x0000000008000c34                SystemClock_Config
 .text.MX_ADC1_Init
                0x0000000008000d94       0xa4 Core/Src/main.o
 .text.MX_ADC3_Init
                0x0000000008000e38       0xa4 Core/Src/main.o
 .text.MX_DAC_Init
                0x0000000008000edc       0x54 Core/Src/main.o
 .text.MX_DMA2D_Init
                0x0000000008000f30       0x64 Core/Src/main.o
 .text.MX_I2C1_Init
                0x0000000008000f94       0x80 Core/Src/main.o
 .text.MX_I2C3_Init
                0x0000000008001014       0x80 Core/Src/main.o
 .text.MX_LTDC_Init
                0x0000000008001094      0x104 Core/Src/main.o
 .text.MX_RTC_Init
                0x0000000008001198      0x14c Core/Src/main.o
 .text.MX_SPI2_Init
                0x00000000080012e4       0x7c Core/Src/main.o
 .text.MX_TIM1_Init
                0x0000000008001360       0xa8 Core/Src/main.o
 .text.MX_TIM2_Init
                0x0000000008001408       0x9c Core/Src/main.o
 .text.MX_TIM3_Init
                0x00000000080014a4      0x11c Core/Src/main.o
 .text.MX_TIM5_Init
                0x00000000080015c0       0x9c Core/Src/main.o
 .text.MX_TIM8_Init
                0x000000000800165c      0x154 Core/Src/main.o
 .text.MX_UART7_Init
                0x00000000080017b0       0x60 Core/Src/main.o
 .text.MX_USART1_UART_Init
                0x0000000008001810       0x70 Core/Src/main.o
 .text.MX_USART6_UART_Init
                0x0000000008001880       0x60 Core/Src/main.o
 .text.MX_FMC_Init
                0x00000000080018e0       0x9c Core/Src/main.o
 .text.MX_GPIO_Init
                0x000000000800197c      0x3d8 Core/Src/main.o
 .text.StartDefaultTask
                0x0000000008001d54       0x10 Core/Src/main.o
                0x0000000008001d54                StartDefaultTask
 .text.jump.12884
                0x0000000008001d64       0x2c Core/Src/main.o
 .text.player   0x0000000008001d90      0x6dc Core/Src/main.o
                0x0000000008001d90                player
 .text.game_over
                0x000000000800246c      0x284 Core/Src/main.o
                0x000000000800246c                game_over
 .text.pieces   0x00000000080026f0      0x2b8 Core/Src/main.o
                0x00000000080026f0                pieces
 .text.badguy   0x00000000080029a8      0x5a8 Core/Src/main.o
                0x00000000080029a8                badguy
 .text.HAL_TIM_PeriodElapsedCallback
                0x0000000008002f50       0x24 Core/Src/main.o
                0x0000000008002f50                HAL_TIM_PeriodElapsedCallback
 .text.Error_Handler
                0x0000000008002f74        0x8 Core/Src/main.o
                0x0000000008002f74                Error_Handler
 .text.I2Cx_MspInit
                0x0000000008002f7c      0x160 Core/Src/stm32746g_discovery.o
 .text.I2Cx_Init
                0x00000000080030dc       0x78 Core/Src/stm32746g_discovery.o
 .text.I2Cx_ReadMultiple
                0x0000000008003154       0x5a Core/Src/stm32746g_discovery.o
 .text.I2Cx_WriteMultiple
                0x00000000080031ae       0x5a Core/Src/stm32746g_discovery.o
 .text.I2Cx_Error
                0x0000000008003208       0x20 Core/Src/stm32746g_discovery.o
 .text.TS_IO_Init
                0x0000000008003228       0x14 Core/Src/stm32746g_discovery.o
                0x0000000008003228                TS_IO_Init
 .text.TS_IO_Write
                0x000000000800323c       0x34 Core/Src/stm32746g_discovery.o
                0x000000000800323c                TS_IO_Write
 .text.TS_IO_Read
                0x0000000008003270       0x3c Core/Src/stm32746g_discovery.o
                0x0000000008003270                TS_IO_Read
 .text.TS_IO_Delay
                0x00000000080032ac       0x16 Core/Src/stm32746g_discovery.o
                0x00000000080032ac                TS_IO_Delay
 *fill*         0x00000000080032c2        0x2 
 .text.BSP_LCD_Init
                0x00000000080032c4       0xe0 Core/Src/stm32746g_discovery_lcd.o
                0x00000000080032c4                BSP_LCD_Init
 .text.BSP_LCD_GetXSize
                0x00000000080033a4       0x28 Core/Src/stm32746g_discovery_lcd.o
                0x00000000080033a4                BSP_LCD_GetXSize
 .text.BSP_LCD_GetYSize
                0x00000000080033cc       0x28 Core/Src/stm32746g_discovery_lcd.o
                0x00000000080033cc                BSP_LCD_GetYSize
 .text.BSP_LCD_LayerDefaultInit
                0x00000000080033f4       0xc0 Core/Src/stm32746g_discovery_lcd.o
                0x00000000080033f4                BSP_LCD_LayerDefaultInit
 .text.BSP_LCD_SelectLayer
                0x00000000080034b4       0x20 Core/Src/stm32746g_discovery_lcd.o
                0x00000000080034b4                BSP_LCD_SelectLayer
 .text.BSP_LCD_SetTextColor
                0x00000000080034d4       0x30 Core/Src/stm32746g_discovery_lcd.o
                0x00000000080034d4                BSP_LCD_SetTextColor
 .text.BSP_LCD_SetBackColor
                0x0000000008003504       0x34 Core/Src/stm32746g_discovery_lcd.o
                0x0000000008003504                BSP_LCD_SetBackColor
 .text.BSP_LCD_SetFont
                0x0000000008003538       0x34 Core/Src/stm32746g_discovery_lcd.o
                0x0000000008003538                BSP_LCD_SetFont
 .text.BSP_LCD_Clear
                0x000000000800356c       0x50 Core/Src/stm32746g_discovery_lcd.o
                0x000000000800356c                BSP_LCD_Clear
 .text.BSP_LCD_DisplayChar
                0x00000000080035bc       0x88 Core/Src/stm32746g_discovery_lcd.o
                0x00000000080035bc                BSP_LCD_DisplayChar
 .text.BSP_LCD_DisplayStringAt
                0x0000000008003644      0x188 Core/Src/stm32746g_discovery_lcd.o
                0x0000000008003644                BSP_LCD_DisplayStringAt
 .text.BSP_LCD_DrawPixel
                0x00000000080037cc       0x90 Core/Src/stm32746g_discovery_lcd.o
                0x00000000080037cc                BSP_LCD_DrawPixel
 .text.BSP_LCD_FillRect
                0x000000000800385c       0xf4 Core/Src/stm32746g_discovery_lcd.o
                0x000000000800385c                BSP_LCD_FillRect
 .text.BSP_LCD_DisplayOn
                0x0000000008003950       0x3c Core/Src/stm32746g_discovery_lcd.o
                0x0000000008003950                BSP_LCD_DisplayOn
 .text.BSP_LCD_MspInit
                0x000000000800398c      0x1b4 Core/Src/stm32746g_discovery_lcd.o
                0x000000000800398c                BSP_LCD_MspInit
 .text.BSP_LCD_ClockConfig
                0x0000000008003b40       0x38 Core/Src/stm32746g_discovery_lcd.o
                0x0000000008003b40                BSP_LCD_ClockConfig
 .text.DrawChar
                0x0000000008003b78      0x170 Core/Src/stm32746g_discovery_lcd.o
 .text.LL_FillBuffer
                0x0000000008003ce8       0x98 Core/Src/stm32746g_discovery_lcd.o
 .text.BSP_SDRAM_Init
                0x0000000008003d80       0xbc Core/Src/stm32746g_discovery_sdram.o
                0x0000000008003d80                BSP_SDRAM_Init
 .text.BSP_SDRAM_Initialization_sequence
                0x0000000008003e3c       0xc0 Core/Src/stm32746g_discovery_sdram.o
                0x0000000008003e3c                BSP_SDRAM_Initialization_sequence
 .text.BSP_SDRAM_MspInit
                0x0000000008003efc      0x1f0 Core/Src/stm32746g_discovery_sdram.o
                0x0000000008003efc                BSP_SDRAM_MspInit
 .text.BSP_TS_Init
                0x00000000080040ec       0x80 Core/Src/stm32746g_discovery_ts.o
                0x00000000080040ec                BSP_TS_Init
 .text.HAL_MspInit
                0x000000000800416c       0x50 Core/Src/stm32f7xx_hal_msp.o
                0x000000000800416c                HAL_MspInit
 .text.HAL_ADC_MspInit
                0x00000000080041bc       0xdc Core/Src/stm32f7xx_hal_msp.o
                0x00000000080041bc                HAL_ADC_MspInit
 .text.HAL_DAC_MspInit
                0x0000000008004298       0x90 Core/Src/stm32f7xx_hal_msp.o
                0x0000000008004298                HAL_DAC_MspInit
 .text.HAL_DMA2D_MspInit
                0x0000000008004328       0x40 Core/Src/stm32f7xx_hal_msp.o
                0x0000000008004328                HAL_DMA2D_MspInit
 .text.HAL_I2C_MspInit
                0x0000000008004368       0xf0 Core/Src/stm32f7xx_hal_msp.o
                0x0000000008004368                HAL_I2C_MspInit
 .text.HAL_I2C_MspDeInit
                0x0000000008004458       0x78 Core/Src/stm32f7xx_hal_msp.o
                0x0000000008004458                HAL_I2C_MspDeInit
 .text.HAL_LTDC_MspInit
                0x00000000080044d0      0x190 Core/Src/stm32f7xx_hal_msp.o
                0x00000000080044d0                HAL_LTDC_MspInit
 .text.HAL_RTC_MspInit
                0x0000000008004660       0x34 Core/Src/stm32f7xx_hal_msp.o
                0x0000000008004660                HAL_RTC_MspInit
 .text.HAL_SPI_MspInit
                0x0000000008004694       0xe4 Core/Src/stm32f7xx_hal_msp.o
                0x0000000008004694                HAL_SPI_MspInit
 .text.HAL_TIM_Base_MspInit
                0x0000000008004778       0xdc Core/Src/stm32f7xx_hal_msp.o
                0x0000000008004778                HAL_TIM_Base_MspInit
 .text.HAL_TIM_MspPostInit
                0x0000000008004854       0xbc Core/Src/stm32f7xx_hal_msp.o
                0x0000000008004854                HAL_TIM_MspPostInit
 .text.HAL_UART_MspInit
                0x0000000008004910      0x19c Core/Src/stm32f7xx_hal_msp.o
                0x0000000008004910                HAL_UART_MspInit
 .text.HAL_FMC_MspInit
                0x0000000008004aac      0x120 Core/Src/stm32f7xx_hal_msp.o
 .text.HAL_SDRAM_MspInit
                0x0000000008004bcc       0x14 Core/Src/stm32f7xx_hal_msp.o
                0x0000000008004bcc                HAL_SDRAM_MspInit
 .text.HAL_InitTick
                0x0000000008004be0       0xb0 Core/Src/stm32f7xx_hal_timebase_tim.o
                0x0000000008004be0                HAL_InitTick
 .text.NMI_Handler
                0x0000000008004c90        0x6 Core/Src/stm32f7xx_it.o
                0x0000000008004c90                NMI_Handler
 .text.HardFault_Handler
                0x0000000008004c96        0x6 Core/Src/stm32f7xx_it.o
                0x0000000008004c96                HardFault_Handler
 .text.MemManage_Handler
                0x0000000008004c9c        0x6 Core/Src/stm32f7xx_it.o
                0x0000000008004c9c                MemManage_Handler
 .text.BusFault_Handler
                0x0000000008004ca2        0x6 Core/Src/stm32f7xx_it.o
                0x0000000008004ca2                BusFault_Handler
 .text.UsageFault_Handler
                0x0000000008004ca8        0x6 Core/Src/stm32f7xx_it.o
                0x0000000008004ca8                UsageFault_Handler
 .text.DebugMon_Handler
                0x0000000008004cae        0xe Core/Src/stm32f7xx_it.o
                0x0000000008004cae                DebugMon_Handler
 .text.USART1_IRQHandler
                0x0000000008004cbc       0x14 Core/Src/stm32f7xx_it.o
                0x0000000008004cbc                USART1_IRQHandler
 .text.TIM6_DAC_IRQHandler
                0x0000000008004cd0       0x1c Core/Src/stm32f7xx_it.o
                0x0000000008004cd0                TIM6_DAC_IRQHandler
 .text.LTDC_IRQHandler
                0x0000000008004cec       0x14 Core/Src/stm32f7xx_it.o
                0x0000000008004cec                LTDC_IRQHandler
 .text._sbrk    0x0000000008004d00       0x6c Core/Src/sysmem.o
                0x0000000008004d00                _sbrk
 .text.SystemInit
                0x0000000008004d6c       0x2c Core/Src/system_stm32f7xx.o
                0x0000000008004d6c                SystemInit
 .text.Reset_Handler
                0x0000000008004d98       0x50 Core/Startup/startup_stm32f746nghx.o
                0x0000000008004d98                Reset_Handler
 .text.Default_Handler
                0x0000000008004de8        0x2 Core/Startup/startup_stm32f746nghx.o
                0x0000000008004de8                RTC_Alarm_IRQHandler
                0x0000000008004de8                EXTI2_IRQHandler
                0x0000000008004de8                TIM8_CC_IRQHandler
                0x0000000008004de8                UART8_IRQHandler
                0x0000000008004de8                SPI4_IRQHandler
                0x0000000008004de8                TIM1_CC_IRQHandler
                0x0000000008004de8                DMA2_Stream5_IRQHandler
                0x0000000008004de8                DMA1_Stream5_IRQHandler
                0x0000000008004de8                PVD_IRQHandler
                0x0000000008004de8                TAMP_STAMP_IRQHandler
                0x0000000008004de8                CAN2_RX1_IRQHandler
                0x0000000008004de8                EXTI3_IRQHandler
                0x0000000008004de8                TIM8_TRG_COM_TIM14_IRQHandler
                0x0000000008004de8                TIM1_UP_TIM10_IRQHandler
                0x0000000008004de8                TIM8_UP_TIM13_IRQHandler
                0x0000000008004de8                I2C3_ER_IRQHandler
                0x0000000008004de8                EXTI0_IRQHandler
                0x0000000008004de8                I2C2_EV_IRQHandler
                0x0000000008004de8                DMA1_Stream2_IRQHandler
                0x0000000008004de8                CAN1_RX0_IRQHandler
                0x0000000008004de8                FPU_IRQHandler
                0x0000000008004de8                OTG_HS_WKUP_IRQHandler
                0x0000000008004de8                LTDC_ER_IRQHandler
                0x0000000008004de8                CAN2_SCE_IRQHandler
                0x0000000008004de8                DMA2_Stream2_IRQHandler
                0x0000000008004de8                SPI1_IRQHandler
                0x0000000008004de8                TIM1_BRK_TIM9_IRQHandler
                0x0000000008004de8                DCMI_IRQHandler
                0x0000000008004de8                CAN2_RX0_IRQHandler
                0x0000000008004de8                DMA2_Stream3_IRQHandler
                0x0000000008004de8                SAI2_IRQHandler
                0x0000000008004de8                USART6_IRQHandler
                0x0000000008004de8                USART3_IRQHandler
                0x0000000008004de8                CAN1_RX1_IRQHandler
                0x0000000008004de8                UART5_IRQHandler
                0x0000000008004de8                DMA2_Stream0_IRQHandler
                0x0000000008004de8                TIM4_IRQHandler
                0x0000000008004de8                QUADSPI_IRQHandler
                0x0000000008004de8                I2C1_EV_IRQHandler
                0x0000000008004de8                DMA1_Stream6_IRQHandler
                0x0000000008004de8                DMA1_Stream1_IRQHandler
                0x0000000008004de8                UART4_IRQHandler
                0x0000000008004de8                TIM3_IRQHandler
                0x0000000008004de8                RCC_IRQHandler
                0x0000000008004de8                TIM8_BRK_TIM12_IRQHandler
                0x0000000008004de8                Default_Handler
                0x0000000008004de8                CEC_IRQHandler
                0x0000000008004de8                EXTI15_10_IRQHandler
                0x0000000008004de8                ADC_IRQHandler
                0x0000000008004de8                DMA1_Stream7_IRQHandler
                0x0000000008004de8                SPI5_IRQHandler
                0x0000000008004de8                TIM7_IRQHandler
                0x0000000008004de8                SDMMC1_IRQHandler
                0x0000000008004de8                CAN2_TX_IRQHandler
                0x0000000008004de8                TIM5_IRQHandler
                0x0000000008004de8                DMA2_Stream7_IRQHandler
                0x0000000008004de8                I2C3_EV_IRQHandler
                0x0000000008004de8                EXTI9_5_IRQHandler
                0x0000000008004de8                RTC_WKUP_IRQHandler
                0x0000000008004de8                ETH_WKUP_IRQHandler
                0x0000000008004de8                SPDIF_RX_IRQHandler
                0x0000000008004de8                SPI2_IRQHandler
                0x0000000008004de8                OTG_HS_EP1_IN_IRQHandler
                0x0000000008004de8                DMA1_Stream0_IRQHandler
                0x0000000008004de8                CAN1_TX_IRQHandler
                0x0000000008004de8                EXTI4_IRQHandler
                0x0000000008004de8                RNG_IRQHandler
                0x0000000008004de8                ETH_IRQHandler
                0x0000000008004de8                OTG_HS_EP1_OUT_IRQHandler
                0x0000000008004de8                WWDG_IRQHandler
                0x0000000008004de8                SPI6_IRQHandler
                0x0000000008004de8                I2C4_EV_IRQHandler
                0x0000000008004de8                TIM2_IRQHandler
                0x0000000008004de8                OTG_FS_WKUP_IRQHandler
                0x0000000008004de8                TIM1_TRG_COM_TIM11_IRQHandler
                0x0000000008004de8                OTG_HS_IRQHandler
                0x0000000008004de8                DMA2D_IRQHandler
                0x0000000008004de8                EXTI1_IRQHandler
                0x0000000008004de8                UART7_IRQHandler
                0x0000000008004de8                USART2_IRQHandler
                0x0000000008004de8                I2C2_ER_IRQHandler
                0x0000000008004de8                DMA2_Stream1_IRQHandler
                0x0000000008004de8                CAN1_SCE_IRQHandler
                0x0000000008004de8                FLASH_IRQHandler
                0x0000000008004de8                DMA2_Stream4_IRQHandler
                0x0000000008004de8                OTG_FS_IRQHandler
                0x0000000008004de8                SPI3_IRQHandler
                0x0000000008004de8                DMA1_Stream4_IRQHandler
                0x0000000008004de8                I2C1_ER_IRQHandler
                0x0000000008004de8                FMC_IRQHandler
                0x0000000008004de8                LPTIM1_IRQHandler
                0x0000000008004de8                I2C4_ER_IRQHandler
                0x0000000008004de8                DMA2_Stream6_IRQHandler
                0x0000000008004de8                SAI1_IRQHandler
                0x0000000008004de8                DMA1_Stream3_IRQHandler
 .text.HAL_Init
                0x0000000008004dea       0x1a Drivers/STM32F7xx_HAL_Driver/Src/stm32f7xx_hal.o
                0x0000000008004dea                HAL_Init
 .text.HAL_IncTick
                0x0000000008004e04       0x28 Drivers/STM32F7xx_HAL_Driver/Src/stm32f7xx_hal.o
                0x0000000008004e04                HAL_IncTick
 .text.HAL_GetTick
                0x0000000008004e2c       0x18 Drivers/STM32F7xx_HAL_Driver/Src/stm32f7xx_hal.o
                0x0000000008004e2c                HAL_GetTick
 .text.HAL_Delay
                0x0000000008004e44       0x44 Drivers/STM32F7xx_HAL_Driver/Src/stm32f7xx_hal.o
                0x0000000008004e44                HAL_Delay
 .text.HAL_ADC_Init
                0x0000000008004e88       0x88 Drivers/STM32F7xx_HAL_Driver/Src/stm32f7xx_hal_adc.o
                0x0000000008004e88                HAL_ADC_Init
 .text.HAL_ADC_Start
                0x0000000008004f10      0x180 Drivers/STM32F7xx_HAL_Driver/Src/stm32f7xx_hal_adc.o
                0x0000000008004f10                HAL_ADC_Start
 .text.HAL_ADC_PollForConversion
                0x0000000008005090      0x108 Drivers/STM32F7xx_HAL_Driver/Src/stm32f7xx_hal_adc.o
                0x0000000008005090                HAL_ADC_PollForConversion
 .text.HAL_ADC_GetValue
                0x0000000008005198       0x1a Drivers/STM32F7xx_HAL_Driver/Src/stm32f7xx_hal_adc.o
                0x0000000008005198                HAL_ADC_GetValue
 *fill*         0x00000000080051b2        0x2 
 .text.HAL_ADC_ConfigChannel
                0x00000000080051b4      0x294 Drivers/STM32F7xx_HAL_Driver/Src/stm32f7xx_hal_adc.o
                0x00000000080051b4                HAL_ADC_ConfigChannel
 .text.ADC_Init
                0x0000000008005448      0x1f4 Drivers/STM32F7xx_HAL_Driver/Src/stm32f7xx_hal_adc.o
 .text.__NVIC_SetPriorityGrouping
                0x000000000800563c       0x48 Drivers/STM32F7xx_HAL_Driver/Src/stm32f7xx_hal_cortex.o
 .text.__NVIC_GetPriorityGrouping
                0x0000000008005684       0x1c Drivers/STM32F7xx_HAL_Driver/Src/stm32f7xx_hal_cortex.o
 .text.__NVIC_EnableIRQ
                0x00000000080056a0       0x3c Drivers/STM32F7xx_HAL_Driver/Src/stm32f7xx_hal_cortex.o
 .text.__NVIC_SetPriority
                0x00000000080056dc       0x54 Drivers/STM32F7xx_HAL_Driver/Src/stm32f7xx_hal_cortex.o
 .text.NVIC_EncodePriority
                0x0000000008005730       0x66 Drivers/STM32F7xx_HAL_Driver/Src/stm32f7xx_hal_cortex.o
 .text.HAL_NVIC_SetPriorityGrouping
                0x0000000008005796       0x16 Drivers/STM32F7xx_HAL_Driver/Src/stm32f7xx_hal_cortex.o
                0x0000000008005796                HAL_NVIC_SetPriorityGrouping
 .text.HAL_NVIC_SetPriority
                0x00000000080057ac       0x38 Drivers/STM32F7xx_HAL_Driver/Src/stm32f7xx_hal_cortex.o
                0x00000000080057ac                HAL_NVIC_SetPriority
 .text.HAL_NVIC_EnableIRQ
                0x00000000080057e4       0x1c Drivers/STM32F7xx_HAL_Driver/Src/stm32f7xx_hal_cortex.o
                0x00000000080057e4                HAL_NVIC_EnableIRQ
 .text.HAL_DAC_Init
                0x0000000008005800       0x44 Drivers/STM32F7xx_HAL_Driver/Src/stm32f7xx_hal_dac.o
                0x0000000008005800                HAL_DAC_Init
 .text.HAL_DAC_IRQHandler
                0x0000000008005844       0x94 Drivers/STM32F7xx_HAL_Driver/Src/stm32f7xx_hal_dac.o
                0x0000000008005844                HAL_DAC_IRQHandler
 .text.HAL_DAC_DMAUnderrunCallbackCh1
                0x00000000080058d8       0x14 Drivers/STM32F7xx_HAL_Driver/Src/stm32f7xx_hal_dac.o
                0x00000000080058d8                HAL_DAC_DMAUnderrunCallbackCh1
 .text.HAL_DAC_ConfigChannel
                0x00000000080058ec       0x9a Drivers/STM32F7xx_HAL_Driver/Src/stm32f7xx_hal_dac.o
                0x00000000080058ec                HAL_DAC_ConfigChannel
 .text.HAL_DACEx_DMAUnderrunCallbackCh2
                0x0000000008005986       0x14 Drivers/STM32F7xx_HAL_Driver/Src/stm32f7xx_hal_dac_ex.o
                0x0000000008005986                HAL_DACEx_DMAUnderrunCallbackCh2
 *fill*         0x000000000800599a        0x2 
 .text.HAL_DMA_Init
                0x000000000800599c      0x15c Drivers/STM32F7xx_HAL_Driver/Src/stm32f7xx_hal_dma.o
                0x000000000800599c                HAL_DMA_Init
 .text.HAL_DMA_DeInit
                0x0000000008005af8       0xbc Drivers/STM32F7xx_HAL_Driver/Src/stm32f7xx_hal_dma.o
                0x0000000008005af8                HAL_DMA_DeInit
 .text.HAL_DMA_Abort_IT
                0x0000000008005bb4       0x44 Drivers/STM32F7xx_HAL_Driver/Src/stm32f7xx_hal_dma.o
                0x0000000008005bb4                HAL_DMA_Abort_IT
 .text.DMA_CalcBaseAndBitshift
                0x0000000008005bf8       0x6c Drivers/STM32F7xx_HAL_Driver/Src/stm32f7xx_hal_dma.o
 .text.DMA_CheckFifoParam
                0x0000000008005c64       0xf4 Drivers/STM32F7xx_HAL_Driver/Src/stm32f7xx_hal_dma.o
 .text.HAL_DMA2D_Init
                0x0000000008005d58       0x94 Drivers/STM32F7xx_HAL_Driver/Src/stm32f7xx_hal_dma2d.o
                0x0000000008005d58                HAL_DMA2D_Init
 .text.HAL_DMA2D_Start
                0x0000000008005dec       0x56 Drivers/STM32F7xx_HAL_Driver/Src/stm32f7xx_hal_dma2d.o
                0x0000000008005dec                HAL_DMA2D_Start
 .text.HAL_DMA2D_PollForTransfer
                0x0000000008005e42      0x1d2 Drivers/STM32F7xx_HAL_Driver/Src/stm32f7xx_hal_dma2d.o
                0x0000000008005e42                HAL_DMA2D_PollForTransfer
 .text.HAL_DMA2D_ConfigLayer
                0x0000000008006014      0x124 Drivers/STM32F7xx_HAL_Driver/Src/stm32f7xx_hal_dma2d.o
                0x0000000008006014                HAL_DMA2D_ConfigLayer
 .text.DMA2D_SetConfig
                0x0000000008006138      0x138 Drivers/STM32F7xx_HAL_Driver/Src/stm32f7xx_hal_dma2d.o
 .text.HAL_GPIO_Init
                0x0000000008006270      0x354 Drivers/STM32F7xx_HAL_Driver/Src/stm32f7xx_hal_gpio.o
                0x0000000008006270                HAL_GPIO_Init
 .text.HAL_GPIO_DeInit
                0x00000000080065c4      0x214 Drivers/STM32F7xx_HAL_Driver/Src/stm32f7xx_hal_gpio.o
                0x00000000080065c4                HAL_GPIO_DeInit
 .text.HAL_GPIO_ReadPin
                0x00000000080067d8       0x30 Drivers/STM32F7xx_HAL_Driver/Src/stm32f7xx_hal_gpio.o
                0x00000000080067d8                HAL_GPIO_ReadPin
 .text.HAL_GPIO_WritePin
                0x0000000008006808       0x32 Drivers/STM32F7xx_HAL_Driver/Src/stm32f7xx_hal_gpio.o
                0x0000000008006808                HAL_GPIO_WritePin
 *fill*         0x000000000800683a        0x2 
 .text.HAL_I2C_Init
                0x000000000800683c      0x120 Drivers/STM32F7xx_HAL_Driver/Src/stm32f7xx_hal_i2c.o
                0x000000000800683c                HAL_I2C_Init
 .text.HAL_I2C_DeInit
                0x000000000800695c       0x5e Drivers/STM32F7xx_HAL_Driver/Src/stm32f7xx_hal_i2c.o
                0x000000000800695c                HAL_I2C_DeInit
 *fill*         0x00000000080069ba        0x2 
 .text.HAL_I2C_Mem_Write
                0x00000000080069bc      0x228 Drivers/STM32F7xx_HAL_Driver/Src/stm32f7xx_hal_i2c.o
                0x00000000080069bc                HAL_I2C_Mem_Write
 .text.HAL_I2C_Mem_Read
                0x0000000008006be4      0x234 Drivers/STM32F7xx_HAL_Driver/Src/stm32f7xx_hal_i2c.o
                0x0000000008006be4                HAL_I2C_Mem_Read
 .text.HAL_I2C_GetState
                0x0000000008006e18       0x1c Drivers/STM32F7xx_HAL_Driver/Src/stm32f7xx_hal_i2c.o
                0x0000000008006e18                HAL_I2C_GetState
 .text.I2C_RequestMemoryWrite
                0x0000000008006e34       0xa8 Drivers/STM32F7xx_HAL_Driver/Src/stm32f7xx_hal_i2c.o
 .text.I2C_RequestMemoryRead
                0x0000000008006edc       0xa8 Drivers/STM32F7xx_HAL_Driver/Src/stm32f7xx_hal_i2c.o
 .text.I2C_Flush_TXDR
                0x0000000008006f84       0x48 Drivers/STM32F7xx_HAL_Driver/Src/stm32f7xx_hal_i2c.o
 .text.I2C_WaitOnFlagUntilTimeout
                0x0000000008006fcc       0x80 Drivers/STM32F7xx_HAL_Driver/Src/stm32f7xx_hal_i2c.o
 .text.I2C_WaitOnTXISFlagUntilTimeout
                0x000000000800704c       0x80 Drivers/STM32F7xx_HAL_Driver/Src/stm32f7xx_hal_i2c.o
 .text.I2C_WaitOnSTOPFlagUntilTimeout
                0x00000000080070cc       0x78 Drivers/STM32F7xx_HAL_Driver/Src/stm32f7xx_hal_i2c.o
 .text.I2C_IsAcknowledgeFailed
                0x0000000008007144       0xcc Drivers/STM32F7xx_HAL_Driver/Src/stm32f7xx_hal_i2c.o
 .text.I2C_TransferConfig
                0x0000000008007210       0x5c Drivers/STM32F7xx_HAL_Driver/Src/stm32f7xx_hal_i2c.o
 .text.HAL_I2CEx_ConfigAnalogFilter
                0x000000000800726c       0x96 Drivers/STM32F7xx_HAL_Driver/Src/stm32f7xx_hal_i2c_ex.o
                0x000000000800726c                HAL_I2CEx_ConfigAnalogFilter
 .text.HAL_I2CEx_ConfigDigitalFilter
                0x0000000008007302       0x98 Drivers/STM32F7xx_HAL_Driver/Src/stm32f7xx_hal_i2c_ex.o
                0x0000000008007302                HAL_I2CEx_ConfigDigitalFilter
 *fill*         0x000000000800739a        0x2 
 .text.HAL_LTDC_Init
                0x000000000800739c      0x1a0 Drivers/STM32F7xx_HAL_Driver/Src/stm32f7xx_hal_ltdc.o
                0x000000000800739c                HAL_LTDC_Init
 .text.HAL_LTDC_IRQHandler
                0x000000000800753c      0x148 Drivers/STM32F7xx_HAL_Driver/Src/stm32f7xx_hal_ltdc.o
                0x000000000800753c                HAL_LTDC_IRQHandler
 .text.HAL_LTDC_ErrorCallback
                0x0000000008007684       0x14 Drivers/STM32F7xx_HAL_Driver/Src/stm32f7xx_hal_ltdc.o
                0x0000000008007684                HAL_LTDC_ErrorCallback
 .text.HAL_LTDC_LineEventCallback
                0x0000000008007698       0x14 Drivers/STM32F7xx_HAL_Driver/Src/stm32f7xx_hal_ltdc.o
                0x0000000008007698                HAL_LTDC_LineEventCallback
 .text.HAL_LTDC_ReloadEventCallback
                0x00000000080076ac       0x14 Drivers/STM32F7xx_HAL_Driver/Src/stm32f7xx_hal_ltdc.o
                0x00000000080076ac                HAL_LTDC_ReloadEventCallback
 .text.HAL_LTDC_ConfigLayer
                0x00000000080076c0       0x7c Drivers/STM32F7xx_HAL_Driver/Src/stm32f7xx_hal_ltdc.o
                0x00000000080076c0                HAL_LTDC_ConfigLayer
 .text.HAL_LTDC_GetState
                0x000000000800773c       0x1c Drivers/STM32F7xx_HAL_Driver/Src/stm32f7xx_hal_ltdc.o
                0x000000000800773c                HAL_LTDC_GetState
 .text.LTDC_SetConfig
                0x0000000008007758      0x334 Drivers/STM32F7xx_HAL_Driver/Src/stm32f7xx_hal_ltdc.o
 .text.HAL_PWR_EnableBkUpAccess
                0x0000000008007a8c       0x20 Drivers/STM32F7xx_HAL_Driver/Src/stm32f7xx_hal_pwr.o
                0x0000000008007a8c                HAL_PWR_EnableBkUpAccess
 .text.HAL_PWREx_EnableOverDrive
                0x0000000008007aac       0xa0 Drivers/STM32F7xx_HAL_Driver/Src/stm32f7xx_hal_pwr_ex.o
                0x0000000008007aac                HAL_PWREx_EnableOverDrive
 .text.HAL_RCC_OscConfig
                0x0000000008007b4c      0x548 Drivers/STM32F7xx_HAL_Driver/Src/stm32f7xx_hal_rcc.o
                0x0000000008007b4c                HAL_RCC_OscConfig
 .text.HAL_RCC_ClockConfig
                0x0000000008008094      0x1d8 Drivers/STM32F7xx_HAL_Driver/Src/stm32f7xx_hal_rcc.o
                0x0000000008008094                HAL_RCC_ClockConfig
 .text.HAL_RCC_GetSysClockFreq
                0x000000000800826c      0x164 Drivers/STM32F7xx_HAL_Driver/Src/stm32f7xx_hal_rcc.o
                0x000000000800826c                HAL_RCC_GetSysClockFreq
 .text.HAL_RCC_GetHCLKFreq
                0x00000000080083d0       0x18 Drivers/STM32F7xx_HAL_Driver/Src/stm32f7xx_hal_rcc.o
                0x00000000080083d0                HAL_RCC_GetHCLKFreq
 .text.HAL_RCC_GetPCLK1Freq
                0x00000000080083e8       0x28 Drivers/STM32F7xx_HAL_Driver/Src/stm32f7xx_hal_rcc.o
                0x00000000080083e8                HAL_RCC_GetPCLK1Freq
 .text.HAL_RCC_GetPCLK2Freq
                0x0000000008008410       0x28 Drivers/STM32F7xx_HAL_Driver/Src/stm32f7xx_hal_rcc.o
                0x0000000008008410                HAL_RCC_GetPCLK2Freq
 .text.HAL_RCC_GetClockConfig
                0x0000000008008438       0x64 Drivers/STM32F7xx_HAL_Driver/Src/stm32f7xx_hal_rcc.o
                0x0000000008008438                HAL_RCC_GetClockConfig
 .text.HAL_RCCEx_PeriphCLKConfig
                0x000000000800849c      0x7dc Drivers/STM32F7xx_HAL_Driver/Src/stm32f7xx_hal_rcc_ex.o
                0x000000000800849c                HAL_RCCEx_PeriphCLKConfig
 .text.HAL_RTC_Init
                0x0000000008008c78       0xf8 Drivers/STM32F7xx_HAL_Driver/Src/stm32f7xx_hal_rtc.o
                0x0000000008008c78                HAL_RTC_Init
 .text.HAL_RTC_SetTime
                0x0000000008008d70      0x17c Drivers/STM32F7xx_HAL_Driver/Src/stm32f7xx_hal_rtc.o
                0x0000000008008d70                HAL_RTC_SetTime
 .text.HAL_RTC_SetDate
                0x0000000008008eec      0x150 Drivers/STM32F7xx_HAL_Driver/Src/stm32f7xx_hal_rtc.o
                0x0000000008008eec                HAL_RTC_SetDate
 .text.HAL_RTC_SetAlarm
                0x000000000800903c      0x230 Drivers/STM32F7xx_HAL_Driver/Src/stm32f7xx_hal_rtc.o
                0x000000000800903c                HAL_RTC_SetAlarm
 .text.HAL_RTC_WaitForSynchro
                0x000000000800926c       0x50 Drivers/STM32F7xx_HAL_Driver/Src/stm32f7xx_hal_rtc.o
                0x000000000800926c                HAL_RTC_WaitForSynchro
 .text.RTC_EnterInitMode
                0x00000000080092bc       0x58 Drivers/STM32F7xx_HAL_Driver/Src/stm32f7xx_hal_rtc.o
                0x00000000080092bc                RTC_EnterInitMode
 .text.RTC_ByteToBcd2
                0x0000000008009314       0x3c Drivers/STM32F7xx_HAL_Driver/Src/stm32f7xx_hal_rtc.o
                0x0000000008009314                RTC_ByteToBcd2
 .text.HAL_RTCEx_SetTimeStamp
                0x0000000008009350       0xac Drivers/STM32F7xx_HAL_Driver/Src/stm32f7xx_hal_rtc_ex.o
                0x0000000008009350                HAL_RTCEx_SetTimeStamp
 .text.HAL_SDRAM_Init
                0x00000000080093fc       0x68 Drivers/STM32F7xx_HAL_Driver/Src/stm32f7xx_hal_sdram.o
                0x00000000080093fc                HAL_SDRAM_Init
 .text.HAL_SDRAM_SendCommand
                0x0000000008009464       0x56 Drivers/STM32F7xx_HAL_Driver/Src/stm32f7xx_hal_sdram.o
                0x0000000008009464                HAL_SDRAM_SendCommand
 .text.HAL_SDRAM_ProgramRefreshRate
                0x00000000080094ba       0x40 Drivers/STM32F7xx_HAL_Driver/Src/stm32f7xx_hal_sdram.o
                0x00000000080094ba                HAL_SDRAM_ProgramRefreshRate
 .text.HAL_SPI_Init
                0x00000000080094fa      0x124 Drivers/STM32F7xx_HAL_Driver/Src/stm32f7xx_hal_spi.o
                0x00000000080094fa                HAL_SPI_Init
 .text.HAL_TIM_Base_Init
                0x000000000800961e       0x56 Drivers/STM32F7xx_HAL_Driver/Src/stm32f7xx_hal_tim.o
                0x000000000800961e                HAL_TIM_Base_Init
 .text.HAL_TIM_Base_Start_IT
                0x0000000008009674       0x54 Drivers/STM32F7xx_HAL_Driver/Src/stm32f7xx_hal_tim.o
                0x0000000008009674                HAL_TIM_Base_Start_IT
 .text.HAL_TIM_PWM_Init
                0x00000000080096c8       0x56 Drivers/STM32F7xx_HAL_Driver/Src/stm32f7xx_hal_tim.o
                0x00000000080096c8                HAL_TIM_PWM_Init
 .text.HAL_TIM_PWM_MspInit
                0x000000000800971e       0x14 Drivers/STM32F7xx_HAL_Driver/Src/stm32f7xx_hal_tim.o
                0x000000000800971e                HAL_TIM_PWM_MspInit
 .text.HAL_TIM_IRQHandler
                0x0000000008009732      0x23e Drivers/STM32F7xx_HAL_Driver/Src/stm32f7xx_hal_tim.o
                0x0000000008009732                HAL_TIM_IRQHandler
 .text.HAL_TIM_PWM_ConfigChannel
                0x0000000008009970      0x230 Drivers/STM32F7xx_HAL_Driver/Src/stm32f7xx_hal_tim.o
                0x0000000008009970                HAL_TIM_PWM_ConfigChannel
 .text.HAL_TIM_ConfigClockSource
                0x0000000008009ba0      0x174 Drivers/STM32F7xx_HAL_Driver/Src/stm32f7xx_hal_tim.o
                0x0000000008009ba0                HAL_TIM_ConfigClockSource
 .text.HAL_TIM_SlaveConfigSynchro
                0x0000000008009d14       0x84 Drivers/STM32F7xx_HAL_Driver/Src/stm32f7xx_hal_tim.o
                0x0000000008009d14                HAL_TIM_SlaveConfigSynchro
 .text.HAL_TIM_OC_DelayElapsedCallback
                0x0000000008009d98       0x14 Drivers/STM32F7xx_HAL_Driver/Src/stm32f7xx_hal_tim.o
                0x0000000008009d98                HAL_TIM_OC_DelayElapsedCallback
 .text.HAL_TIM_IC_CaptureCallback
                0x0000000008009dac       0x14 Drivers/STM32F7xx_HAL_Driver/Src/stm32f7xx_hal_tim.o
                0x0000000008009dac                HAL_TIM_IC_CaptureCallback
 .text.HAL_TIM_PWM_PulseFinishedCallback
                0x0000000008009dc0       0x14 Drivers/STM32F7xx_HAL_Driver/Src/stm32f7xx_hal_tim.o
                0x0000000008009dc0                HAL_TIM_PWM_PulseFinishedCallback
 .text.HAL_TIM_TriggerCallback
                0x0000000008009dd4       0x14 Drivers/STM32F7xx_HAL_Driver/Src/stm32f7xx_hal_tim.o
                0x0000000008009dd4                HAL_TIM_TriggerCallback
 .text.TIM_Base_SetConfig
                0x0000000008009de8      0x140 Drivers/STM32F7xx_HAL_Driver/Src/stm32f7xx_hal_tim.o
                0x0000000008009de8                TIM_Base_SetConfig
 .text.TIM_OC1_SetConfig
                0x0000000008009f28       0xe4 Drivers/STM32F7xx_HAL_Driver/Src/stm32f7xx_hal_tim.o
 .text.TIM_OC2_SetConfig
                0x000000000800a00c       0xf0 Drivers/STM32F7xx_HAL_Driver/Src/stm32f7xx_hal_tim.o
                0x000000000800a00c                TIM_OC2_SetConfig
 .text.TIM_OC3_SetConfig
                0x000000000800a0fc       0xec Drivers/STM32F7xx_HAL_Driver/Src/stm32f7xx_hal_tim.o
 .text.TIM_OC4_SetConfig
                0x000000000800a1e8       0xb0 Drivers/STM32F7xx_HAL_Driver/Src/stm32f7xx_hal_tim.o
 .text.TIM_OC5_SetConfig
                0x000000000800a298       0xa4 Drivers/STM32F7xx_HAL_Driver/Src/stm32f7xx_hal_tim.o
 .text.TIM_OC6_SetConfig
                0x000000000800a33c       0xa8 Drivers/STM32F7xx_HAL_Driver/Src/stm32f7xx_hal_tim.o
 .text.TIM_SlaveTimer_SetConfig
                0x000000000800a3e4      0x110 Drivers/STM32F7xx_HAL_Driver/Src/stm32f7xx_hal_tim.o
 .text.TIM_TI1_ConfigInputStage
                0x000000000800a4f4       0x5e Drivers/STM32F7xx_HAL_Driver/Src/stm32f7xx_hal_tim.o
 .text.TIM_TI2_ConfigInputStage
                0x000000000800a552       0x60 Drivers/STM32F7xx_HAL_Driver/Src/stm32f7xx_hal_tim.o
 .text.TIM_ITRx_SetConfig
                0x000000000800a5b2       0x36 Drivers/STM32F7xx_HAL_Driver/Src/stm32f7xx_hal_tim.o
 .text.TIM_ETR_SetConfig
                0x000000000800a5e8       0x40 Drivers/STM32F7xx_HAL_Driver/Src/stm32f7xx_hal_tim.o
                0x000000000800a5e8                TIM_ETR_SetConfig
 .text.HAL_TIMEx_MasterConfigSynchronization
                0x000000000800a628      0x11c Drivers/STM32F7xx_HAL_Driver/Src/stm32f7xx_hal_tim_ex.o
                0x000000000800a628                HAL_TIMEx_MasterConfigSynchronization
 .text.HAL_TIMEx_ConfigBreakDeadTime
                0x000000000800a744       0xfc Drivers/STM32F7xx_HAL_Driver/Src/stm32f7xx_hal_tim_ex.o
                0x000000000800a744                HAL_TIMEx_ConfigBreakDeadTime
 .text.HAL_TIMEx_CommutCallback
                0x000000000800a840       0x14 Drivers/STM32F7xx_HAL_Driver/Src/stm32f7xx_hal_tim_ex.o
                0x000000000800a840                HAL_TIMEx_CommutCallback
 .text.HAL_TIMEx_BreakCallback
                0x000000000800a854       0x14 Drivers/STM32F7xx_HAL_Driver/Src/stm32f7xx_hal_tim_ex.o
                0x000000000800a854                HAL_TIMEx_BreakCallback
 .text.HAL_TIMEx_Break2Callback
                0x000000000800a868       0x14 Drivers/STM32F7xx_HAL_Driver/Src/stm32f7xx_hal_tim_ex.o
                0x000000000800a868                HAL_TIMEx_Break2Callback
 .text.HAL_UART_Init
                0x000000000800a87c       0x9c Drivers/STM32F7xx_HAL_Driver/Src/stm32f7xx_hal_uart.o
                0x000000000800a87c                HAL_UART_Init
 .text.HAL_UART_IRQHandler
                0x000000000800a918      0x264 Drivers/STM32F7xx_HAL_Driver/Src/stm32f7xx_hal_uart.o
                0x000000000800a918                HAL_UART_IRQHandler
 .text.HAL_UART_TxCpltCallback
                0x000000000800ab7c       0x14 Drivers/STM32F7xx_HAL_Driver/Src/stm32f7xx_hal_uart.o
                0x000000000800ab7c                HAL_UART_TxCpltCallback
 .text.HAL_UART_ErrorCallback
                0x000000000800ab90       0x14 Drivers/STM32F7xx_HAL_Driver/Src/stm32f7xx_hal_uart.o
                0x000000000800ab90                HAL_UART_ErrorCallback
 .text.UART_SetConfig
                0x000000000800aba4      0x554 Drivers/STM32F7xx_HAL_Driver/Src/stm32f7xx_hal_uart.o
                0x000000000800aba4                UART_SetConfig
 .text.UART_AdvFeatureConfig
                0x000000000800b0f8      0x144 Drivers/STM32F7xx_HAL_Driver/Src/stm32f7xx_hal_uart.o
                0x000000000800b0f8                UART_AdvFeatureConfig
 .text.UART_CheckIdleState
                0x000000000800b23c       0x5e Drivers/STM32F7xx_HAL_Driver/Src/stm32f7xx_hal_uart.o
                0x000000000800b23c                UART_CheckIdleState
 .text.UART_WaitOnFlagUntilTimeout
                0x000000000800b29a       0xf6 Drivers/STM32F7xx_HAL_Driver/Src/stm32f7xx_hal_uart.o
                0x000000000800b29a                UART_WaitOnFlagUntilTimeout
 .text.UART_EndRxTransfer
                0x000000000800b390       0x40 Drivers/STM32F7xx_HAL_Driver/Src/stm32f7xx_hal_uart.o
 .text.UART_DMAAbortOnError
                0x000000000800b3d0       0x2c Drivers/STM32F7xx_HAL_Driver/Src/stm32f7xx_hal_uart.o
 .text.UART_EndTransmit_IT
                0x000000000800b3fc       0x32 Drivers/STM32F7xx_HAL_Driver/Src/stm32f7xx_hal_uart.o
 *fill*         0x000000000800b42e        0x2 
 .text.FMC_SDRAM_Init
                0x000000000800b430       0xe4 Drivers/STM32F7xx_HAL_Driver/Src/stm32f7xx_ll_fmc.o
                0x000000000800b430                FMC_SDRAM_Init
 .text.FMC_SDRAM_Timing_Init
                0x000000000800b514      0x100 Drivers/STM32F7xx_HAL_Driver/Src/stm32f7xx_ll_fmc.o
                0x000000000800b514                FMC_SDRAM_Timing_Init
 .text.FMC_SDRAM_SendCommand
                0x000000000800b614       0x42 Drivers/STM32F7xx_HAL_Driver/Src/stm32f7xx_ll_fmc.o
                0x000000000800b614                FMC_SDRAM_SendCommand
 .text.FMC_SDRAM_ProgramRefreshRate
                0x000000000800b656       0x26 Drivers/STM32F7xx_HAL_Driver/Src/stm32f7xx_ll_fmc.o
                0x000000000800b656                FMC_SDRAM_ProgramRefreshRate
 .text.makeFreeRtosPriority
                0x000000000800b67c       0x30 Middlewares/Third_Party/FreeRTOS/Source/CMSIS_RTOS/cmsis_os.o
 .text.osKernelStart
                0x000000000800b6ac        0xe Middlewares/Third_Party/FreeRTOS/Source/CMSIS_RTOS/cmsis_os.o
                0x000000000800b6ac                osKernelStart
 .text.osThreadCreate
                0x000000000800b6ba       0x98 Middlewares/Third_Party/FreeRTOS/Source/CMSIS_RTOS/cmsis_os.o
                0x000000000800b6ba                osThreadCreate
 .text.osDelay  0x000000000800b752       0x28 Middlewares/Third_Party/FreeRTOS/Source/CMSIS_RTOS/cmsis_os.o
                0x000000000800b752                osDelay
 .text.osMutexCreate
                0x000000000800b77a       0x30 Middlewares/Third_Party/FreeRTOS/Source/CMSIS_RTOS/cmsis_os.o
                0x000000000800b77a                osMutexCreate
 .text.vListInitialise
                0x000000000800b7aa       0x40 Middlewares/Third_Party/FreeRTOS/Source/list.o
                0x000000000800b7aa                vListInitialise
 .text.vListInitialiseItem
                0x000000000800b7ea       0x1a Middlewares/Third_Party/FreeRTOS/Source/list.o
                0x000000000800b7ea                vListInitialiseItem
 .text.vListInsertEnd
                0x000000000800b804       0x48 Middlewares/Third_Party/FreeRTOS/Source/list.o
                0x000000000800b804                vListInsertEnd
 .text.vListInsert
                0x000000000800b84c       0x72 Middlewares/Third_Party/FreeRTOS/Source/list.o
                0x000000000800b84c                vListInsert
 .text.uxListRemove
                0x000000000800b8be       0x54 Middlewares/Third_Party/FreeRTOS/Source/list.o
                0x000000000800b8be                uxListRemove
 *fill*         0x000000000800b912        0x2 
 .text.xQueueGenericReset
                0x000000000800b914       0xd4 Middlewares/Third_Party/FreeRTOS/Source/queue.o
                0x000000000800b914                xQueueGenericReset
 .text.xQueueGenericCreateStatic
                0x000000000800b9e8       0xfa Middlewares/Third_Party/FreeRTOS/Source/queue.o
                0x000000000800b9e8                xQueueGenericCreateStatic
 .text.xQueueGenericCreate
                0x000000000800bae2       0x82 Middlewares/Third_Party/FreeRTOS/Source/queue.o
                0x000000000800bae2                xQueueGenericCreate
 .text.prvInitialiseNewQueue
                0x000000000800bb64       0x3e Middlewares/Third_Party/FreeRTOS/Source/queue.o
 .text.prvInitialiseMutex
                0x000000000800bba2       0x34 Middlewares/Third_Party/FreeRTOS/Source/queue.o
 .text.xQueueCreateMutex
                0x000000000800bbd6       0x30 Middlewares/Third_Party/FreeRTOS/Source/queue.o
                0x000000000800bbd6                xQueueCreateMutex
 .text.xQueueCreateMutexStatic
                0x000000000800bc06       0x36 Middlewares/Third_Party/FreeRTOS/Source/queue.o
                0x000000000800bc06                xQueueCreateMutexStatic
 .text.xQueueGenericSend
                0x000000000800bc3c      0x204 Middlewares/Third_Party/FreeRTOS/Source/queue.o
                0x000000000800bc3c                xQueueGenericSend
 .text.prvCopyDataToQueue
                0x000000000800be40       0xd4 Middlewares/Third_Party/FreeRTOS/Source/queue.o
 .text.prvUnlockQueue
                0x000000000800bf14       0xa4 Middlewares/Third_Party/FreeRTOS/Source/queue.o
 .text.prvIsQueueFull
                0x000000000800bfb8       0x30 Middlewares/Third_Party/FreeRTOS/Source/queue.o
 .text.xTaskCreateStatic
                0x000000000800bfe8       0xc0 Middlewares/Third_Party/FreeRTOS/Source/tasks.o
                0x000000000800bfe8                xTaskCreateStatic
 .text.xTaskCreate
                0x000000000800c0a8       0x8a Middlewares/Third_Party/FreeRTOS/Source/tasks.o
                0x000000000800c0a8                xTaskCreate
 .text.prvInitialiseNewTask
                0x000000000800c132      0x110 Middlewares/Third_Party/FreeRTOS/Source/tasks.o
 *fill*         0x000000000800c242        0x2 
 .text.prvAddNewTaskToReadyList
                0x000000000800c244       0xd4 Middlewares/Third_Party/FreeRTOS/Source/tasks.o
 .text.vTaskDelayUntil
                0x000000000800c318      0x100 Middlewares/Third_Party/FreeRTOS/Source/tasks.o
                0x000000000800c318                vTaskDelayUntil
 .text.vTaskDelay
                0x000000000800c418       0x6c Middlewares/Third_Party/FreeRTOS/Source/tasks.o
                0x000000000800c418                vTaskDelay
 .text.vTaskSuspend
                0x000000000800c484      0x128 Middlewares/Third_Party/FreeRTOS/Source/tasks.o
                0x000000000800c484                vTaskSuspend
 .text.prvTaskIsTaskSuspended
                0x000000000800c5ac       0x64 Middlewares/Third_Party/FreeRTOS/Source/tasks.o
 .text.vTaskResume
                0x000000000800c610       0xbc Middlewares/Third_Party/FreeRTOS/Source/tasks.o
                0x000000000800c610                vTaskResume
 .text.vTaskStartScheduler
                0x000000000800c6cc       0xc4 Middlewares/Third_Party/FreeRTOS/Source/tasks.o
                0x000000000800c6cc                vTaskStartScheduler
 .text.vTaskSuspendAll
                0x000000000800c790       0x1c Middlewares/Third_Party/FreeRTOS/Source/tasks.o
                0x000000000800c790                vTaskSuspendAll
 .text.xTaskResumeAll
                0x000000000800c7ac      0x13c Middlewares/Third_Party/FreeRTOS/Source/tasks.o
                0x000000000800c7ac                xTaskResumeAll
 .text.xTaskGetTickCount
                0x000000000800c8e8       0x20 Middlewares/Third_Party/FreeRTOS/Source/tasks.o
                0x000000000800c8e8                xTaskGetTickCount
 .text.xTaskIncrementTick
                0x000000000800c908      0x174 Middlewares/Third_Party/FreeRTOS/Source/tasks.o
                0x000000000800c908                xTaskIncrementTick
 .text.vTaskSwitchContext
                0x000000000800ca7c       0xb8 Middlewares/Third_Party/FreeRTOS/Source/tasks.o
                0x000000000800ca7c                vTaskSwitchContext
 .text.vTaskPlaceOnEventList
                0x000000000800cb34       0x4c Middlewares/Third_Party/FreeRTOS/Source/tasks.o
                0x000000000800cb34                vTaskPlaceOnEventList
 .text.xTaskRemoveFromEventList
                0x000000000800cb80       0xc8 Middlewares/Third_Party/FreeRTOS/Source/tasks.o
                0x000000000800cb80                xTaskRemoveFromEventList
 .text.vTaskInternalSetTimeOutState
                0x000000000800cc48       0x2c Middlewares/Third_Party/FreeRTOS/Source/tasks.o
                0x000000000800cc48                vTaskInternalSetTimeOutState
 .text.xTaskCheckForTimeOut
                0x000000000800cc74       0xc8 Middlewares/Third_Party/FreeRTOS/Source/tasks.o
                0x000000000800cc74                xTaskCheckForTimeOut
 .text.vTaskMissedYield
                0x000000000800cd3c       0x18 Middlewares/Third_Party/FreeRTOS/Source/tasks.o
                0x000000000800cd3c                vTaskMissedYield
 .text.prvIdleTask
                0x000000000800cd54       0x30 Middlewares/Third_Party/FreeRTOS/Source/tasks.o
 .text.prvInitialiseTaskLists
                0x000000000800cd84       0x80 Middlewares/Third_Party/FreeRTOS/Source/tasks.o
 .text.prvCheckTasksWaitingTermination
                0x000000000800ce04       0x58 Middlewares/Third_Party/FreeRTOS/Source/tasks.o
 .text.prvDeleteTCB
                0x000000000800ce5c       0x60 Middlewares/Third_Party/FreeRTOS/Source/tasks.o
 .text.prvResetNextTaskUnblockTime
                0x000000000800cebc       0x40 Middlewares/Third_Party/FreeRTOS/Source/tasks.o
 .text.xTaskGetSchedulerState
                0x000000000800cefc       0x3c Middlewares/Third_Party/FreeRTOS/Source/tasks.o
                0x000000000800cefc                xTaskGetSchedulerState
 .text.xTaskPriorityDisinherit
                0x000000000800cf38      0x110 Middlewares/Third_Party/FreeRTOS/Source/tasks.o
                0x000000000800cf38                xTaskPriorityDisinherit
 .text.prvAddCurrentTaskToDelayedList
                0x000000000800d048       0xcc Middlewares/Third_Party/FreeRTOS/Source/tasks.o
 .text.pxPortInitialiseStack
                0x000000000800d114       0x68 Middlewares/Third_Party/FreeRTOS/Source/portable/GCC/ARM_CM7/r0p1/port.o
                0x000000000800d114                pxPortInitialiseStack
 .text.prvTaskExitError
                0x000000000800d17c       0x5c Middlewares/Third_Party/FreeRTOS/Source/portable/GCC/ARM_CM7/r0p1/port.o
 *fill*         0x000000000800d1d8        0x8 
 .text.SVC_Handler
                0x000000000800d1e0       0x28 Middlewares/Third_Party/FreeRTOS/Source/portable/GCC/ARM_CM7/r0p1/port.o
                0x000000000800d1e0                SVC_Handler
 .text.prvPortStartFirstTask
                0x000000000800d208       0x28 Middlewares/Third_Party/FreeRTOS/Source/portable/GCC/ARM_CM7/r0p1/port.o
 .text.xPortStartScheduler
                0x000000000800d230       0xf8 Middlewares/Third_Party/FreeRTOS/Source/portable/GCC/ARM_CM7/r0p1/port.o
                0x000000000800d230                xPortStartScheduler
 .text.vPortEnterCritical
                0x000000000800d328       0x64 Middlewares/Third_Party/FreeRTOS/Source/portable/GCC/ARM_CM7/r0p1/port.o
                0x000000000800d328                vPortEnterCritical
 .text.vPortExitCritical
                0x000000000800d38c       0x54 Middlewares/Third_Party/FreeRTOS/Source/portable/GCC/ARM_CM7/r0p1/port.o
                0x000000000800d38c                vPortExitCritical
 .text.PendSV_Handler
                0x000000000800d3e0       0x68 Middlewares/Third_Party/FreeRTOS/Source/portable/GCC/ARM_CM7/r0p1/port.o
                0x000000000800d3e0                PendSV_Handler
 .text.SysTick_Handler
                0x000000000800d448       0x44 Middlewares/Third_Party/FreeRTOS/Source/portable/GCC/ARM_CM7/r0p1/port.o
                0x000000000800d448                SysTick_Handler
 .text.vPortSetupTimerInterrupt
                0x000000000800d48c       0x48 Middlewares/Third_Party/FreeRTOS/Source/portable/GCC/ARM_CM7/r0p1/port.o
                0x000000000800d48c                vPortSetupTimerInterrupt
 .text.vPortEnableVFP
                0x000000000800d4d4       0x14 Middlewares/Third_Party/FreeRTOS/Source/portable/GCC/ARM_CM7/r0p1/port.o
 .text.pvPortMalloc
                0x000000000800d4e8      0x190 Middlewares/Third_Party/FreeRTOS/Source/portable/MemMang/heap_4.o
                0x000000000800d4e8                pvPortMalloc
 .text.vPortFree
                0x000000000800d678       0xb8 Middlewares/Third_Party/FreeRTOS/Source/portable/MemMang/heap_4.o
                0x000000000800d678                vPortFree
 .text.prvHeapInit
                0x000000000800d730       0xc4 Middlewares/Third_Party/FreeRTOS/Source/portable/MemMang/heap_4.o
 .text.prvInsertBlockIntoFreeList
                0x000000000800d7f4       0xb4 Middlewares/Third_Party/FreeRTOS/Source/portable/MemMang/heap_4.o
 .text.__errno  0x000000000800d8a8        0xc c:/st/stm32cubeide_1.5.1/stm32cubeide/plugins/com.st.stm32cube.ide.mcu.externaltools.gnu-tools-for-stm32.7-2018-q2-update.win32_1.5.0.202011040924/tools/bin/../lib/gcc/arm-none-eabi/7.3.1/../../../../arm-none-eabi/lib/thumb/v7e-m/fpv4-sp/hard\libc_nano.a(lib_a-errno.o)
                0x000000000800d8a8                __errno
 .text.__libc_init_array
                0x000000000800d8b4       0x48 c:/st/stm32cubeide_1.5.1/stm32cubeide/plugins/com.st.stm32cube.ide.mcu.externaltools.gnu-tools-for-stm32.7-2018-q2-update.win32_1.5.0.202011040924/tools/bin/../lib/gcc/arm-none-eabi/7.3.1/../../../../arm-none-eabi/lib/thumb/v7e-m/fpv4-sp/hard\libc_nano.a(lib_a-init.o)
                0x000000000800d8b4                __libc_init_array
 .text.memcpy   0x000000000800d8fc       0x16 c:/st/stm32cubeide_1.5.1/stm32cubeide/plugins/com.st.stm32cube.ide.mcu.externaltools.gnu-tools-for-stm32.7-2018-q2-update.win32_1.5.0.202011040924/tools/bin/../lib/gcc/arm-none-eabi/7.3.1/../../../../arm-none-eabi/lib/thumb/v7e-m/fpv4-sp/hard\libc_nano.a(lib_a-memcpy-stub.o)
                0x000000000800d8fc                memcpy
 .text.memset   0x000000000800d912       0x10 c:/st/stm32cubeide_1.5.1/stm32cubeide/plugins/com.st.stm32cube.ide.mcu.externaltools.gnu-tools-for-stm32.7-2018-q2-update.win32_1.5.0.202011040924/tools/bin/../lib/gcc/arm-none-eabi/7.3.1/../../../../arm-none-eabi/lib/thumb/v7e-m/fpv4-sp/hard\libc_nano.a(lib_a-memset.o)
                0x000000000800d912                memset
 *fill*         0x000000000800d922        0x2 
 .text.sprintf  0x000000000800d924       0x40 c:/st/stm32cubeide_1.5.1/stm32cubeide/plugins/com.st.stm32cube.ide.mcu.externaltools.gnu-tools-for-stm32.7-2018-q2-update.win32_1.5.0.202011040924/tools/bin/../lib/gcc/arm-none-eabi/7.3.1/../../../../arm-none-eabi/lib/thumb/v7e-m/fpv4-sp/hard\libc_nano.a(lib_a-sprintf.o)
                0x000000000800d924                siprintf
                0x000000000800d924                sprintf
 .text.__ssputs_r
                0x000000000800d964       0xb4 c:/st/stm32cubeide_1.5.1/stm32cubeide/plugins/com.st.stm32cube.ide.mcu.externaltools.gnu-tools-for-stm32.7-2018-q2-update.win32_1.5.0.202011040924/tools/bin/../lib/gcc/arm-none-eabi/7.3.1/../../../../arm-none-eabi/lib/thumb/v7e-m/fpv4-sp/hard\libc_nano.a(lib_a-nano-svfprintf.o)
                0x000000000800d964                __ssputs_r
 .text._svfprintf_r
                0x000000000800da18      0x1f0 c:/st/stm32cubeide_1.5.1/stm32cubeide/plugins/com.st.stm32cube.ide.mcu.externaltools.gnu-tools-for-stm32.7-2018-q2-update.win32_1.5.0.202011040924/tools/bin/../lib/gcc/arm-none-eabi/7.3.1/../../../../arm-none-eabi/lib/thumb/v7e-m/fpv4-sp/hard\libc_nano.a(lib_a-nano-svfprintf.o)
                0x000000000800da18                _svfiprintf_r
                0x000000000800da18                _svfprintf_r
 .text._printf_common
                0x000000000800dc08       0xea c:/st/stm32cubeide_1.5.1/stm32cubeide/plugins/com.st.stm32cube.ide.mcu.externaltools.gnu-tools-for-stm32.7-2018-q2-update.win32_1.5.0.202011040924/tools/bin/../lib/gcc/arm-none-eabi/7.3.1/../../../../arm-none-eabi/lib/thumb/v7e-m/fpv4-sp/hard\libc_nano.a(lib_a-nano-vfprintf_i.o)
                0x000000000800dc08                _printf_common
 *fill*         0x000000000800dcf2        0x2 
 .text._printf_i
                0x000000000800dcf4      0x224 c:/st/stm32cubeide_1.5.1/stm32cubeide/plugins/com.st.stm32cube.ide.mcu.externaltools.gnu-tools-for-stm32.7-2018-q2-update.win32_1.5.0.202011040924/tools/bin/../lib/gcc/arm-none-eabi/7.3.1/../../../../arm-none-eabi/lib/thumb/v7e-m/fpv4-sp/hard\libc_nano.a(lib_a-nano-vfprintf_i.o)
                0x000000000800dcf4                _printf_i
 .text.memmove  0x000000000800df18       0x32 c:/st/stm32cubeide_1.5.1/stm32cubeide/plugins/com.st.stm32cube.ide.mcu.externaltools.gnu-tools-for-stm32.7-2018-q2-update.win32_1.5.0.202011040924/tools/bin/../lib/gcc/arm-none-eabi/7.3.1/../../../../arm-none-eabi/lib/thumb/v7e-m/fpv4-sp/hard\libc_nano.a(lib_a-memmove.o)
                0x000000000800df18                memmove
 *fill*         0x000000000800df4a        0x2 
 .text._free_r  0x000000000800df4c       0x9c c:/st/stm32cubeide_1.5.1/stm32cubeide/plugins/com.st.stm32cube.ide.mcu.externaltools.gnu-tools-for-stm32.7-2018-q2-update.win32_1.5.0.202011040924/tools/bin/../lib/gcc/arm-none-eabi/7.3.1/../../../../arm-none-eabi/lib/thumb/v7e-m/fpv4-sp/hard\libc_nano.a(lib_a-nano-freer.o)
                0x000000000800df4c                _free_r
 .text._malloc_r
                0x000000000800dfe8       0xb4 c:/st/stm32cubeide_1.5.1/stm32cubeide/plugins/com.st.stm32cube.ide.mcu.externaltools.gnu-tools-for-stm32.7-2018-q2-update.win32_1.5.0.202011040924/tools/bin/../lib/gcc/arm-none-eabi/7.3.1/../../../../arm-none-eabi/lib/thumb/v7e-m/fpv4-sp/hard\libc_nano.a(lib_a-nano-mallocr.o)
                0x000000000800dfe8                _malloc_r
 .text._realloc_r
                0x000000000800e09c       0x4c c:/st/stm32cubeide_1.5.1/stm32cubeide/plugins/com.st.stm32cube.ide.mcu.externaltools.gnu-tools-for-stm32.7-2018-q2-update.win32_1.5.0.202011040924/tools/bin/../lib/gcc/arm-none-eabi/7.3.1/../../../../arm-none-eabi/lib/thumb/v7e-m/fpv4-sp/hard\libc_nano.a(lib_a-nano-reallocr.o)
                0x000000000800e09c                _realloc_r
 .text._sbrk_r  0x000000000800e0e8       0x20 c:/st/stm32cubeide_1.5.1/stm32cubeide/plugins/com.st.stm32cube.ide.mcu.externaltools.gnu-tools-for-stm32.7-2018-q2-update.win32_1.5.0.202011040924/tools/bin/../lib/gcc/arm-none-eabi/7.3.1/../../../../arm-none-eabi/lib/thumb/v7e-m/fpv4-sp/hard\libc_nano.a(lib_a-sbrkr.o)
                0x000000000800e0e8                _sbrk_r
 .text.__malloc_lock
                0x000000000800e108        0x2 c:/st/stm32cubeide_1.5.1/stm32cubeide/plugins/com.st.stm32cube.ide.mcu.externaltools.gnu-tools-for-stm32.7-2018-q2-update.win32_1.5.0.202011040924/tools/bin/../lib/gcc/arm-none-eabi/7.3.1/../../../../arm-none-eabi/lib/thumb/v7e-m/fpv4-sp/hard\libc_nano.a(lib_a-mlock.o)
                0x000000000800e108                __malloc_lock
 .text.__malloc_unlock
                0x000000000800e10a        0x2 c:/st/stm32cubeide_1.5.1/stm32cubeide/plugins/com.st.stm32cube.ide.mcu.externaltools.gnu-tools-for-stm32.7-2018-q2-update.win32_1.5.0.202011040924/tools/bin/../lib/gcc/arm-none-eabi/7.3.1/../../../../arm-none-eabi/lib/thumb/v7e-m/fpv4-sp/hard\libc_nano.a(lib_a-mlock.o)
                0x000000000800e10a                __malloc_unlock
 .text._malloc_usable_size_r
                0x000000000800e10c       0x10 c:/st/stm32cubeide_1.5.1/stm32cubeide/plugins/com.st.stm32cube.ide.mcu.externaltools.gnu-tools-for-stm32.7-2018-q2-update.win32_1.5.0.202011040924/tools/bin/../lib/gcc/arm-none-eabi/7.3.1/../../../../arm-none-eabi/lib/thumb/v7e-m/fpv4-sp/hard\libc_nano.a(lib_a-nano-msizer.o)
                0x000000000800e10c                _malloc_usable_size_r
 *(.glue_7)
 .glue_7        0x000000000800e11c        0x0 linker stubs
 *(.glue_7t)
 .glue_7t       0x000000000800e11c        0x0 linker stubs
 *(.eh_frame)
 .eh_frame      0x000000000800e11c        0x0 c:/st/stm32cubeide_1.5.1/stm32cubeide/plugins/com.st.stm32cube.ide.mcu.externaltools.gnu-tools-for-stm32.7-2018-q2-update.win32_1.5.0.202011040924/tools/bin/../lib/gcc/arm-none-eabi/7.3.1/thumb/v7e-m/fpv4-sp/hard/crtbegin.o
 *(.init)
 .init          0x000000000800e11c        0x4 c:/st/stm32cubeide_1.5.1/stm32cubeide/plugins/com.st.stm32cube.ide.mcu.externaltools.gnu-tools-for-stm32.7-2018-q2-update.win32_1.5.0.202011040924/tools/bin/../lib/gcc/arm-none-eabi/7.3.1/thumb/v7e-m/fpv4-sp/hard/crti.o
                0x000000000800e11c                _init
 .init          0x000000000800e120        0x8 c:/st/stm32cubeide_1.5.1/stm32cubeide/plugins/com.st.stm32cube.ide.mcu.externaltools.gnu-tools-for-stm32.7-2018-q2-update.win32_1.5.0.202011040924/tools/bin/../lib/gcc/arm-none-eabi/7.3.1/thumb/v7e-m/fpv4-sp/hard/crtn.o
 *(.fini)
 .fini          0x000000000800e128        0x4 c:/st/stm32cubeide_1.5.1/stm32cubeide/plugins/com.st.stm32cube.ide.mcu.externaltools.gnu-tools-for-stm32.7-2018-q2-update.win32_1.5.0.202011040924/tools/bin/../lib/gcc/arm-none-eabi/7.3.1/thumb/v7e-m/fpv4-sp/hard/crti.o
                0x000000000800e128                _fini
 .fini          0x000000000800e12c        0x8 c:/st/stm32cubeide_1.5.1/stm32cubeide/plugins/com.st.stm32cube.ide.mcu.externaltools.gnu-tools-for-stm32.7-2018-q2-update.win32_1.5.0.202011040924/tools/bin/../lib/gcc/arm-none-eabi/7.3.1/thumb/v7e-m/fpv4-sp/hard/crtn.o
                0x000000000800e134                . = ALIGN (0x4)
                0x000000000800e134                _etext = .

.vfp11_veneer   0x000000000800e134        0x0
 .vfp11_veneer  0x000000000800e134        0x0 linker stubs

.v4_bx          0x000000000800e134        0x0
 .v4_bx         0x000000000800e134        0x0 linker stubs

.iplt           0x000000000800e134        0x0
 .iplt          0x000000000800e134        0x0 c:/st/stm32cubeide_1.5.1/stm32cubeide/plugins/com.st.stm32cube.ide.mcu.externaltools.gnu-tools-for-stm32.7-2018-q2-update.win32_1.5.0.202011040924/tools/bin/../lib/gcc/arm-none-eabi/7.3.1/thumb/v7e-m/fpv4-sp/hard/crtbegin.o

.rodata         0x000000000800e134     0x2058
                0x000000000800e134                . = ALIGN (0x4)
 *(.rodata)
 .rodata        0x000000000800e134       0xd0 Core/Src/main.o
 .rodata        0x000000000800e204        0x5 Middlewares/Third_Party/FreeRTOS/Source/tasks.o
 *(.rodata*)
 *fill*         0x000000000800e209        0x3 
 .rodata.Font24_Table
                0x000000000800e20c     0x1ab8 Core/Src/stm32746g_discovery_lcd.o
                0x000000000800e20c                Font24_Table
 .rodata.Font12_Table
                0x000000000800fcc4      0x474 Core/Src/stm32746g_discovery_lcd.o
                0x000000000800fcc4                Font12_Table
 .rodata.AHBPrescTable
                0x0000000008010138       0x10 Core/Src/system_stm32f7xx.o
                0x0000000008010138                AHBPrescTable
 .rodata.APBPrescTable
                0x0000000008010148        0x8 Core/Src/system_stm32f7xx.o
                0x0000000008010148                APBPrescTable
 .rodata.flagBitshiftOffset.9876
                0x0000000008010150        0x8 Drivers/STM32F7xx_HAL_Driver/Src/stm32f7xx_hal_dma.o
 .rodata._svfprintf_r.str1.1
                0x0000000008010158       0x11 c:/st/stm32cubeide_1.5.1/stm32cubeide/plugins/com.st.stm32cube.ide.mcu.externaltools.gnu-tools-for-stm32.7-2018-q2-update.win32_1.5.0.202011040924/tools/bin/../lib/gcc/arm-none-eabi/7.3.1/../../../../arm-none-eabi/lib/thumb/v7e-m/fpv4-sp/hard\libc_nano.a(lib_a-nano-svfprintf.o)
 .rodata._printf_i.str1.1
                0x0000000008010169       0x22 c:/st/stm32cubeide_1.5.1/stm32cubeide/plugins/com.st.stm32cube.ide.mcu.externaltools.gnu-tools-for-stm32.7-2018-q2-update.win32_1.5.0.202011040924/tools/bin/../lib/gcc/arm-none-eabi/7.3.1/../../../../arm-none-eabi/lib/thumb/v7e-m/fpv4-sp/hard\libc_nano.a(lib_a-nano-vfprintf_i.o)
                0x000000000801018c                . = ALIGN (0x4)
 *fill*         0x000000000801018b        0x1 

.ARM.extab      0x000000000801018c        0x0
                0x000000000801018c                . = ALIGN (0x4)
 *(.ARM.extab* .gnu.linkonce.armextab.*)
                0x000000000801018c                . = ALIGN (0x4)

.ARM            0x000000000801018c        0x8
                0x000000000801018c                . = ALIGN (0x4)
                0x000000000801018c                __exidx_start = .
 *(.ARM.exidx*)
 .ARM.exidx     0x000000000801018c        0x8 c:/st/stm32cubeide_1.5.1/stm32cubeide/plugins/com.st.stm32cube.ide.mcu.externaltools.gnu-tools-for-stm32.7-2018-q2-update.win32_1.5.0.202011040924/tools/bin/../lib/gcc/arm-none-eabi/7.3.1/thumb/v7e-m/fpv4-sp/hard\libgcc.a(_udivmoddi4.o)
                0x0000000008010194                __exidx_end = .
                0x0000000008010194                . = ALIGN (0x4)

.rel.dyn        0x0000000008010194        0x0
 .rel.iplt      0x0000000008010194        0x0 c:/st/stm32cubeide_1.5.1/stm32cubeide/plugins/com.st.stm32cube.ide.mcu.externaltools.gnu-tools-for-stm32.7-2018-q2-update.win32_1.5.0.202011040924/tools/bin/../lib/gcc/arm-none-eabi/7.3.1/thumb/v7e-m/fpv4-sp/hard/crtbegin.o

.preinit_array  0x0000000008010194        0x0
                0x0000000008010194                . = ALIGN (0x4)
                0x0000000008010194                PROVIDE (__preinit_array_start = .)
 *(.preinit_array*)
                0x0000000008010194                PROVIDE (__preinit_array_end = .)
                0x0000000008010194                . = ALIGN (0x4)

.init_array     0x0000000008010194        0x4
                0x0000000008010194                . = ALIGN (0x4)
                0x0000000008010194                PROVIDE (__init_array_start = .)
 *(SORT_BY_NAME(.init_array.*))
 *(.init_array*)
 .init_array    0x0000000008010194        0x4 c:/st/stm32cubeide_1.5.1/stm32cubeide/plugins/com.st.stm32cube.ide.mcu.externaltools.gnu-tools-for-stm32.7-2018-q2-update.win32_1.5.0.202011040924/tools/bin/../lib/gcc/arm-none-eabi/7.3.1/thumb/v7e-m/fpv4-sp/hard/crtbegin.o
                0x0000000008010198                PROVIDE (__init_array_end = .)
                0x0000000008010198                . = ALIGN (0x4)

.fini_array     0x0000000008010198        0x4
                0x0000000008010198                . = ALIGN (0x4)
                [!provide]                        PROVIDE (__fini_array_start = .)
 *(SORT_BY_NAME(.fini_array.*))
 *(.fini_array*)
 .fini_array    0x0000000008010198        0x4 c:/st/stm32cubeide_1.5.1/stm32cubeide/plugins/com.st.stm32cube.ide.mcu.externaltools.gnu-tools-for-stm32.7-2018-q2-update.win32_1.5.0.202011040924/tools/bin/../lib/gcc/arm-none-eabi/7.3.1/thumb/v7e-m/fpv4-sp/hard/crtbegin.o
                [!provide]                        PROVIDE (__fini_array_end = .)
                0x000000000801019c                . = ALIGN (0x4)
                0x000000000801019c                _sidata = LOADADDR (.data)

.data           0x0000000020000000       0xc0 load address 0x000000000801019c
                0x0000000020000000                . = ALIGN (0x4)
                0x0000000020000000                _sdata = .
 *(.data)
 *(.data*)
 .data.ft5336_ts_drv
                0x0000000020000000       0x28 Core/Src/ft5336.o
                0x0000000020000000                ft5336_ts_drv
 .data.HAUTEUR_SOL
                0x0000000020000028        0x4 Core/Src/main.o
                0x0000000020000028                HAUTEUR_SOL
 .data.blocs_size
                0x000000002000002c        0x4 Core/Src/main.o
                0x000000002000002c                blocs_size
 .data.joueur_height
                0x0000000020000030        0x1 Core/Src/main.o
                0x0000000020000030                joueur_height
 .data.joueur_width
                0x0000000020000031        0x1 Core/Src/main.o
                0x0000000020000031                joueur_width
 .data.mechant_height
                0x0000000020000032        0x1 Core/Src/main.o
                0x0000000020000032                mechant_height
 .data.mechant_width
                0x0000000020000033        0x1 Core/Src/main.o
                0x0000000020000033                mechant_width
 .data.vies     0x0000000020000034        0x1 Core/Src/main.o
                0x0000000020000034                vies
 *fill*         0x0000000020000035        0x3 
 .data.Font24   0x0000000020000038        0x8 Core/Src/stm32746g_discovery_lcd.o
                0x0000000020000038                Font24
 .data.Font12   0x0000000020000040        0x8 Core/Src/stm32746g_discovery_lcd.o
                0x0000000020000040                Font12
 .data.sdramstatus.9792
                0x0000000020000048        0x1 Core/Src/stm32746g_discovery_sdram.o
 *fill*         0x0000000020000049        0x3 
 .data.SystemCoreClock
                0x000000002000004c        0x4 Core/Src/system_stm32f7xx.o
                0x000000002000004c                SystemCoreClock
 .data.uwTickPrio
                0x0000000020000050        0x4 Drivers/STM32F7xx_HAL_Driver/Src/stm32f7xx_hal.o
                0x0000000020000050                uwTickPrio
 .data.uwTickFreq
                0x0000000020000054        0x1 Drivers/STM32F7xx_HAL_Driver/Src/stm32f7xx_hal.o
                0x0000000020000054                uwTickFreq
 *fill*         0x0000000020000055        0x3 
 .data.uxCriticalNesting
                0x0000000020000058        0x4 Middlewares/Third_Party/FreeRTOS/Source/portable/GCC/ARM_CM7/r0p1/port.o
 .data._impure_ptr
                0x000000002000005c        0x4 c:/st/stm32cubeide_1.5.1/stm32cubeide/plugins/com.st.stm32cube.ide.mcu.externaltools.gnu-tools-for-stm32.7-2018-q2-update.win32_1.5.0.202011040924/tools/bin/../lib/gcc/arm-none-eabi/7.3.1/../../../../arm-none-eabi/lib/thumb/v7e-m/fpv4-sp/hard\libc_nano.a(lib_a-impure.o)
                0x000000002000005c                _impure_ptr
 .data.impure_data
                0x0000000020000060       0x60 c:/st/stm32cubeide_1.5.1/stm32cubeide/plugins/com.st.stm32cube.ide.mcu.externaltools.gnu-tools-for-stm32.7-2018-q2-update.win32_1.5.0.202011040924/tools/bin/../lib/gcc/arm-none-eabi/7.3.1/../../../../arm-none-eabi/lib/thumb/v7e-m/fpv4-sp/hard\libc_nano.a(lib_a-impure.o)
 *(.RamFunc)
 *(.RamFunc*)
                0x00000000200000c0                . = ALIGN (0x4)
                0x00000000200000c0                _edata = .

.igot.plt       0x00000000200000c0        0x0 load address 0x000000000801025c
 .igot.plt      0x00000000200000c0        0x0 c:/st/stm32cubeide_1.5.1/stm32cubeide/plugins/com.st.stm32cube.ide.mcu.externaltools.gnu-tools-for-stm32.7-2018-q2-update.win32_1.5.0.202011040924/tools/bin/../lib/gcc/arm-none-eabi/7.3.1/thumb/v7e-m/fpv4-sp/hard/crtbegin.o
                0x00000000200000c0                . = ALIGN (0x4)

.bss            0x00000000200000c0     0x8ce8 load address 0x000000000801025c
                0x00000000200000c0                _sbss = .
                0x00000000200000c0                __bss_start__ = _sbss
 *(.bss)
 .bss           0x00000000200000c0       0x1c c:/st/stm32cubeide_1.5.1/stm32cubeide/plugins/com.st.stm32cube.ide.mcu.externaltools.gnu-tools-for-stm32.7-2018-q2-update.win32_1.5.0.202011040924/tools/bin/../lib/gcc/arm-none-eabi/7.3.1/thumb/v7e-m/fpv4-sp/hard/crtbegin.o
 *(.bss*)
 .bss.xIdleTaskTCBBuffer
                0x00000000200000dc       0x54 Core/Src/freertos.o
 .bss.xIdleStack
                0x0000000020000130      0x200 Core/Src/freertos.o
 .bss.ft5336_handle
                0x0000000020000330        0x3 Core/Src/ft5336.o
 *fill*         0x0000000020000333        0x1 
 .bss.coord.5529
                0x0000000020000334        0x2 Core/Src/ft5336.o
 *fill*         0x0000000020000336        0x2 
 .bss.blocs     0x0000000020000338       0x3c Core/Src/main.o
                0x0000000020000338                blocs
 .bss.position_joueur
                0x0000000020000374       0x10 Core/Src/main.o
                0x0000000020000374                position_joueur
 .bss.position_pieces
                0x0000000020000384       0x28 Core/Src/main.o
                0x0000000020000384                position_pieces
 .bss.damage_cooldown
                0x00000000200003ac        0x1 Core/Src/main.o
                0x00000000200003ac                damage_cooldown
 .bss.game_state
                0x00000000200003ad        0x1 Core/Src/main.o
                0x00000000200003ad                game_state
 *fill*         0x00000000200003ae        0x2 
 .bss.hI2cAudioHandler
                0x00000000200003b0       0x4c Core/Src/stm32746g_discovery.o
 .bss.hDma2dHandler
                0x00000000200003fc       0x40 Core/Src/stm32746g_discovery_lcd.o
 .bss.ActiveLayer
                0x000000002000043c        0x4 Core/Src/stm32746g_discovery_lcd.o
 .bss.DrawProp  0x0000000020000440       0x18 Core/Src/stm32746g_discovery_lcd.o
 .bss.periph_clk_init_struct.10379
                0x0000000020000458       0x84 Core/Src/stm32746g_discovery_lcd.o
 .bss.Timing    0x00000000200004dc       0x1c Core/Src/stm32746g_discovery_sdram.o
 .bss.Command   0x00000000200004f8       0x10 Core/Src/stm32746g_discovery_sdram.o
 .bss.dma_handle.9828
                0x0000000020000508       0x60 Core/Src/stm32746g_discovery_sdram.o
 .bss.tsDriver  0x0000000020000568        0x4 Core/Src/stm32746g_discovery_ts.o
 .bss.tsXBoundary
                0x000000002000056c        0x2 Core/Src/stm32746g_discovery_ts.o
 .bss.tsYBoundary
                0x000000002000056e        0x2 Core/Src/stm32746g_discovery_ts.o
 .bss.tsOrientation
                0x0000000020000570        0x1 Core/Src/stm32746g_discovery_ts.o
 .bss.I2cAddress
                0x0000000020000571        0x1 Core/Src/stm32746g_discovery_ts.o
 *fill*         0x0000000020000572        0x2 
 .bss.FMC_Initialized
                0x0000000020000574        0x4 Core/Src/stm32f7xx_hal_msp.o
 .bss.__sbrk_heap_end
                0x0000000020000578        0x4 Core/Src/sysmem.o
 .bss.pxCurrentTCB
                0x000000002000057c        0x4 Middlewares/Third_Party/FreeRTOS/Source/tasks.o
                0x000000002000057c                pxCurrentTCB
 .bss.pxReadyTasksLists
                0x0000000020000580       0x8c Middlewares/Third_Party/FreeRTOS/Source/tasks.o
 .bss.xDelayedTaskList1
                0x000000002000060c       0x14 Middlewares/Third_Party/FreeRTOS/Source/tasks.o
 .bss.xDelayedTaskList2
                0x0000000020000620       0x14 Middlewares/Third_Party/FreeRTOS/Source/tasks.o
 .bss.pxDelayedTaskList
                0x0000000020000634        0x4 Middlewares/Third_Party/FreeRTOS/Source/tasks.o
 .bss.pxOverflowDelayedTaskList
                0x0000000020000638        0x4 Middlewares/Third_Party/FreeRTOS/Source/tasks.o
 .bss.xPendingReadyList
                0x000000002000063c       0x14 Middlewares/Third_Party/FreeRTOS/Source/tasks.o
 .bss.xTasksWaitingTermination
                0x0000000020000650       0x14 Middlewares/Third_Party/FreeRTOS/Source/tasks.o
 .bss.uxDeletedTasksWaitingCleanUp
                0x0000000020000664        0x4 Middlewares/Third_Party/FreeRTOS/Source/tasks.o
 .bss.xSuspendedTaskList
                0x0000000020000668       0x14 Middlewares/Third_Party/FreeRTOS/Source/tasks.o
 .bss.uxCurrentNumberOfTasks
                0x000000002000067c        0x4 Middlewares/Third_Party/FreeRTOS/Source/tasks.o
 .bss.xTickCount
                0x0000000020000680        0x4 Middlewares/Third_Party/FreeRTOS/Source/tasks.o
 .bss.uxTopReadyPriority
                0x0000000020000684        0x4 Middlewares/Third_Party/FreeRTOS/Source/tasks.o
 .bss.xSchedulerRunning
                0x0000000020000688        0x4 Middlewares/Third_Party/FreeRTOS/Source/tasks.o
 .bss.uxPendedTicks
                0x000000002000068c        0x4 Middlewares/Third_Party/FreeRTOS/Source/tasks.o
 .bss.xYieldPending
                0x0000000020000690        0x4 Middlewares/Third_Party/FreeRTOS/Source/tasks.o
 .bss.xNumOfOverflows
                0x0000000020000694        0x4 Middlewares/Third_Party/FreeRTOS/Source/tasks.o
 .bss.uxTaskNumber
                0x0000000020000698        0x4 Middlewares/Third_Party/FreeRTOS/Source/tasks.o
 .bss.xNextTaskUnblockTime
                0x000000002000069c        0x4 Middlewares/Third_Party/FreeRTOS/Source/tasks.o
 .bss.xIdleTaskHandle
                0x00000000200006a0        0x4 Middlewares/Third_Party/FreeRTOS/Source/tasks.o
 .bss.uxSchedulerSuspended
                0x00000000200006a4        0x4 Middlewares/Third_Party/FreeRTOS/Source/tasks.o
 .bss.ucMaxSysCallPriority
                0x00000000200006a8        0x1 Middlewares/Third_Party/FreeRTOS/Source/portable/GCC/ARM_CM7/r0p1/port.o
 *fill*         0x00000000200006a9        0x3 
 .bss.ulMaxPRIGROUPValue
                0x00000000200006ac        0x4 Middlewares/Third_Party/FreeRTOS/Source/portable/GCC/ARM_CM7/r0p1/port.o
 .bss.ucHeap    0x00000000200006b0     0x8000 Middlewares/Third_Party/FreeRTOS/Source/portable/MemMang/heap_4.o
 .bss.xStart    0x00000000200086b0        0x8 Middlewares/Third_Party/FreeRTOS/Source/portable/MemMang/heap_4.o
 .bss.pxEnd     0x00000000200086b8        0x4 Middlewares/Third_Party/FreeRTOS/Source/portable/MemMang/heap_4.o
 .bss.xFreeBytesRemaining
                0x00000000200086bc        0x4 Middlewares/Third_Party/FreeRTOS/Source/portable/MemMang/heap_4.o
 .bss.xMinimumEverFreeBytesRemaining
                0x00000000200086c0        0x4 Middlewares/Third_Party/FreeRTOS/Source/portable/MemMang/heap_4.o
 .bss.xBlockAllocatedBit
                0x00000000200086c4        0x4 Middlewares/Third_Party/FreeRTOS/Source/portable/MemMang/heap_4.o
 .bss.__malloc_free_list
                0x00000000200086c8        0x4 c:/st/stm32cubeide_1.5.1/stm32cubeide/plugins/com.st.stm32cube.ide.mcu.externaltools.gnu-tools-for-stm32.7-2018-q2-update.win32_1.5.0.202011040924/tools/bin/../lib/gcc/arm-none-eabi/7.3.1/../../../../arm-none-eabi/lib/thumb/v7e-m/fpv4-sp/hard\libc_nano.a(lib_a-nano-mallocr.o)
                0x00000000200086c8                __malloc_free_list
 .bss.__malloc_sbrk_start
                0x00000000200086cc        0x4 c:/st/stm32cubeide_1.5.1/stm32cubeide/plugins/com.st.stm32cube.ide.mcu.externaltools.gnu-tools-for-stm32.7-2018-q2-update.win32_1.5.0.202011040924/tools/bin/../lib/gcc/arm-none-eabi/7.3.1/../../../../arm-none-eabi/lib/thumb/v7e-m/fpv4-sp/hard\libc_nano.a(lib_a-nano-mallocr.o)
                0x00000000200086cc                __malloc_sbrk_start
 *(COMMON)
 COMMON         0x00000000200086d0      0x5b4 Core/Src/main.o
                0x00000000200086d0                defaultTaskHandle
                0x00000000200086d4                hi2c3
                0x0000000020008720                hspi2
                0x0000000020008784                huart7
                0x0000000020008804                htim8
                0x0000000020008844                hi2c1
                0x0000000020008890                htim5
                0x00000000200088d0                Game_overHandle
                0x00000000200088d4                htim3
                0x0000000020008914                hltdc
                0x00000000200089bc                hadc1
                0x0000000020008a04                hadc3
                0x0000000020008a4c                huart1
                0x0000000020008acc                hdac
                0x0000000020008ae0                hrtc
                0x0000000020008b00                htim1
                0x0000000020008b40                huart6
                0x0000000020008bc0                hdma2d
                0x0000000020008c00                htim2
                0x0000000020008c40                BadGuyHandle
                0x0000000020008c44                hsdram1
                0x0000000020008c78                PlayerHandle
                0x0000000020008c7c                myMutex01Handle
                0x0000000020008c80                PiecesHandle
 COMMON         0x0000000020008c84       0xa8 Core/Src/stm32746g_discovery_lcd.o
                0x0000000020008c84                hLtdcHandler
 COMMON         0x0000000020008d2c       0x34 Core/Src/stm32746g_discovery_sdram.o
                0x0000000020008d2c                sdramHandle
 COMMON         0x0000000020008d60       0x40 Core/Src/stm32f7xx_hal_timebase_tim.o
                0x0000000020008d60                htim6
 COMMON         0x0000000020008da0        0x4 Drivers/STM32F7xx_HAL_Driver/Src/stm32f7xx_hal.o
                0x0000000020008da0                uwTick
 COMMON         0x0000000020008da4        0x4 c:/st/stm32cubeide_1.5.1/stm32cubeide/plugins/com.st.stm32cube.ide.mcu.externaltools.gnu-tools-for-stm32.7-2018-q2-update.win32_1.5.0.202011040924/tools/bin/../lib/gcc/arm-none-eabi/7.3.1/../../../../arm-none-eabi/lib/thumb/v7e-m/fpv4-sp/hard\libc_nano.a(lib_a-reent.o)
                0x0000000020008da4                errno
                0x0000000020008da8                . = ALIGN (0x4)
                0x0000000020008da8                _ebss = .
                0x0000000020008da8                __bss_end__ = _ebss

._user_heap_stack
                0x0000000020008da8      0x600 load address 0x000000000801025c
                0x0000000020008da8                . = ALIGN (0x8)
                [!provide]                        PROVIDE (end = .)
                0x0000000020008da8                PROVIDE (_end = .)
                0x0000000020008fa8                . = (. + _Min_Heap_Size)
 *fill*         0x0000000020008da8      0x200 
                0x00000000200093a8                . = (. + _Min_Stack_Size)
 *fill*         0x0000000020008fa8      0x400 
                0x00000000200093a8                . = ALIGN (0x8)

/DISCARD/
 libc.a(*)
 libm.a(*)
 libgcc.a(*)

.ARM.attributes
                0x0000000000000000       0x30
 *(.ARM.attributes)
 .ARM.attributes
                0x0000000000000000       0x22 c:/st/stm32cubeide_1.5.1/stm32cubeide/plugins/com.st.stm32cube.ide.mcu.externaltools.gnu-tools-for-stm32.7-2018-q2-update.win32_1.5.0.202011040924/tools/bin/../lib/gcc/arm-none-eabi/7.3.1/thumb/v7e-m/fpv4-sp/hard/crti.o
 .ARM.attributes
                0x0000000000000022       0x34 c:/st/stm32cubeide_1.5.1/stm32cubeide/plugins/com.st.stm32cube.ide.mcu.externaltools.gnu-tools-for-stm32.7-2018-q2-update.win32_1.5.0.202011040924/tools/bin/../lib/gcc/arm-none-eabi/7.3.1/thumb/v7e-m/fpv4-sp/hard/crtbegin.o
 .ARM.attributes
                0x0000000000000056       0x39 Core/Src/freertos.o
 .ARM.attributes
                0x000000000000008f       0x39 Core/Src/ft5336.o
 .ARM.attributes
                0x00000000000000c8       0x39 Core/Src/main.o
 .ARM.attributes
                0x0000000000000101       0x39 Core/Src/stm32746g_discovery.o
 .ARM.attributes
                0x000000000000013a       0x39 Core/Src/stm32746g_discovery_lcd.o
 .ARM.attributes
                0x0000000000000173       0x39 Core/Src/stm32746g_discovery_sdram.o
 .ARM.attributes
                0x00000000000001ac       0x39 Core/Src/stm32746g_discovery_ts.o
 .ARM.attributes
                0x00000000000001e5       0x39 Core/Src/stm32f7xx_hal_msp.o
 .ARM.attributes
                0x000000000000021e       0x39 Core/Src/stm32f7xx_hal_timebase_tim.o