Archive member included to satisfy reference by file (symbol)

c:/st/stm32cubeide_1.5.1/stm32cubeide/plugins/com.st.stm32cube.ide.mcu.externaltools.gnu-tools-for-stm32.7-2018-q2-update.win32_1.5.0.202011040924/tools/bin/../lib/gcc/arm-none-eabi/7.3.1/../../../../arm-none-eabi/lib/thumb/v7e-m/fpv4-sp/hard\libc_nano.a(lib_a-errno.o)
                              Core/Src/syscalls.o (__errno)
c:/st/stm32cubeide_1.5.1/stm32cubeide/plugins/com.st.stm32cube.ide.mcu.externaltools.gnu-tools-for-stm32.7-2018-q2-update.win32_1.5.0.202011040924/tools/bin/../lib/gcc/arm-none-eabi/7.3.1/../../../../arm-none-eabi/lib/thumb/v7e-m/fpv4-sp/hard\libc_nano.a(lib_a-exit.o)
                              c:/st/stm32cubeide_1.5.1/stm32cubeide/plugins/com.st.stm32cube.ide.mcu.externaltools.gnu-tools-for-stm32.7-2018-q2-update.win32_1.5.0.202011040924/tools/bin/../lib/gcc/arm-none-eabi/7.3.1/../../../../arm-none-eabi/lib/thumb/v7e-m/fpv4-sp/hard/crt0.o (exit)
c:/st/stm32cubeide_1.5.1/stm32cubeide/plugins/com.st.stm32cube.ide.mcu.externaltools.gnu-tools-for-stm32.7-2018-q2-update.win32_1.5.0.202011040924/tools/bin/../lib/gcc/arm-none-eabi/7.3.1/../../../../arm-none-eabi/lib/thumb/v7e-m/fpv4-sp/hard\libc_nano.a(lib_a-impure.o)
                              c:/st/stm32cubeide_1.5.1/stm32cubeide/plugins/com.st.stm32cube.ide.mcu.externaltools.gnu-tools-for-stm32.7-2018-q2-update.win32_1.5.0.202011040924/tools/bin/../lib/gcc/arm-none-eabi/7.3.1/../../../../arm-none-eabi/lib/thumb/v7e-m/fpv4-sp/hard\libc_nano.a(lib_a-exit.o) (_global_impure_ptr)
c:/st/stm32cubeide_1.5.1/stm32cubeide/plugins/com.st.stm32cube.ide.mcu.externaltools.gnu-tools-for-stm32.7-2018-q2-update.win32_1.5.0.202011040924/tools/bin/../lib/gcc/arm-none-eabi/7.3.1/../../../../arm-none-eabi/lib/thumb/v7e-m/fpv4-sp/hard\libc_nano.a(lib_a-init.o)
                              c:/st/stm32cubeide_1.5.1/stm32cubeide/plugins/com.st.stm32cube.ide.mcu.externaltools.gnu-tools-for-stm32.7-2018-q2-update.win32_1.5.0.202011040924/tools/bin/../lib/gcc/arm-none-eabi/7.3.1/../../../../arm-none-eabi/lib/thumb/v7e-m/fpv4-sp/hard/crt0.o (__libc_init_array)
c:/st/stm32cubeide_1.5.1/stm32cubeide/plugins/com.st.stm32cube.ide.mcu.externaltools.gnu-tools-for-stm32.7-2018-q2-update.win32_1.5.0.202011040924/tools/bin/../lib/gcc/arm-none-eabi/7.3.1/../../../../arm-none-eabi/lib/thumb/v7e-m/fpv4-sp/hard\libc_nano.a(lib_a-memcpy-stub.o)
                              Middlewares/Third_Party/FreeRTOS/Source/queue.o (memcpy)
c:/st/stm32cubeide_1.5.1/stm32cubeide/plugins/com.st.stm32cube.ide.mcu.externaltools.gnu-tools-for-stm32.7-2018-q2-update.win32_1.5.0.202011040924/tools/bin/../lib/gcc/arm-none-eabi/7.3.1/../../../../arm-none-eabi/lib/thumb/v7e-m/fpv4-sp/hard\libc_nano.a(lib_a-memset.o)
                              c:/st/stm32cubeide_1.5.1/stm32cubeide/plugins/com.st.stm32cube.ide.mcu.externaltools.gnu-tools-for-stm32.7-2018-q2-update.win32_1.5.0.202011040924/tools/bin/../lib/gcc/arm-none-eabi/7.3.1/../../../../arm-none-eabi/lib/thumb/v7e-m/fpv4-sp/hard/crt0.o (memset)
c:/st/stm32cubeide_1.5.1/stm32cubeide/plugins/com.st.stm32cube.ide.mcu.externaltools.gnu-tools-for-stm32.7-2018-q2-update.win32_1.5.0.202011040924/tools/bin/../lib/gcc/arm-none-eabi/7.3.1/thumb/v7e-m/fpv4-sp/hard\libgcc.a(_aeabi_uldivmod.o)
                              Drivers/STM32F7xx_HAL_Driver/Src/stm32f7xx_hal_rcc.o (__aeabi_uldivmod)
c:/st/stm32cubeide_1.5.1/stm32cubeide/plugins/com.st.stm32cube.ide.mcu.externaltools.gnu-tools-for-stm32.7-2018-q2-update.win32_1.5.0.202011040924/tools/bin/../lib/gcc/arm-none-eabi/7.3.1/thumb/v7e-m/fpv4-sp/hard\libgcc.a(_udivmoddi4.o)
                              c:/st/stm32cubeide_1.5.1/stm32cubeide/plugins/com.st.stm32cube.ide.mcu.externaltools.gnu-tools-for-stm32.7-2018-q2-update.win32_1.5.0.202011040924/tools/bin/../lib/gcc/arm-none-eabi/7.3.1/thumb/v7e-m/fpv4-sp/hard\libgcc.a(_aeabi_uldivmod.o) (__udivmoddi4)
c:/st/stm32cubeide_1.5.1/stm32cubeide/plugins/com.st.stm32cube.ide.mcu.externaltools.gnu-tools-for-stm32.7-2018-q2-update.win32_1.5.0.202011040924/tools/bin/../lib/gcc/arm-none-eabi/7.3.1/thumb/v7e-m/fpv4-sp/hard\libgcc.a(_dvmd_tls.o)
                              c:/st/stm32cubeide_1.5.1/stm32cubeide/plugins/com.st.stm32cube.ide.mcu.externaltools.gnu-tools-for-stm32.7-2018-q2-update.win32_1.5.0.202011040924/tools/bin/../lib/gcc/arm-none-eabi/7.3.1/thumb/v7e-m/fpv4-sp/hard\libgcc.a(_aeabi_uldivmod.o) (__aeabi_ldiv0)

Allocating common symbols
Common symbol       size              file

sdramHandle         0x34              Core/Src/stm32746g_discovery_sdram.o
defaultTaskHandle   0x4               Core/Src/main.o
hi2c3               0x4c              Core/Src/main.o
hspi2               0x64              Core/Src/main.o
huart7              0x80              Core/Src/main.o
htim8               0x40              Core/Src/main.o
hi2c1               0x4c              Core/Src/main.o
hLtdcHandler        0xa8              Core/Src/stm32746g_discovery_lcd.o
[...]
Memory Configuration

Name             Origin             Length             Attributes
RAM              0x0000000020000000 0x0000000000050000 xrw
FLASH            0x0000000008000000 0x0000000000100000 xr
*default*        0x0000000000000000 0xffffffffffffffff

Linker script and memory map

LOAD c:/st/stm32cubeide_1.5.1/stm32cubeide/plugins/com.st.stm32cube.ide.mcu.externaltools.gnu-tools-for-stm32.7-2018-q2-update.win32_1.5.0.202011040924/tools/bin/../lib/gcc/arm-none-eabi/7.3.1/thumb/v7e-m/fpv4-sp/hard/crti.o
LOAD c:/st/stm32cubeide_1.5.1/stm32cubeide/plugins/com.st.stm32cube.ide.mcu.externaltools.gnu-tools-for-stm32.7-2018-q2-update.win32_1.5.0.202011040924/tools/bin/../lib/gcc/arm-none-eabi/7.3.1/thumb/v7e-m/fpv4-sp/hard/crtbegin.o
LOAD c:/st/stm32cubeide_1.5.1/stm32cubeide/plugins/com.st.stm32cube.ide.mcu.externaltools.gnu-tools-for-stm32.7-2018-q2-update.win32_1.5.0.202011040924/tools/bin/../lib/gcc/arm-none-eabi/7.3.1/../../../../arm-none-eabi/lib/thumb/v7e-m/fpv4-sp/hard/crt0.o
LOAD Core/Src/freertos.o
LOAD Core/Src/ft5336.o
LOAD Core/Src/main.o
LOAD Core/Src/stm32746g_discovery.o
LOAD Core/Src/stm32746g_discovery_lcd.o
LOAD Core/Src/stm32746g_discovery_sdram.o
LOAD Core/Src/stm32746g_discovery_ts.o
LOAD Core/Src/stm32f7xx_hal_msp.o
LOAD Core/Src/stm32f7xx_hal_timebase_tim.o
LOAD Core/Src/stm32f7xx_it.o
LOAD Core/Src/syscalls.o
LOAD Core/Src/sysmem.o
LOAD Core/Src/system_stm32f7xx.o
LOAD Core/Startup/startup_stm32f746nghx.o
LOAD Drivers/STM32F7xx_HAL_Driver/Src/stm32f7xx_hal.o
LOAD Drivers/STM32F7xx_HAL_Driver/Src/stm32f7xx_hal_adc.o
LOAD Drivers/STM32F7xx_HAL_Driver/Src/stm32f7xx_hal_adc_ex.o
LOAD Drivers/STM32F7xx_HAL_Driver/Src/stm32f7xx_hal_cortex.o
LOAD Drivers/STM32F7xx_HAL_Driver/Src/stm32f7xx_hal_dac.o
LOAD Drivers/STM32F7xx_HAL_Driver/Src/stm32f7xx_hal_dac_ex.o
LOAD Drivers/STM32F7xx_HAL_Driver/Src/stm32f7xx_hal_dma.o
LOAD Drivers/STM32F7xx_HAL_Driver/Src/stm32f7xx_hal_dma2d.o
LOAD Drivers/STM32F7xx_HAL_Driver/Src/stm32f7xx_hal_dma_ex.o
LOAD Drivers/STM32F7xx_HAL_Driver/Src/stm32f7xx_hal_dsi.o
LOAD Drivers/STM32F7xx_HAL_Driver/Src/stm32f7xx_hal_exti.o
LOAD Drivers/STM32F7xx_HAL_Driver/Src/stm32f7xx_hal_flash.o
LOAD Drivers/STM32F7xx_HAL_Driver/Src/stm32f7xx_hal_flash_ex.o
LOAD Drivers/STM32F7xx_HAL_Driver/Src/stm32f7xx_hal_gpio.o
LOAD Drivers/STM32F7xx_HAL_Driver/Src/stm32f7xx_hal_i2c.o
LOAD Drivers/STM32F7xx_HAL_Driver/Src/stm32f7xx_hal_i2c_ex.o
LOAD Drivers/STM32F7xx_HAL_Driver/Src/stm32f7xx_hal_ltdc.o
LOAD Drivers/STM32F7xx_HAL_Driver/Src/stm32f7xx_hal_ltdc_ex.o
LOAD Drivers/STM32F7xx_HAL_Driver/Src/stm32f7xx_hal_pwr.o
LOAD Drivers/STM32F7xx_HAL_Driver/Src/stm32f7xx_hal_pwr_ex.o
LOAD Drivers/STM32F7xx_HAL_Driver/Src/stm32f7xx_hal_rcc.o
LOAD Drivers/STM32F7xx_HAL_Driver/Src/stm32f7xx_hal_rcc_ex.o
LOAD Drivers/STM32F7xx_HAL_Driver/Src/stm32f7xx_hal_rtc.o
LOAD Drivers/STM32F7xx_HAL_Driver/Src/stm32f7xx_hal_rtc_ex.o
LOAD Drivers/STM32F7xx_HAL_Driver/Src/stm32f7xx_hal_sdram.o
LOAD Drivers/STM32F7xx_HAL_Driver/Src/stm32f7xx_hal_spi.o
LOAD Drivers/STM32F7xx_HAL_Driver/Src/stm32f7xx_hal_spi_ex.o
LOAD Drivers/STM32F7xx_HAL_Driver/Src/stm32f7xx_hal_tim.o
LOAD Drivers/STM32F7xx_HAL_Driver/Src/stm32f7xx_hal_tim_ex.o
LOAD Drivers/STM32F7xx_HAL_Driver/Src/stm32f7xx_hal_uart.o
LOAD Drivers/STM32F7xx_HAL_Driver/Src/stm32f7xx_hal_uart_ex.o
LOAD Drivers/STM32F7xx_HAL_Driver/Src/stm32f7xx_ll_fmc.o
LOAD Middlewares/Third_Party/FreeRTOS/Source/CMSIS_RTOS/cmsis_os.o
LOAD Middlewares/Third_Party/FreeRTOS/Source/croutine.o
LOAD Middlewares/Third_Party/FreeRTOS/Source/event_groups.o
LOAD Middlewares/Third_Party/FreeRTOS/Source/list.o
LOAD Middlewares/Third_Party/FreeRTOS/Source/queue.o
LOAD Middlewares/Third_Party/FreeRTOS/Source/stream_buffer.o
LOAD Middlewares/Third_Party/FreeRTOS/Source/tasks.o
LOAD Middlewares/Third_Party/FreeRTOS/Source/timers.o
LOAD Middlewares/Third_Party/FreeRTOS/Source/portable/GCC/ARM_CM7/r0p1/port.o
LOAD Middlewares/Third_Party/FreeRTOS/Source/portable/MemMang/heap_4.o
START GROUP
LOAD c:/st/stm32cubeide_1.5.1/stm32cubeide/plugins/com.st.stm32cube.ide.mcu.externaltools.gnu-tools-for-stm32.7-2018-q2-update.win32_1.5.0.202011040924/tools/bin/../lib/gcc/arm-none-eabi/7.3.1/../../../../arm-none-eabi/lib/thumb/v7e-m/fpv4-sp/hard\libc_nano.a
LOAD c:/st/stm32cubeide_1.5.1/stm32cubeide/plugins/com.st.stm32cube.ide.mcu.externaltools.gnu-tools-for-stm32.7-2018-q2-update.win32_1.5.0.202011040924/tools/bin/../lib/gcc/arm-none-eabi/7.3.1/../../../../arm-none-eabi/lib/thumb/v7e-m/fpv4-sp/hard\libm.a
END GROUP
START GROUP
LOAD c:/st/stm32cubeide_1.5.1/stm32cubeide/plugins/com.st.stm32cube.ide.mcu.externaltools.gnu-tools-for-stm32.7-2018-q2-update.win32_1.5.0.202011040924/tools/bin/../lib/gcc/arm-none-eabi/7.3.1/thumb/v7e-m/fpv4-sp/hard\libgcc.a
LOAD c:/st/stm32cubeide_1.5.1/stm32cubeide/plugins/com.st.stm32cube.ide.mcu.externaltools.gnu-tools-for-stm32.7-2018-q2-update.win32_1.5.0.202011040924/tools/bin/../lib/gcc/arm-none-eabi/7.3.1/../../../../arm-none-eabi/lib/thumb/v7e-m/fpv4-sp/hard\libc_nano.a
END GROUP
START GROUP
LOAD c:/st/stm32cubeide_1.5.1/stm32cubeide/plugins/com.st.stm32cube.ide.mcu.externaltools.gnu-tools-for-stm32.7-2018-q2-update.win32_1.5.0.202011040924/tools/bin/../lib/gcc/arm-none-eabi/7.3.1/thumb/v7e-m/fpv4-sp/hard\libgcc.a
LOAD c:/st/stm32cubeide_1.5.1/stm32cubeide/plugins/com.st.stm32cube.ide.mcu.externaltools.gnu-tools-for-stm32.7-2018-q2-update.win32_1.5.0.202011040924/tools/bin/../lib/gcc/arm-none-eabi/7.3.1/../../../../arm-none-eabi/lib/thumb/v7e-m/fpv4-sp/hard\libc_nano.a
LOAD c:/st/stm32cubeide_1.5.1/stm32cubeide/plugins/com.st.stm32cube.ide.mcu.externaltools.gnu-tools-for-stm32.7-2018-q2-update.win32_1.5.0.202011040924/tools/bin/../lib/gcc/arm-none-eabi/7.3.1/../../../../arm-none-eabi/lib/thumb/v7e-m/fpv4-sp/hard\libnosys.a
END GROUP
START GROUP
LOAD c:/st/stm32cubeide_1.5.1/stm32cubeide/plugins/com.st.stm32cube.ide.mcu.externaltools.gnu-tools-for-stm32.7-2018-q2-update.win32_1.5.0.202011040924/tools/bin/../lib/gcc/arm-none-eabi/7.3.1/thumb/v7e-m/fpv4-sp/hard\libgcc.a
LOAD c:/st/stm32cubeide_1.5.1/stm32cubeide/plugins/com.st.stm32cube.ide.mcu.externaltools.gnu-tools-for-stm32.7-2018-q2-update.win32_1.5.0.202011040924/tools/bin/../lib/gcc/arm-none-eabi/7.3.1/../../../../arm-none-eabi/lib/thumb/v7e-m/fpv4-sp/hard\libc_nano.a
LOAD c:/st/stm32cubeide_1.5.1/stm32cubeide/plugins/com.st.stm32cube.ide.mcu.externaltools.gnu-tools-for-stm32.7-2018-q2-update.win32_1.5.0.202011040924/tools/bin/../lib/gcc/arm-none-eabi/7.3.1/../../../../arm-none-eabi/lib/thumb/v7e-m/fpv4-sp/hard\libnosys.a
END GROUP
LOAD c:/st/stm32cubeide_1.5.1/stm32cubeide/plugins/com.st.stm32cube.ide.mcu.externaltools.gnu-tools-for-stm32.7-2018-q2-update.win32_1.5.0.202011040924/tools/bin/../lib/gcc/arm-none-eabi/7.3.1/thumb/v7e-m/fpv4-sp/hard/crtend.o
LOAD c:/st/stm32cubeide_1.5.1/stm32cubeide/plugins/com.st.stm32cube.ide.mcu.externaltools.gnu-tools-for-stm32.7-2018-q2-update.win32_1.5.0.202011040924/tools/bin/../lib/gcc/arm-none-eabi/7.3.1/thumb/v7e-m/fpv4-sp/hard/crtn.o
                0x0000000020050000                _estack = (ORIGIN (RAM) + LENGTH (RAM))
                0x0000000000000200                _Min_Heap_Size = 0x200
                0x0000000000000400                _Min_Stack_Size = 0x400

.isr_vector     0x0000000008000000      0x1c8
                0x0000000008000000                . = ALIGN (0x4)
 *(.isr_vector)
 .isr_vector    0x0000000008000000      0x1c8 Core/Startup/startup_stm32f746nghx.o
                0x0000000008000000                g_pfnVectors
                0x00000000080001c8                . = ALIGN (0x4)

.text           0x00000000080001d0     0xc4a0
                0x00000000080001d0                . = ALIGN (0x4)
 *(.text)
 .text          0x00000000080001d0       0x40 c:/st/stm32cubeide_1.5.1/stm32cubeide/plugins/com.st.stm32cube.ide.mcu.externaltools.gnu-tools-for-stm32.7-2018-q2-update.win32_1.5.0.202011040924/tools/bin/../lib/gcc/arm-none-eabi/7.3.1/thumb/v7e-m/fpv4-sp/hard/crtbegin.o
 .text          0x0000000008000210       0x30 c:/st/stm32cubeide_1.5.1/stm32cubeide/plugins/com.st.stm32cube.ide.mcu.externaltools.gnu-tools-for-stm32.7-2018-q2-update.win32_1.5.0.202011040924/tools/bin/../lib/gcc/arm-none-eabi/7.3.1/thumb/v7e-m/fpv4-sp/hard\libgcc.a(_aeabi_uldivmod.o)
                0x0000000008000210                __aeabi_uldivmod
 .text          0x0000000008000240      0x2cc c:/st/stm32cubeide_1.5.1/stm32cubeide/plugins/com.st.stm32cube.ide.mcu.externaltools.gnu-tools-for-stm32.7-2018-q2-update.win32_1.5.0.202011040924/tools/bin/../lib/gcc/arm-none-eabi/7.3.1/thumb/v7e-m/fpv4-sp/hard\libgcc.a(_udivmoddi4.o)
                0x0000000008000240                __udivmoddi4
 .text          0x000000000800050c        0x4 c:/st/stm32cubeide_1.5.1/stm32cubeide/plugins/com.st.stm32cube.ide.mcu.externaltools.gnu-tools-for-stm32.7-2018-q2-update.win32_1.5.0.202011040924/tools/bin/../lib/gcc/arm-none-eabi/7.3.1/thumb/v7e-m/fpv4-sp/hard\libgcc.a(_dvmd_tls.o)
                0x000000000800050c                __aeabi_idiv0
                0x000000000800050c                __aeabi_ldiv0
 *(.text*)
 .text.vApplicationGetIdleTaskMemory
                0x0000000008000510       0x34 Core/Src/freertos.o
                0x0000000008000510                vApplicationGetIdleTaskMemory
 .text.ft5336_Init
                0x0000000008000544       0x1c Core/Src/ft5336.o
                0x0000000008000544                ft5336_Init
 .text.ft5336_Reset
                0x0000000008000560       0x16 Core/Src/ft5336.o
                0x0000000008000560                ft5336_Reset
 .text.ft5336_ReadID
                0x0000000008000576       0x5c Core/Src/ft5336.o
                0x0000000008000576                ft5336_ReadID
 .text.ft5336_TS_Start
                0x00000000080005d2       0x22 Core/Src/ft5336.o
                0x00000000080005d2                ft5336_TS_Start
 .text.ft5336_TS_DetectTouch
                0x00000000080005f4       0x54 Core/Src/ft5336.o
                0x00000000080005f4                ft5336_TS_DetectTouch
 .text.ft5336_TS_GetXY
                0x0000000008000648      0x1e0 Core/Src/ft5336.o
                0x0000000008000648                ft5336_TS_GetXY
 .text.ft5336_TS_EnableIT
                0x0000000008000828       0x28 Core/Src/ft5336.o
                0x0000000008000828                ft5336_TS_EnableIT
 .text.ft5336_TS_DisableIT
                0x0000000008000850       0x28 Core/Src/ft5336.o
                0x0000000008000850                ft5336_TS_DisableIT
 .text.ft5336_TS_ITStatus
                0x0000000008000878       0x18 Core/Src/ft5336.o
                0x0000000008000878                ft5336_TS_ITStatus
 .text.ft5336_TS_ClearIT
                0x0000000008000890       0x16 Core/Src/ft5336.o
                0x0000000008000890                ft5336_TS_ClearIT
 *fill*         0x00000000080008a6        0x2 
 .text.ft5336_Get_I2C_InitializedStatus
                0x00000000080008a8       0x18 Core/Src/ft5336.o
 .text.ft5336_I2C_InitializeIfRequired
                0x00000000080008c0       0x20 Core/Src/ft5336.o
 .text.ft5336_TS_Configure
                0x00000000080008e0       0x1c Core/Src/ft5336.o
 .text.main     0x00000000080008fc      0x340 Core/Src/main.o
                0x00000000080008fc                main
 .text.SystemClock_Config
                0x0000000008000c3c      0x160 Core/Src/main.o
                0x0000000008000c3c                SystemClock_Config
 .text.MX_ADC1_Init
                0x0000000008000d9c       0xa4 Core/Src/main.o
 .text.MX_ADC3_Init
                0x0000000008000e40       0xa4 Core/Src/main.o
 .text.MX_DAC_Init
                0x0000000008000ee4       0x54 Core/Src/main.o
 .text.MX_DMA2D_Init
                0x0000000008000f38       0x64 Core/Src/main.o
 .text.MX_I2C1_Init
                0x0000000008000f9c       0x80 Core/Src/main.o
 .text.MX_I2C3_Init
                0x000000000800101c       0x80 Core/Src/main.o
 .text.MX_LTDC_Init
                0x000000000800109c      0x104 Core/Src/main.o
 .text.MX_RTC_Init
                0x00000000080011a0      0x14c Core/Src/main.o
 .text.MX_SPI2_Init
                0x00000000080012ec       0x7c Core/Src/main.o
 .text.MX_TIM1_Init
                0x0000000008001368       0xa8 Core/Src/main.o
 .text.MX_TIM2_Init
                0x0000000008001410       0x9c Core/Src/main.o
 .text.MX_TIM3_Init
                0x00000000080014ac      0x11c Core/Src/main.o
 .text.MX_TIM5_Init
                0x00000000080015c8       0x9c Core/Src/main.o
 .text.MX_TIM8_Init
                0x0000000008001664      0x154 Core/Src/main.o
 .text.MX_UART7_Init
                0x00000000080017b8       0x60 Core/Src/main.o
 .text.MX_USART1_UART_Init
                0x0000000008001818       0x70 Core/Src/main.o
 .text.MX_USART6_UART_Init
                0x0000000008001888       0x60 Core/Src/main.o
 .text.MX_FMC_Init
                0x00000000080018e8       0x9c Core/Src/main.o
 .text.MX_GPIO_Init
                0x0000000008001984      0x3d8 Core/Src/main.o
 .text.StartDefaultTask
                0x0000000008001d5c       0x10 Core/Src/main.o
                0x0000000008001d5c                StartDefaultTask
 .text.jump.12878
                0x0000000008001d6c       0x2c Core/Src/main.o
 .text.player   0x0000000008001d98      0x58c Core/Src/main.o
                0x0000000008001d98                player
 .text.game_over
                0x0000000008002324       0x22 Core/Src/main.o
                0x0000000008002324                game_over
 .text.pieces   0x0000000008002346       0x10 Core/Src/main.o
                0x0000000008002346                pieces
 *fill*         0x0000000008002356        0x2 
 .text.HAL_TIM_PeriodElapsedCallback
                0x0000000008002358       0x24 Core/Src/main.o
                0x0000000008002358                HAL_TIM_PeriodElapsedCallback
 .text.Error_Handler
                0x000000000800237c        0x8 Core/Src/main.o
                0x000000000800237c                Error_Handler
 .text.I2Cx_MspInit
                0x0000000008002384      0x160 Core/Src/stm32746g_discovery.o
 .text.I2Cx_Init
                0x00000000080024e4       0x78 Core/Src/stm32746g_discovery.o
 .text.I2Cx_ReadMultiple
                0x000000000800255c       0x5a Core/Src/stm32746g_discovery.o
 .text.I2Cx_WriteMultiple
                0x00000000080025b6       0x5a Core/Src/stm32746g_discovery.o
 .text.I2Cx_Error
                0x0000000008002610       0x20 Core/Src/stm32746g_discovery.o
 .text.TS_IO_Init
                0x0000000008002630       0x14 Core/Src/stm32746g_discovery.o
                0x0000000008002630                TS_IO_Init
 .text.TS_IO_Write
                0x0000000008002644       0x34 Core/Src/stm32746g_discovery.o
                0x0000000008002644                TS_IO_Write
 .text.TS_IO_Read
                0x0000000008002678       0x3c Core/Src/stm32746g_discovery.o
                0x0000000008002678                TS_IO_Read
 .text.TS_IO_Delay
                0x00000000080026b4       0x16 Core/Src/stm32746g_discovery.o
                0x00000000080026b4                TS_IO_Delay
 *fill*         0x00000000080026ca        0x2 
 .text.BSP_LCD_Init
                0x00000000080026cc       0xe0 Core/Src/stm32746g_discovery_lcd.o
                0x00000000080026cc                BSP_LCD_Init
 .text.BSP_LCD_GetXSize
                0x00000000080027ac       0x28 Core/Src/stm32746g_discovery_lcd.o
                0x00000000080027ac                BSP_LCD_GetXSize
 .text.BSP_LCD_GetYSize
                0x00000000080027d4       0x28 Core/Src/stm32746g_discovery_lcd.o
                0x00000000080027d4                BSP_LCD_GetYSize
 .text.BSP_LCD_LayerDefaultInit
                0x00000000080027fc       0xc0 Core/Src/stm32746g_discovery_lcd.o
                0x00000000080027fc                BSP_LCD_LayerDefaultInit
 .text.BSP_LCD_SelectLayer
                0x00000000080028bc       0x20 Core/Src/stm32746g_discovery_lcd.o
                0x00000000080028bc                BSP_LCD_SelectLayer
 .text.BSP_LCD_SetTextColor
                0x00000000080028dc       0x30 Core/Src/stm32746g_discovery_lcd.o
                0x00000000080028dc                BSP_LCD_SetTextColor
 .text.BSP_LCD_SetBackColor
                0x000000000800290c       0x34 Core/Src/stm32746g_discovery_lcd.o
                0x000000000800290c                BSP_LCD_SetBackColor
 .text.BSP_LCD_SetFont
                0x0000000008002940       0x34 Core/Src/stm32746g_discovery_lcd.o
                0x0000000008002940                BSP_LCD_SetFont
 .text.BSP_LCD_Clear
                0x0000000008002974       0x50 Core/Src/stm32746g_discovery_lcd.o
                0x0000000008002974                BSP_LCD_Clear
 .text.BSP_LCD_FillRect
                0x00000000080029c4       0xf4 Core/Src/stm32746g_discovery_lcd.o
                0x00000000080029c4                BSP_LCD_FillRect
 .text.BSP_LCD_DisplayOn
                0x0000000008002ab8       0x3c Core/Src/stm32746g_discovery_lcd.o
                0x0000000008002ab8                BSP_LCD_DisplayOn
 .text.BSP_LCD_MspInit
                0x0000000008002af4      0x1b4 Core/Src/stm32746g_discovery_lcd.o
                0x0000000008002af4                BSP_LCD_MspInit
 .text.BSP_LCD_ClockConfig
                0x0000000008002ca8       0x38 Core/Src/stm32746g_discovery_lcd.o
                0x0000000008002ca8                BSP_LCD_ClockConfig
 .text.LL_FillBuffer
                0x0000000008002ce0       0x98 Core/Src/stm32746g_discovery_lcd.o
 .text.BSP_SDRAM_Init
                0x0000000008002d78       0xbc Core/Src/stm32746g_discovery_sdram.o
                0x0000000008002d78                BSP_SDRAM_Init
 .text.BSP_SDRAM_Initialization_sequence
                0x0000000008002e34       0xc0 Core/Src/stm32746g_discovery_sdram.o
                0x0000000008002e34                BSP_SDRAM_Initialization_sequence
 .text.BSP_SDRAM_MspInit
                0x0000000008002ef4      0x1f0 Core/Src/stm32746g_discovery_sdram.o
                0x0000000008002ef4                BSP_SDRAM_MspInit
 .text.BSP_TS_Init
                0x00000000080030e4       0x80 Core/Src/stm32746g_discovery_ts.o
                0x00000000080030e4                BSP_TS_Init
 .text.HAL_MspInit
                0x0000000008003164       0x50 Core/Src/stm32f7xx_hal_msp.o
                0x0000000008003164                HAL_MspInit
 .text.HAL_ADC_MspInit
                0x00000000080031b4       0xdc Core/Src/stm32f7xx_hal_msp.o
                0x00000000080031b4                HAL_ADC_MspInit
 .text.HAL_DAC_MspInit
                0x0000000008003290       0x90 Core/Src/stm32f7xx_hal_msp.o
                0x0000000008003290                HAL_DAC_MspInit
 .text.HAL_DMA2D_MspInit
                0x0000000008003320       0x40 Core/Src/stm32f7xx_hal_msp.o
                0x0000000008003320                HAL_DMA2D_MspInit
 .text.HAL_I2C_MspInit
                0x0000000008003360       0xf0 Core/Src/stm32f7xx_hal_msp.o
                0x0000000008003360                HAL_I2C_MspInit
 .text.HAL_I2C_MspDeInit
                0x0000000008003450       0x78 Core/Src/stm32f7xx_hal_msp.o
                0x0000000008003450                HAL_I2C_MspDeInit
 .text.HAL_LTDC_MspInit
                0x00000000080034c8      0x190 Core/Src/stm32f7xx_hal_msp.o
                0x00000000080034c8                HAL_LTDC_MspInit
 .text.HAL_RTC_MspInit
                0x0000000008003658       0x34 Core/Src/stm32f7xx_hal_msp.o
                0x0000000008003658                HAL_RTC_MspInit
 .text.HAL_SPI_MspInit
                0x000000000800368c       0xe4 Core/Src/stm32f7xx_hal_msp.o
                0x000000000800368c                HAL_SPI_MspInit
 .text.HAL_TIM_Base_MspInit
                0x0000000008003770       0xdc Core/Src/stm32f7xx_hal_msp.o
                0x0000000008003770                HAL_TIM_Base_MspInit
 .text.HAL_TIM_MspPostInit
                0x000000000800384c       0xbc Core/Src/stm32f7xx_hal_msp.o
                0x000000000800384c                HAL_TIM_MspPostInit
 .text.HAL_UART_MspInit
                0x0000000008003908      0x19c Core/Src/stm32f7xx_hal_msp.o
                0x0000000008003908                HAL_UART_MspInit
 .text.HAL_FMC_MspInit
                0x0000000008003aa4      0x120 Core/Src/stm32f7xx_hal_msp.o
 .text.HAL_SDRAM_MspInit
                0x0000000008003bc4       0x14 Core/Src/stm32f7xx_hal_msp.o
                0x0000000008003bc4                HAL_SDRAM_MspInit
 .text.HAL_InitTick
                0x0000000008003bd8       0xb0 Core/Src/stm32f7xx_hal_timebase_tim.o
                0x0000000008003bd8                HAL_InitTick
 .text.NMI_Handler
                0x0000000008003c88        0x6 Core/Src/stm32f7xx_it.o
                0x0000000008003c88                NMI_Handler
 .text.HardFault_Handler
                0x0000000008003c8e        0x6 Core/Src/stm32f7xx_it.o
                0x0000000008003c8e                HardFault_Handler
 .text.MemManage_Handler
                0x0000000008003c94        0x6 Core/Src/stm32f7xx_it.o
                0x0000000008003c94                MemManage_Handler
 .text.BusFault_Handler
                0x0000000008003c9a        0x6 Core/Src/stm32f7xx_it.o
                0x0000000008003c9a                BusFault_Handler
 .text.UsageFault_Handler
                0x0000000008003ca0        0x6 Core/Src/stm32f7xx_it.o
                0x0000000008003ca0                UsageFault_Handler
 .text.DebugMon_Handler
                0x0000000008003ca6        0xe Core/Src/stm32f7xx_it.o
                0x0000000008003ca6                DebugMon_Handler
 .text.USART1_IRQHandler
                0x0000000008003cb4       0x14 Core/Src/stm32f7xx_it.o
                0x0000000008003cb4                USART1_IRQHandler
 .text.TIM6_DAC_IRQHandler
                0x0000000008003cc8       0x1c Core/Src/stm32f7xx_it.o
                0x0000000008003cc8                TIM6_DAC_IRQHandler
 .text.LTDC_IRQHandler
                0x0000000008003ce4       0x14 Core/Src/stm32f7xx_it.o
                0x0000000008003ce4                LTDC_IRQHandler
 .text.SystemInit
                0x0000000008003cf8       0x2c Core/Src/system_stm32f7xx.o
                0x0000000008003cf8                SystemInit
 .text.Reset_Handler
                0x0000000008003d24       0x50 Core/Startup/startup_stm32f746nghx.o
                0x0000000008003d24                Reset_Handler
 .text.Default_Handler
                0x0000000008003d74        0x2 Core/Startup/startup_stm32f746nghx.o
                0x0000000008003d74                RTC_Alarm_IRQHandler
                0x0000000008003d74                EXTI2_IRQHandler
                0x0000000008003d74                TIM8_CC_IRQHandler
                0x0000000008003d74                UART8_IRQHandler
                0x0000000008003d74                SPI4_IRQHandler
                0x0000000008003d74                TIM1_CC_IRQHandler
                0x0000000008003d74                DMA2_Stream5_IRQHandler
                0x0000000008003d74                DMA1_Stream5_IRQHandler
                0x0000000008003d74                PVD_IRQHandler
                0x0000000008003d74                TAMP_STAMP_IRQHandler
                0x0000000008003d74                CAN2_RX1_IRQHandler
                0x0000000008003d74                EXTI3_IRQHandler
                0x0000000008003d74                TIM8_TRG_COM_TIM14_IRQHandler
                0x0000000008003d74                TIM1_UP_TIM10_IRQHandler
                0x0000000008003d74                TIM8_UP_TIM13_IRQHandler
                0x0000000008003d74                I2C3_ER_IRQHandler
                0x0000000008003d74                EXTI0_IRQHandler
                0x0000000008003d74                I2C2_EV_IRQHandler
                0x0000000008003d74                DMA1_Stream2_IRQHandler
                0x0000000008003d74                CAN1_RX0_IRQHandler
                0x0000000008003d74                FPU_IRQHandler
                0x0000000008003d74                OTG_HS_WKUP_IRQHandler
                0x0000000008003d74                LTDC_ER_IRQHandler
                0x0000000008003d74                CAN2_SCE_IRQHandler
                0x0000000008003d74                DMA2_Stream2_IRQHandler
                0x0000000008003d74                SPI1_IRQHandler
                0x0000000008003d74                TIM1_BRK_TIM9_IRQHandler
                0x0000000008003d74                DCMI_IRQHandler
                0x0000000008003d74                CAN2_RX0_IRQHandler
                0x0000000008003d74                DMA2_Stream3_IRQHandler
                0x0000000008003d74                SAI2_IRQHandler
                0x0000000008003d74                USART6_IRQHandler
                0x0000000008003d74                USART3_IRQHandler
                0x0000000008003d74                CAN1_RX1_IRQHandler
                0x0000000008003d74                UART5_IRQHandler
                0x0000000008003d74                DMA2_Stream0_IRQHandler
                0x0000000008003d74                TIM4_IRQHandler
                0x0000000008003d74                QUADSPI_IRQHandler
                0x0000000008003d74                I2C1_EV_IRQHandler
                0x0000000008003d74                DMA1_Stream6_IRQHandler
                0x0000000008003d74                DMA1_Stream1_IRQHandler
                0x0000000008003d74                UART4_IRQHandler
                0x0000000008003d74                TIM3_IRQHandler
                0x0000000008003d74                RCC_IRQHandler
                0x0000000008003d74                TIM8_BRK_TIM12_IRQHandler
                0x0000000008003d74                Default_Handler
                0x0000000008003d74                CEC_IRQHandler
                0x0000000008003d74                EXTI15_10_IRQHandler
                0x0000000008003d74                ADC_IRQHandler
                0x0000000008003d74                DMA1_Stream7_IRQHandler
                0x0000000008003d74                SPI5_IRQHandler
                0x0000000008003d74                TIM7_IRQHandler
                0x0000000008003d74                SDMMC1_IRQHandler
                0x0000000008003d74                CAN2_TX_IRQHandler
                0x0000000008003d74                TIM5_IRQHandler
                0x0000000008003d74                DMA2_Stream7_IRQHandler
                0x0000000008003d74                I2C3_EV_IRQHandler
                0x0000000008003d74                EXTI9_5_IRQHandler
                0x0000000008003d74                RTC_WKUP_IRQHandler
                0x0000000008003d74                ETH_WKUP_IRQHandler
                0x0000000008003d74                SPDIF_RX_IRQHandler
                0x0000000008003d74                SPI2_IRQHandler
                0x0000000008003d74                OTG_HS_EP1_IN_IRQHandler
                0x0000000008003d74                DMA1_Stream0_IRQHandler
                0x0000000008003d74                CAN1_TX_IRQHandler
                0x0000000008003d74                EXTI4_IRQHandler
                0x0000000008003d74                RNG_IRQHandler
                0x0000000008003d74                ETH_IRQHandler
                0x0000000008003d74                OTG_HS_EP1_OUT_IRQHandler
                0x0000000008003d74                WWDG_IRQHandler
                0x0000000008003d74                SPI6_IRQHandler
                0x0000000008003d74                I2C4_EV_IRQHandler
                0x0000000008003d74                TIM2_IRQHandler
                0x0000000008003d74                OTG_FS_WKUP_IRQHandler
                0x0000000008003d74                TIM1_TRG_COM_TIM11_IRQHandler
                0x0000000008003d74                OTG_HS_IRQHandler
                0x0000000008003d74                DMA2D_IRQHandler
                0x0000000008003d74                EXTI1_IRQHandler
                0x0000000008003d74                UART7_IRQHandler
                0x0000000008003d74                USART2_IRQHandler
                0x0000000008003d74                I2C2_ER_IRQHandler
                0x0000000008003d74                DMA2_Stream1_IRQHandler
                0x0000000008003d74                CAN1_SCE_IRQHandler
                0x0000000008003d74                FLASH_IRQHandler
                0x0000000008003d74                DMA2_Stream4_IRQHandler
                0x0000000008003d74                OTG_FS_IRQHandler
                0x0000000008003d74                SPI3_IRQHandler
                0x0000000008003d74                DMA1_Stream4_IRQHandler
                0x0000000008003d74                I2C1_ER_IRQHandler
                0x0000000008003d74                FMC_IRQHandler
                0x0000000008003d74                LPTIM1_IRQHandler
                0x0000000008003d74                I2C4_ER_IRQHandler
                0x0000000008003d74                DMA2_Stream6_IRQHandler
                0x0000000008003d74                SAI1_IRQHandler
                0x0000000008003d74                DMA1_Stream3_IRQHandler
 .text.HAL_Init
                0x0000000008003d76       0x1a Drivers/STM32F7xx_HAL_Driver/Src/stm32f7xx_hal.o
                0x0000000008003d76                HAL_Init
 .text.HAL_IncTick
                0x0000000008003d90       0x28 Drivers/STM32F7xx_HAL_Driver/Src/stm32f7xx_hal.o
                0x0000000008003d90                HAL_IncTick
 .text.HAL_GetTick
                0x0000000008003db8       0x18 Drivers/STM32F7xx_HAL_Driver/Src/stm32f7xx_hal.o
                0x0000000008003db8                HAL_GetTick
 .text.HAL_Delay
                0x0000000008003dd0       0x44 Drivers/STM32F7xx_HAL_Driver/Src/stm32f7xx_hal.o
                0x0000000008003dd0                HAL_Delay
 .text.HAL_ADC_Init
                0x0000000008003e14       0x88 Drivers/STM32F7xx_HAL_Driver/Src/stm32f7xx_hal_adc.o
                0x0000000008003e14                HAL_ADC_Init
 .text.HAL_ADC_Start
                0x0000000008003e9c      0x180 Drivers/STM32F7xx_HAL_Driver/Src/stm32f7xx_hal_adc.o
                0x0000000008003e9c                HAL_ADC_Start
 .text.HAL_ADC_PollForConversion
                0x000000000800401c      0x108 Drivers/STM32F7xx_HAL_Driver/Src/stm32f7xx_hal_adc.o
                0x000000000800401c                HAL_ADC_PollForConversion
 .text.HAL_ADC_GetValue
                0x0000000008004124       0x1a Drivers/STM32F7xx_HAL_Driver/Src/stm32f7xx_hal_adc.o
                0x0000000008004124                HAL_ADC_GetValue
 *fill*         0x000000000800413e        0x2 
 .text.HAL_ADC_ConfigChannel
                0x0000000008004140      0x294 Drivers/STM32F7xx_HAL_Driver/Src/stm32f7xx_hal_adc.o
                0x0000000008004140                HAL_ADC_ConfigChannel
 .text.ADC_Init
                0x00000000080043d4      0x1f4 Drivers/STM32F7xx_HAL_Driver/Src/stm32f7xx_hal_adc.o
 .text.__NVIC_SetPriorityGrouping
                0x00000000080045c8       0x48 Drivers/STM32F7xx_HAL_Driver/Src/stm32f7xx_hal_cortex.o
 .text.__NVIC_GetPriorityGrouping
                0x0000000008004610       0x1c Drivers/STM32F7xx_HAL_Driver/Src/stm32f7xx_hal_cortex.o
 .text.__NVIC_EnableIRQ
                0x000000000800462c       0x3c Drivers/STM32F7xx_HAL_Driver/Src/stm32f7xx_hal_cortex.o
 .text.__NVIC_SetPriority
                0x0000000008004668       0x54 Drivers/STM32F7xx_HAL_Driver/Src/stm32f7xx_hal_cortex.o
 .text.NVIC_EncodePriority
                0x00000000080046bc       0x66 Drivers/STM32F7xx_HAL_Driver/Src/stm32f7xx_hal_cortex.o
 .text.HAL_NVIC_SetPriorityGrouping
                0x0000000008004722       0x16 Drivers/STM32F7xx_HAL_Driver/Src/stm32f7xx_hal_cortex.o
                0x0000000008004722                HAL_NVIC_SetPriorityGrouping
 .text.HAL_NVIC_SetPriority
                0x0000000008004738       0x38 Drivers/STM32F7xx_HAL_Driver/Src/stm32f7xx_hal_cortex.o
                0x0000000008004738                HAL_NVIC_SetPriority
 .text.HAL_NVIC_EnableIRQ
                0x0000000008004770       0x1c Drivers/STM32F7xx_HAL_Driver/Src/stm32f7xx_hal_cortex.o
                0x0000000008004770                HAL_NVIC_EnableIRQ
 .text.HAL_DAC_Init
                0x000000000800478c       0x44 Drivers/STM32F7xx_HAL_Driver/Src/stm32f7xx_hal_dac.o
                0x000000000800478c                HAL_DAC_Init
 .text.HAL_DAC_IRQHandler
                0x00000000080047d0       0x94 Drivers/STM32F7xx_HAL_Driver/Src/stm32f7xx_hal_dac.o
                0x00000000080047d0                HAL_DAC_IRQHandler
 .text.HAL_DAC_DMAUnderrunCallbackCh1
                0x0000000008004864       0x14 Drivers/STM32F7xx_HAL_Driver/Src/stm32f7xx_hal_dac.o
                0x0000000008004864                HAL_DAC_DMAUnderrunCallbackCh1
 .text.HAL_DAC_ConfigChannel
                0x0000000008004878       0x9a Drivers/STM32F7xx_HAL_Driver/Src/stm32f7xx_hal_dac.o
                0x0000000008004878                HAL_DAC_ConfigChannel
 .text.HAL_DACEx_DMAUnderrunCallbackCh2
                0x0000000008004912       0x14 Drivers/STM32F7xx_HAL_Driver/Src/stm32f7xx_hal_dac_ex.o
                0x0000000008004912                HAL_DACEx_DMAUnderrunCallbackCh2
 *fill*         0x0000000008004926        0x2 
 .text.HAL_DMA_Init
                0x0000000008004928      0x15c Drivers/STM32F7xx_HAL_Driver/Src/stm32f7xx_hal_dma.o
                0x0000000008004928                HAL_DMA_Init
 .text.HAL_DMA_DeInit
                0x0000000008004a84       0xbc Drivers/STM32F7xx_HAL_Driver/Src/stm32f7xx_hal_dma.o
                0x0000000008004a84                HAL_DMA_DeInit
 .text.HAL_DMA_Abort_IT
                0x0000000008004b40       0x44 Drivers/STM32F7xx_HAL_Driver/Src/stm32f7xx_hal_dma.o
                0x0000000008004b40                HAL_DMA_Abort_IT
 .text.DMA_CalcBaseAndBitshift
                0x0000000008004b84       0x6c Drivers/STM32F7xx_HAL_Driver/Src/stm32f7xx_hal_dma.o
 .text.DMA_CheckFifoParam
                0x0000000008004bf0       0xf4 Drivers/STM32F7xx_HAL_Driver/Src/stm32f7xx_hal_dma.o
 .text.HAL_DMA2D_Init
                0x0000000008004ce4       0x94 Drivers/STM32F7xx_HAL_Driver/Src/stm32f7xx_hal_dma2d.o
                0x0000000008004ce4                HAL_DMA2D_Init
 .text.HAL_DMA2D_Start
                0x0000000008004d78       0x56 Drivers/STM32F7xx_HAL_Driver/Src/stm32f7xx_hal_dma2d.o
                0x0000000008004d78                HAL_DMA2D_Start
 .text.HAL_DMA2D_PollForTransfer
                0x0000000008004dce      0x1d2 Drivers/STM32F7xx_HAL_Driver/Src/stm32f7xx_hal_dma2d.o
                0x0000000008004dce                HAL_DMA2D_PollForTransfer
 .text.HAL_DMA2D_ConfigLayer
                0x0000000008004fa0      0x124 Drivers/STM32F7xx_HAL_Driver/Src/stm32f7xx_hal_dma2d.o
                0x0000000008004fa0                HAL_DMA2D_ConfigLayer
 .text.DMA2D_SetConfig
                0x00000000080050c4      0x138 Drivers/STM32F7xx_HAL_Driver/Src/stm32f7xx_hal_dma2d.o
 .text.HAL_GPIO_Init
                0x00000000080051fc      0x354 Drivers/STM32F7xx_HAL_Driver/Src/stm32f7xx_hal_gpio.o
                0x00000000080051fc                HAL_GPIO_Init
 .text.HAL_GPIO_DeInit
                0x0000000008005550      0x214 Drivers/STM32F7xx_HAL_Driver/Src/stm32f7xx_hal_gpio.o
                0x0000000008005550                HAL_GPIO_DeInit
 .text.HAL_GPIO_ReadPin
                0x0000000008005764       0x30 Drivers/STM32F7xx_HAL_Driver/Src/stm32f7xx_hal_gpio.o
                0x0000000008005764                HAL_GPIO_ReadPin
 .text.HAL_GPIO_WritePin
                0x0000000008005794       0x32 Drivers/STM32F7xx_HAL_Driver/Src/stm32f7xx_hal_gpio.o
                0x0000000008005794                HAL_GPIO_WritePin
 *fill*         0x00000000080057c6        0x2 
 .text.HAL_I2C_Init
                0x00000000080057c8      0x120 Drivers/STM32F7xx_HAL_Driver/Src/stm32f7xx_hal_i2c.o
                0x00000000080057c8                HAL_I2C_Init
 .text.HAL_I2C_DeInit
                0x00000000080058e8       0x5e Drivers/STM32F7xx_HAL_Driver/Src/stm32f7xx_hal_i2c.o
                0x00000000080058e8                HAL_I2C_DeInit
 *fill*         0x0000000008005946        0x2 
 .text.HAL_I2C_Mem_Write
                0x0000000008005948      0x228 Drivers/STM32F7xx_HAL_Driver/Src/stm32f7xx_hal_i2c.o
                0x0000000008005948                HAL_I2C_Mem_Write
 .text.HAL_I2C_Mem_Read
                0x0000000008005b70      0x234 Drivers/STM32F7xx_HAL_Driver/Src/stm32f7xx_hal_i2c.o
                0x0000000008005b70                HAL_I2C_Mem_Read
 .text.HAL_I2C_GetState
                0x0000000008005da4       0x1c Drivers/STM32F7xx_HAL_Driver/Src/stm32f7xx_hal_i2c.o
                0x0000000008005da4                HAL_I2C_GetState
 .text.I2C_RequestMemoryWrite
                0x0000000008005dc0       0xa8 Drivers/STM32F7xx_HAL_Driver/Src/stm32f7xx_hal_i2c.o
 .text.I2C_RequestMemoryRead
                0x0000000008005e68       0xa8 Drivers/STM32F7xx_HAL_Driver/Src/stm32f7xx_hal_i2c.o
 .text.I2C_Flush_TXDR
                0x0000000008005f10       0x48 Drivers/STM32F7xx_HAL_Driver/Src/stm32f7xx_hal_i2c.o
 .text.I2C_WaitOnFlagUntilTimeout
                0x0000000008005f58       0x80 Drivers/STM32F7xx_HAL_Driver/Src/stm32f7xx_hal_i2c.o
 .text.I2C_WaitOnTXISFlagUntilTimeout
                0x0000000008005fd8       0x80 Drivers/STM32F7xx_HAL_Driver/Src/stm32f7xx_hal_i2c.o
 .text.I2C_WaitOnSTOPFlagUntilTimeout
                0x0000000008006058       0x78 Drivers/STM32F7xx_HAL_Driver/Src/stm32f7xx_hal_i2c.o
 .text.I2C_IsAcknowledgeFailed
                0x00000000080060d0       0xcc Drivers/STM32F7xx_HAL_Driver/Src/stm32f7xx_hal_i2c.o
 .text.I2C_TransferConfig
                0x000000000800619c       0x5c Drivers/STM32F7xx_HAL_Driver/Src/stm32f7xx_hal_i2c.o
 .text.HAL_I2CEx_ConfigAnalogFilter
                0x00000000080061f8       0x96 Drivers/STM32F7xx_HAL_Driver/Src/stm32f7xx_hal_i2c_ex.o
                0x00000000080061f8                HAL_I2CEx_ConfigAnalogFilter
 .text.HAL_I2CEx_ConfigDigitalFilter
                0x000000000800628e       0x98 Drivers/STM32F7xx_HAL_Driver/Src/stm32f7xx_hal_i2c_ex.o
                0x000000000800628e                HAL_I2CEx_ConfigDigitalFilter
 *fill*         0x0000000008006326        0x2 
 .text.HAL_LTDC_Init
                0x0000000008006328      0x1a0 Drivers/STM32F7xx_HAL_Driver/Src/stm32f7xx_hal_ltdc.o
                0x0000000008006328                HAL_LTDC_Init
 .text.HAL_LTDC_IRQHandler
                0x00000000080064c8      0x148 Drivers/STM32F7xx_HAL_Driver/Src/stm32f7xx_hal_ltdc.o
                0x00000000080064c8                HAL_LTDC_IRQHandler
 .text.HAL_LTDC_ErrorCallback
                0x0000000008006610       0x14 Drivers/STM32F7xx_HAL_Driver/Src/stm32f7xx_hal_ltdc.o
                0x0000000008006610                HAL_LTDC_ErrorCallback
 .text.HAL_LTDC_LineEventCallback
                0x0000000008006624       0x14 Drivers/STM32F7xx_HAL_Driver/Src/stm32f7xx_hal_ltdc.o
                0x0000000008006624                HAL_LTDC_LineEventCallback
 .text.HAL_LTDC_ReloadEventCallback
                0x0000000008006638       0x14 Drivers/STM32F7xx_HAL_Driver/Src/stm32f7xx_hal_ltdc.o
                0x0000000008006638                HAL_LTDC_ReloadEventCallback
 .text.HAL_LTDC_ConfigLayer
                0x000000000800664c       0x7c Drivers/STM32F7xx_HAL_Driver/Src/stm32f7xx_hal_ltdc.o
                0x000000000800664c                HAL_LTDC_ConfigLayer
 .text.HAL_LTDC_GetState
                0x00000000080066c8       0x1c Drivers/STM32F7xx_HAL_Driver/Src/stm32f7xx_hal_ltdc.o
                0x00000000080066c8                HAL_LTDC_GetState
 .text.LTDC_SetConfig
                0x00000000080066e4      0x334 Drivers/STM32F7xx_HAL_Driver/Src/stm32f7xx_hal_ltdc.o
 .text.HAL_PWR_EnableBkUpAccess
                0x0000000008006a18       0x20 Drivers/STM32F7xx_HAL_Driver/Src/stm32f7xx_hal_pwr.o
                0x0000000008006a18                HAL_PWR_EnableBkUpAccess
 .text.HAL_PWREx_EnableOverDrive
                0x0000000008006a38       0xa0 Drivers/STM32F7xx_HAL_Driver/Src/stm32f7xx_hal_pwr_ex.o
                0x0000000008006a38                HAL_PWREx_EnableOverDrive
 .text.HAL_RCC_OscConfig
                0x0000000008006ad8      0x548 Drivers/STM32F7xx_HAL_Driver/Src/stm32f7xx_hal_rcc.o
                0x0000000008006ad8                HAL_RCC_OscConfig
 .text.HAL_RCC_ClockConfig
                0x0000000008007020      0x1d8 Drivers/STM32F7xx_HAL_Driver/Src/stm32f7xx_hal_rcc.o
                0x0000000008007020                HAL_RCC_ClockConfig
 .text.HAL_RCC_GetSysClockFreq
                0x00000000080071f8      0x164 Drivers/STM32F7xx_HAL_Driver/Src/stm32f7xx_hal_rcc.o
                0x00000000080071f8                HAL_RCC_GetSysClockFreq
 .text.HAL_RCC_GetHCLKFreq
                0x000000000800735c       0x18 Drivers/STM32F7xx_HAL_Driver/Src/stm32f7xx_hal_rcc.o
                0x000000000800735c                HAL_RCC_GetHCLKFreq
 .text.HAL_RCC_GetPCLK1Freq
                0x0000000008007374       0x28 Drivers/STM32F7xx_HAL_Driver/Src/stm32f7xx_hal_rcc.o
                0x0000000008007374                HAL_RCC_GetPCLK1Freq
 .text.HAL_RCC_GetPCLK2Freq
                0x000000000800739c       0x28 Drivers/STM32F7xx_HAL_Driver/Src/stm32f7xx_hal_rcc.o
                0x000000000800739c                HAL_RCC_GetPCLK2Freq
 .text.HAL_RCC_GetClockConfig
                0x00000000080073c4       0x64 Drivers/STM32F7xx_HAL_Driver/Src/stm32f7xx_hal_rcc.o
                0x00000000080073c4                HAL_RCC_GetClockConfig
 .text.HAL_RCCEx_PeriphCLKConfig
                0x0000000008007428      0x7dc Drivers/STM32F7xx_HAL_Driver/Src/stm32f7xx_hal_rcc_ex.o
                0x0000000008007428                HAL_RCCEx_PeriphCLKConfig
 .text.HAL_RTC_Init
                0x0000000008007c04       0xf8 Drivers/STM32F7xx_HAL_Driver/Src/stm32f7xx_hal_rtc.o
                0x0000000008007c04                HAL_RTC_Init
 .text.HAL_RTC_SetTime
                0x0000000008007cfc      0x17c Drivers/STM32F7xx_HAL_Driver/Src/stm32f7xx_hal_rtc.o
                0x0000000008007cfc                HAL_RTC_SetTime
 .text.HAL_RTC_SetDate
                0x0000000008007e78      0x150 Drivers/STM32F7xx_HAL_Driver/Src/stm32f7xx_hal_rtc.o
                0x0000000008007e78                HAL_RTC_SetDate
 .text.HAL_RTC_SetAlarm
                0x0000000008007fc8      0x230 Drivers/STM32F7xx_HAL_Driver/Src/stm32f7xx_hal_rtc.o
                0x0000000008007fc8                HAL_RTC_SetAlarm
 .text.HAL_RTC_WaitForSynchro
                0x00000000080081f8       0x50 Drivers/STM32F7xx_HAL_Driver/Src/stm32f7xx_hal_rtc.o
                0x00000000080081f8                HAL_RTC_WaitForSynchro
 .text.RTC_EnterInitMode
                0x0000000008008248       0x58 Drivers/STM32F7xx_HAL_Driver/Src/stm32f7xx_hal_rtc.o
                0x0000000008008248                RTC_EnterInitMode
 .text.RTC_ByteToBcd2
                0x00000000080082a0       0x3c Drivers/STM32F7xx_HAL_Driver/Src/stm32f7xx_hal_rtc.o
                0x00000000080082a0                RTC_ByteToBcd2
 .text.HAL_RTCEx_SetTimeStamp
                0x00000000080082dc       0xac Drivers/STM32F7xx_HAL_Driver/Src/stm32f7xx_hal_rtc_ex.o
                0x00000000080082dc                HAL_RTCEx_SetTimeStamp
 .text.HAL_SDRAM_Init
                0x0000000008008388       0x68 Drivers/STM32F7xx_HAL_Driver/Src/stm32f7xx_hal_sdram.o
                0x0000000008008388                HAL_SDRAM_Init
 .text.HAL_SDRAM_SendCommand
                0x00000000080083f0       0x56 Drivers/STM32F7xx_HAL_Driver/Src/stm32f7xx_hal_sdram.o
                0x00000000080083f0                HAL_SDRAM_SendCommand
 .text.HAL_SDRAM_ProgramRefreshRate
                0x0000000008008446       0x40 Drivers/STM32F7xx_HAL_Driver/Src/stm32f7xx_hal_sdram.o
                0x0000000008008446                HAL_SDRAM_ProgramRefreshRate
 .text.HAL_SPI_Init
                0x0000000008008486      0x124 Drivers/STM32F7xx_HAL_Driver/Src/stm32f7xx_hal_spi.o
                0x0000000008008486                HAL_SPI_Init
 .text.HAL_TIM_Base_Init
                0x00000000080085aa       0x56 Drivers/STM32F7xx_HAL_Driver/Src/stm32f7xx_hal_tim.o
                0x00000000080085aa                HAL_TIM_Base_Init
 .text.HAL_TIM_Base_Start_IT
                0x0000000008008600       0x54 Drivers/STM32F7xx_HAL_Driver/Src/stm32f7xx_hal_tim.o
                0x0000000008008600                HAL_TIM_Base_Start_IT
 .text.HAL_TIM_PWM_Init
                0x0000000008008654       0x56 Drivers/STM32F7xx_HAL_Driver/Src/stm32f7xx_hal_tim.o
                0x0000000008008654                HAL_TIM_PWM_Init
 .text.HAL_TIM_PWM_MspInit
                0x00000000080086aa       0x14 Drivers/STM32F7xx_HAL_Driver/Src/stm32f7xx_hal_tim.o
                0x00000000080086aa                HAL_TIM_PWM_MspInit
 .text.HAL_TIM_IRQHandler
                0x00000000080086be      0x23e Drivers/STM32F7xx_HAL_Driver/Src/stm32f7xx_hal_tim.o
                0x00000000080086be                HAL_TIM_IRQHandler
 .text.HAL_TIM_PWM_ConfigChannel
                0x00000000080088fc      0x230 Drivers/STM32F7xx_HAL_Driver/Src/stm32f7xx_hal_tim.o
                0x00000000080088fc                HAL_TIM_PWM_ConfigChannel
 .text.HAL_TIM_ConfigClockSource
                0x0000000008008b2c      0x174 Drivers/STM32F7xx_HAL_Driver/Src/stm32f7xx_hal_tim.o
                0x0000000008008b2c                HAL_TIM_ConfigClockSource
 .text.HAL_TIM_SlaveConfigSynchro
                0x0000000008008ca0       0x84 Drivers/STM32F7xx_HAL_Driver/Src/stm32f7xx_hal_tim.o
                0x0000000008008ca0                HAL_TIM_SlaveConfigSynchro
 .text.HAL_TIM_OC_DelayElapsedCallback
                0x0000000008008d24       0x14 Drivers/STM32F7xx_HAL_Driver/Src/stm32f7xx_hal_tim.o
                0x0000000008008d24                HAL_TIM_OC_DelayElapsedCallback
 .text.HAL_TIM_IC_CaptureCallback
                0x0000000008008d38       0x14 Drivers/STM32F7xx_HAL_Driver/Src/stm32f7xx_hal_tim.o
                0x0000000008008d38                HAL_TIM_IC_CaptureCallback
 .text.HAL_TIM_PWM_PulseFinishedCallback
                0x0000000008008d4c       0x14 Drivers/STM32F7xx_HAL_Driver/Src/stm32f7xx_hal_tim.o
                0x0000000008008d4c                HAL_TIM_PWM_PulseFinishedCallback
 .text.HAL_TIM_TriggerCallback
                0x0000000008008d60       0x14 Drivers/STM32F7xx_HAL_Driver/Src/stm32f7xx_hal_tim.o
                0x0000000008008d60                HAL_TIM_TriggerCallback
 .text.TIM_Base_SetConfig
                0x0000000008008d74      0x140 Drivers/STM32F7xx_HAL_Driver/Src/stm32f7xx_hal_tim.o
                0x0000000008008d74                TIM_Base_SetConfig
 .text.TIM_OC1_SetConfig
                0x0000000008008eb4       0xe4 Drivers/STM32F7xx_HAL_Driver/Src/stm32f7xx_hal_tim.o
 .text.TIM_OC2_SetConfig
                0x0000000008008f98       0xf0 Drivers/STM32F7xx_HAL_Driver/Src/stm32f7xx_hal_tim.o
                0x0000000008008f98                TIM_OC2_SetConfig
 .text.TIM_OC3_SetConfig
                0x0000000008009088       0xec Drivers/STM32F7xx_HAL_Driver/Src/stm32f7xx_hal_tim.o
 .text.TIM_OC4_SetConfig
                0x0000000008009174       0xb0 Drivers/STM32F7xx_HAL_Driver/Src/stm32f7xx_hal_tim.o
 .text.TIM_OC5_SetConfig
                0x0000000008009224       0xa4 Drivers/STM32F7xx_HAL_Driver/Src/stm32f7xx_hal_tim.o
 .text.TIM_OC6_SetConfig
                0x00000000080092c8       0xa8 Drivers/STM32F7xx_HAL_Driver/Src/stm32f7xx_hal_tim.o
 .text.TIM_SlaveTimer_SetConfig
                0x0000000008009370      0x110 Drivers/STM32F7xx_HAL_Driver/Src/stm32f7xx_hal_tim.o
 .text.TIM_TI1_ConfigInputStage
                0x0000000008009480       0x5e Drivers/STM32F7xx_HAL_Driver/Src/stm32f7xx_hal_tim.o
 .text.TIM_TI2_ConfigInputStage
                0x00000000080094de       0x60 Drivers/STM32F7xx_HAL_Driver/Src/stm32f7xx_hal_tim.o
 .text.TIM_ITRx_SetConfig
                0x000000000800953e       0x36 Drivers/STM32F7xx_HAL_Driver/Src/stm32f7xx_hal_tim.o
 .text.TIM_ETR_SetConfig
                0x0000000008009574       0x40 Drivers/STM32F7xx_HAL_Driver/Src/stm32f7xx_hal_tim.o
                0x0000000008009574                TIM_ETR_SetConfig
 .text.HAL_TIMEx_MasterConfigSynchronization
                0x00000000080095b4      0x11c Drivers/STM32F7xx_HAL_Driver/Src/stm32f7xx_hal_tim_ex.o
                0x00000000080095b4                HAL_TIMEx_MasterConfigSynchronization
 .text.HAL_TIMEx_ConfigBreakDeadTime
                0x00000000080096d0       0xfc Drivers/STM32F7xx_HAL_Driver/Src/stm32f7xx_hal_tim_ex.o
                0x00000000080096d0                HAL_TIMEx_ConfigBreakDeadTime
 .text.HAL_TIMEx_CommutCallback
                0x00000000080097cc       0x14 Drivers/STM32F7xx_HAL_Driver/Src/stm32f7xx_hal_tim_ex.o
                0x00000000080097cc                HAL_TIMEx_CommutCallback
 .text.HAL_TIMEx_BreakCallback
                0x00000000080097e0       0x14 Drivers/STM32F7xx_HAL_Driver/Src/stm32f7xx_hal_tim_ex.o
                0x00000000080097e0                HAL_TIMEx_BreakCallback
 .text.HAL_TIMEx_Break2Callback
                0x00000000080097f4       0x14 Drivers/STM32F7xx_HAL_Driver/Src/stm32f7xx_hal_tim_ex.o
                0x00000000080097f4                HAL_TIMEx_Break2Callback
 .text.HAL_UART_Init
                0x0000000008009808       0x9c Drivers/STM32F7xx_HAL_Driver/Src/stm32f7xx_hal_uart.o
                0x0000000008009808                HAL_UART_Init
 .text.HAL_UART_IRQHandler
                0x00000000080098a4      0x264 Drivers/STM32F7xx_HAL_Driver/Src/stm32f7xx_hal_uart.o
                0x00000000080098a4                HAL_UART_IRQHandler
 .text.HAL_UART_TxCpltCallback
                0x0000000008009b08       0x14 Drivers/STM32F7xx_HAL_Driver/Src/stm32f7xx_hal_uart.o
                0x0000000008009b08                HAL_UART_TxCpltCallback
 .text.HAL_UART_ErrorCallback
                0x0000000008009b1c       0x14 Drivers/STM32F7xx_HAL_Driver/Src/stm32f7xx_hal_uart.o
                0x0000000008009b1c                HAL_UART_ErrorCallback
 .text.UART_SetConfig
                0x0000000008009b30      0x554 Drivers/STM32F7xx_HAL_Driver/Src/stm32f7xx_hal_uart.o
                0x0000000008009b30                UART_SetConfig
 .text.UART_AdvFeatureConfig
                0x000000000800a084      0x144 Drivers/STM32F7xx_HAL_Driver/Src/stm32f7xx_hal_uart.o
                0x000000000800a084                UART_AdvFeatureConfig
 .text.UART_CheckIdleState
                0x000000000800a1c8       0x5e Drivers/STM32F7xx_HAL_Driver/Src/stm32f7xx_hal_uart.o
                0x000000000800a1c8                UART_CheckIdleState
 .text.UART_WaitOnFlagUntilTimeout
                0x000000000800a226       0xf6 Drivers/STM32F7xx_HAL_Driver/Src/stm32f7xx_hal_uart.o
                0x000000000800a226                UART_WaitOnFlagUntilTimeout
 .text.UART_EndRxTransfer
                0x000000000800a31c       0x40 Drivers/STM32F7xx_HAL_Driver/Src/stm32f7xx_hal_uart.o
 .text.UART_DMAAbortOnError
                0x000000000800a35c       0x2c Drivers/STM32F7xx_HAL_Driver/Src/stm32f7xx_hal_uart.o
 .text.UART_EndTransmit_IT
                0x000000000800a388       0x32 Drivers/STM32F7xx_HAL_Driver/Src/stm32f7xx_hal_uart.o
 *fill*         0x000000000800a3ba        0x2 
 .text.FMC_SDRAM_Init
                0x000000000800a3bc       0xe4 Drivers/STM32F7xx_HAL_Driver/Src/stm32f7xx_ll_fmc.o
                0x000000000800a3bc                FMC_SDRAM_Init
 .text.FMC_SDRAM_Timing_Init
                0x000000000800a4a0      0x100 Drivers/STM32F7xx_HAL_Driver/Src/stm32f7xx_ll_fmc.o
                0x000000000800a4a0                FMC_SDRAM_Timing_Init
 .text.FMC_SDRAM_SendCommand
                0x000000000800a5a0       0x42 Drivers/STM32F7xx_HAL_Driver/Src/stm32f7xx_ll_fmc.o
                0x000000000800a5a0                FMC_SDRAM_SendCommand
 .text.FMC_SDRAM_ProgramRefreshRate
                0x000000000800a5e2       0x26 Drivers/STM32F7xx_HAL_Driver/Src/stm32f7xx_ll_fmc.o
                0x000000000800a5e2                FMC_SDRAM_ProgramRefreshRate
 .text.makeFreeRtosPriority
                0x000000000800a608       0x30 Middlewares/Third_Party/FreeRTOS/Source/CMSIS_RTOS/cmsis_os.o
 .text.osKernelStart
                0x000000000800a638        0xe Middlewares/Third_Party/FreeRTOS/Source/CMSIS_RTOS/cmsis_os.o
                0x000000000800a638                osKernelStart
 .text.osThreadCreate
                0x000000000800a646       0x98 Middlewares/Third_Party/FreeRTOS/Source/CMSIS_RTOS/cmsis_os.o
                0x000000000800a646                osThreadCreate
 .text.osDelay  0x000000000800a6de       0x28 Middlewares/Third_Party/FreeRTOS/Source/CMSIS_RTOS/cmsis_os.o
                0x000000000800a6de                osDelay
 .text.osMutexCreate
                0x000000000800a706       0x30 Middlewares/Third_Party/FreeRTOS/Source/CMSIS_RTOS/cmsis_os.o
                0x000000000800a706                osMutexCreate
 .text.vListInitialise
                0x000000000800a736       0x40 Middlewares/Third_Party/FreeRTOS/Source/list.o
                0x000000000800a736                vListInitialise
 .text.vListInitialiseItem
                0x000000000800a776       0x1a Middlewares/Third_Party/FreeRTOS/Source/list.o
                0x000000000800a776                vListInitialiseItem
 .text.vListInsertEnd
                0x000000000800a790       0x48 Middlewares/Third_Party/FreeRTOS/Source/list.o
                0x000000000800a790                vListInsertEnd
 .text.vListInsert
                0x000000000800a7d8       0x72 Middlewares/Third_Party/FreeRTOS/Source/list.o
                0x000000000800a7d8                vListInsert
 .text.uxListRemove
                0x000000000800a84a       0x54 Middlewares/Third_Party/FreeRTOS/Source/list.o
                0x000000000800a84a                uxListRemove
 *fill*         0x000000000800a89e        0x2 
 .text.xQueueGenericReset
                0x000000000800a8a0       0xd4 Middlewares/Third_Party/FreeRTOS/Source/queue.o
                0x000000000800a8a0                xQueueGenericReset
 .text.xQueueGenericCreateStatic
                0x000000000800a974       0xfa Middlewares/Third_Party/FreeRTOS/Source/queue.o
                0x000000000800a974                xQueueGenericCreateStatic
 .text.xQueueGenericCreate
                0x000000000800aa6e       0x82 Middlewares/Third_Party/FreeRTOS/Source/queue.o
                0x000000000800aa6e                xQueueGenericCreate
 .text.prvInitialiseNewQueue
                0x000000000800aaf0       0x3e Middlewares/Third_Party/FreeRTOS/Source/queue.o
 .text.prvInitialiseMutex
                0x000000000800ab2e       0x34 Middlewares/Third_Party/FreeRTOS/Source/queue.o
 .text.xQueueCreateMutex
                0x000000000800ab62       0x30 Middlewares/Third_Party/FreeRTOS/Source/queue.o
                0x000000000800ab62                xQueueCreateMutex
 .text.xQueueCreateMutexStatic
                0x000000000800ab92       0x36 Middlewares/Third_Party/FreeRTOS/Source/queue.o
                0x000000000800ab92                xQueueCreateMutexStatic
 .text.xQueueGenericSend
                0x000000000800abc8      0x204 Middlewares/Third_Party/FreeRTOS/Source/queue.o
                0x000000000800abc8                xQueueGenericSend
 .text.prvCopyDataToQueue
                0x000000000800adcc       0xd4 Middlewares/Third_Party/FreeRTOS/Source/queue.o
 .text.prvUnlockQueue
                0x000000000800aea0       0xa4 Middlewares/Third_Party/FreeRTOS/Source/queue.o
 .text.prvIsQueueFull
                0x000000000800af44       0x30 Middlewares/Third_Party/FreeRTOS/Source/queue.o
 .text.xTaskCreateStatic
                0x000000000800af74       0xc0 Middlewares/Third_Party/FreeRTOS/Source/tasks.o
                0x000000000800af74                xTaskCreateStatic
 .text.xTaskCreate
                0x000000000800b034       0x8a Middlewares/Third_Party/FreeRTOS/Source/tasks.o
                0x000000000800b034                xTaskCreate
 .text.prvInitialiseNewTask
                0x000000000800b0be      0x110 Middlewares/Third_Party/FreeRTOS/Source/tasks.o
 *fill*         0x000000000800b1ce        0x2 
 .text.prvAddNewTaskToReadyList
                0x000000000800b1d0       0xd4 Middlewares/Third_Party/FreeRTOS/Source/tasks.o
 .text.vTaskDelayUntil
                0x000000000800b2a4      0x100 Middlewares/Third_Party/FreeRTOS/Source/tasks.o
                0x000000000800b2a4                vTaskDelayUntil
 .text.vTaskDelay
                0x000000000800b3a4       0x6c Middlewares/Third_Party/FreeRTOS/Source/tasks.o
                0x000000000800b3a4                vTaskDelay
 .text.vTaskStartScheduler
                0x000000000800b410       0xc4 Middlewares/Third_Party/FreeRTOS/Source/tasks.o
                0x000000000800b410                vTaskStartScheduler
 .text.vTaskSuspendAll
                0x000000000800b4d4       0x1c Middlewares/Third_Party/FreeRTOS/Source/tasks.o
                0x000000000800b4d4                vTaskSuspendAll
 .text.xTaskResumeAll
                0x000000000800b4f0      0x13c Middlewares/Third_Party/FreeRTOS/Source/tasks.o
                0x000000000800b4f0                xTaskResumeAll
 .text.xTaskGetTickCount
                0x000000000800b62c       0x20 Middlewares/Third_Party/FreeRTOS/Source/tasks.o
                0x000000000800b62c                xTaskGetTickCount
 .text.xTaskIncrementTick
                0x000000000800b64c      0x174 Middlewares/Third_Party/FreeRTOS/Source/tasks.o
                0x000000000800b64c                xTaskIncrementTick
 .text.vTaskSwitchContext
                0x000000000800b7c0       0xb8 Middlewares/Third_Party/FreeRTOS/Source/tasks.o
                0x000000000800b7c0                vTaskSwitchContext
 .text.vTaskPlaceOnEventList
                0x000000000800b878       0x4c Middlewares/Third_Party/FreeRTOS/Source/tasks.o
                0x000000000800b878                vTaskPlaceOnEventList
 .text.xTaskRemoveFromEventList
                0x000000000800b8c4       0xc8 Middlewares/Third_Party/FreeRTOS/Source/tasks.o
                0x000000000800b8c4                xTaskRemoveFromEventList
 .text.vTaskInternalSetTimeOutState
                0x000000000800b98c       0x2c Middlewares/Third_Party/FreeRTOS/Source/tasks.o
                0x000000000800b98c                vTaskInternalSetTimeOutState
 .text.xTaskCheckForTimeOut
                0x000000000800b9b8       0xc8 Middlewares/Third_Party/FreeRTOS/Source/tasks.o
                0x000000000800b9b8                xTaskCheckForTimeOut
 .text.vTaskMissedYield
                0x000000000800ba80       0x18 Middlewares/Third_Party/FreeRTOS/Source/tasks.o
                0x000000000800ba80                vTaskMissedYield
 .text.prvIdleTask
                0x000000000800ba98       0x30 Middlewares/Third_Party/FreeRTOS/Source/tasks.o
 .text.prvInitialiseTaskLists
                0x000000000800bac8       0x80 Middlewares/Third_Party/FreeRTOS/Source/tasks.o
 .text.prvCheckTasksWaitingTermination
                0x000000000800bb48       0x58 Middlewares/Third_Party/FreeRTOS/Source/tasks.o
 .text.prvDeleteTCB
                0x000000000800bba0       0x60 Middlewares/Third_Party/FreeRTOS/Source/tasks.o
 .text.prvResetNextTaskUnblockTime
                0x000000000800bc00       0x40 Middlewares/Third_Party/FreeRTOS/Source/tasks.o
 .text.xTaskGetSchedulerState
                0x000000000800bc40       0x3c Middlewares/Third_Party/FreeRTOS/Source/tasks.o
                0x000000000800bc40                xTaskGetSchedulerState
 .text.xTaskPriorityDisinherit
                0x000000000800bc7c      0x110 Middlewares/Third_Party/FreeRTOS/Source/tasks.o
                0x000000000800bc7c                xTaskPriorityDisinherit
 .text.prvAddCurrentTaskToDelayedList
                0x000000000800bd8c       0xcc Middlewares/Third_Party/FreeRTOS/Source/tasks.o
 .text.pxPortInitialiseStack
                0x000000000800be58       0x68 Middlewares/Third_Party/FreeRTOS/Source/portable/GCC/ARM_CM7/r0p1/port.o
                0x000000000800be58                pxPortInitialiseStack
 .text.prvTaskExitError
                0x000000000800bec0       0x5c Middlewares/Third_Party/FreeRTOS/Source/portable/GCC/ARM_CM7/r0p1/port.o
 *fill*         0x000000000800bf1c        0x4 
 .text.SVC_Handler
                0x000000000800bf20       0x28 Middlewares/Third_Party/FreeRTOS/Source/portable/GCC/ARM_CM7/r0p1/port.o
                0x000000000800bf20                SVC_Handler
 .text.prvPortStartFirstTask
                0x000000000800bf48       0x28 Middlewares/Third_Party/FreeRTOS/Source/portable/GCC/ARM_CM7/r0p1/port.o
 .text.xPortStartScheduler
                0x000000000800bf70       0xf8 Middlewares/Third_Party/FreeRTOS/Source/portable/GCC/ARM_CM7/r0p1/port.o
                0x000000000800bf70                xPortStartScheduler
 .text.vPortEnterCritical
                0x000000000800c068       0x64 Middlewares/Third_Party/FreeRTOS/Source/portable/GCC/ARM_CM7/r0p1/port.o
                0x000000000800c068                vPortEnterCritical
 .text.vPortExitCritical
                0x000000000800c0cc       0x54 Middlewares/Third_Party/FreeRTOS/Source/portable/GCC/ARM_CM7/r0p1/port.o
                0x000000000800c0cc                vPortExitCritical
 .text.PendSV_Handler
                0x000000000800c120       0x68 Middlewares/Third_Party/FreeRTOS/Source/portable/GCC/ARM_CM7/r0p1/port.o
                0x000000000800c120                PendSV_Handler
 .text.SysTick_Handler
                0x000000000800c188       0x44 Middlewares/Third_Party/FreeRTOS/Source/portable/GCC/ARM_CM7/r0p1/port.o
                0x000000000800c188                SysTick_Handler
 .text.vPortSetupTimerInterrupt
                0x000000000800c1cc       0x48 Middlewares/Third_Party/FreeRTOS/Source/portable/GCC/ARM_CM7/r0p1/port.o
                0x000000000800c1cc                vPortSetupTimerInterrupt
 .text.vPortEnableVFP
                0x000000000800c214       0x14 Middlewares/Third_Party/FreeRTOS/Source/portable/GCC/ARM_CM7/r0p1/port.o
 .text.pvPortMalloc
                0x000000000800c228      0x190 Middlewares/Third_Party/FreeRTOS/Source/portable/MemMang/heap_4.o
                0x000000000800c228                pvPortMalloc
 .text.vPortFree
                0x000000000800c3b8       0xb8 Middlewares/Third_Party/FreeRTOS/Source/portable/MemMang/heap_4.o
                0x000000000800c3b8                vPortFree
 .text.prvHeapInit
                0x000000000800c470       0xc4 Middlewares/Third_Party/FreeRTOS/Source/portable/MemMang/heap_4.o
 .text.prvInsertBlockIntoFreeList
                0x000000000800c534       0xb4 Middlewares/Third_Party/FreeRTOS/Source/portable/MemMang/heap_4.o
 .text.__libc_init_array
                0x000000000800c5e8       0x48 c:/st/stm32cubeide_1.5.1/stm32cubeide/plugins/com.st.stm32cube.ide.mcu.externaltools.gnu-tools-for-stm32.7-2018-q2-update.win32_1.5.0.202011040924/tools/bin/../lib/gcc/arm-none-eabi/7.3.1/../../../../arm-none-eabi/lib/thumb/v7e-m/fpv4-sp/hard\libc_nano.a(lib_a-init.o)
                0x000000000800c5e8                __libc_init_array
 .text.memcpy   0x000000000800c630       0x16 c:/st/stm32cubeide_1.5.1/stm32cubeide/plugins/com.st.stm32cube.ide.mcu.externaltools.gnu-tools-for-stm32.7-2018-q2-update.win32_1.5.0.202011040924/tools/bin/../lib/gcc/arm-none-eabi/7.3.1/../../../../arm-none-eabi/lib/thumb/v7e-m/fpv4-sp/hard\libc_nano.a(lib_a-memcpy-stub.o)
                0x000000000800c630                memcpy
 .text.memset   0x000000000800c646       0x10 c:/st/stm32cubeide_1.5.1/stm32cubeide/plugins/com.st.stm32cube.ide.mcu.externaltools.gnu-tools-for-stm32.7-2018-q2-update.win32_1.5.0.202011040924/tools/bin/../lib/gcc/arm-none-eabi/7.3.1/../../../../arm-none-eabi/lib/thumb/v7e-m/fpv4-sp/hard\libc_nano.a(lib_a-memset.o)
                0x000000000800c646                memset
 *(.glue_7)
 .glue_7        0x000000000800c656        0x0 linker stubs
 *(.glue_7t)
 .glue_7t       0x000000000800c656        0x0 linker stubs
 *(.eh_frame)
 *fill*         0x000000000800c656        0x2 
 .eh_frame      0x000000000800c658        0x0 c:/st/stm32cubeide_1.5.1/stm32cubeide/plugins/com.st.stm32cube.ide.mcu.externaltools.gnu-tools-for-stm32.7-2018-q2-update.win32_1.5.0.202011040924/tools/bin/../lib/gcc/arm-none-eabi/7.3.1/thumb/v7e-m/fpv4-sp/hard/crtbegin.o
 *(.init)
 .init          0x000000000800c658        0x4 c:/st/stm32cubeide_1.5.1/stm32cubeide/plugins/com.st.stm32cube.ide.mcu.externaltools.gnu-tools-for-stm32.7-2018-q2-update.win32_1.5.0.202011040924/tools/bin/../lib/gcc/arm-none-eabi/7.3.1/thumb/v7e-m/fpv4-sp/hard/crti.o
                0x000000000800c658                _init
 .init          0x000000000800c65c        0x8 c:/st/stm32cubeide_1.5.1/stm32cubeide/plugins/com.st.stm32cube.ide.mcu.externaltools.gnu-tools-for-stm32.7-2018-q2-update.win32_1.5.0.202011040924/tools/bin/../lib/gcc/arm-none-eabi/7.3.1/thumb/v7e-m/fpv4-sp/hard/crtn.o
 *(.fini)
 .fini          0x000000000800c664        0x4 c:/st/stm32cubeide_1.5.1/stm32cubeide/plugins/com.st.stm32cube.ide.mcu.externaltools.gnu-tools-for-stm32.7-2018-q2-update.win32_1.5.0.202011040924/tools/bin/../lib/gcc/arm-none-eabi/7.3.1/thumb/v7e-m/fpv4-sp/hard/crti.o
                0x000000000800c664                _fini
 .fini          0x000000000800c668        0x8 c:/st/stm32cubeide_1.5.1/stm32cubeide/plugins/com.st.stm32cube.ide.mcu.externaltools.gnu-tools-for-stm32.7-2018-q2-update.win32_1.5.0.202011040924/tools/bin/../lib/gcc/arm-none-eabi/7.3.1/thumb/v7e-m/fpv4-sp/hard/crtn.o
                0x000000000800c670                . = ALIGN (0x4)
                0x000000000800c670                _etext = .

.vfp11_veneer   0x000000000800c670        0x0
 .vfp11_veneer  0x000000000800c670        0x0 linker stubs

.v4_bx          0x000000000800c670        0x0
 .v4_bx         0x000000000800c670        0x0 linker stubs

.iplt           0x000000000800c670        0x0
 .iplt          0x000000000800c670        0x0 c:/st/stm32cubeide_1.5.1/stm32cubeide/plugins/com.st.stm32cube.ide.mcu.externaltools.gnu-tools-for-stm32.7-2018-q2-update.win32_1.5.0.202011040924/tools/bin/../lib/gcc/arm-none-eabi/7.3.1/thumb/v7e-m/fpv4-sp/hard/crtbegin.o

.rodata         0x000000000800c670     0x1fec
                0x000000000800c670                . = ALIGN (0x4)
 *(.rodata)
 .rodata        0x000000000800c670       0x98 Core/Src/main.o
 .rodata        0x000000000800c708        0x5 Middlewares/Third_Party/FreeRTOS/Source/tasks.o
 *(.rodata*)
 *fill*         0x000000000800c70d        0x3 
 .rodata.Font24_Table
                0x000000000800c710     0x1ab8 Core/Src/stm32746g_discovery_lcd.o
                0x000000000800c710                Font24_Table
 .rodata.Font12_Table
                0x000000000800e1c8      0x474 Core/Src/stm32746g_discovery_lcd.o
                0x000000000800e1c8                Font12_Table
 .rodata.AHBPrescTable
                0x000000000800e63c       0x10 Core/Src/system_stm32f7xx.o
                0x000000000800e63c                AHBPrescTable
 .rodata.APBPrescTable
                0x000000000800e64c        0x8 Core/Src/system_stm32f7xx.o
                0x000000000800e64c                APBPrescTable
 .rodata.flagBitshiftOffset.9876
                0x000000000800e654        0x8 Drivers/STM32F7xx_HAL_Driver/Src/stm32f7xx_hal_dma.o
                0x000000000800e65c                . = ALIGN (0x4)

.ARM.extab      0x000000000800e65c        0x0
                0x000000000800e65c                . = ALIGN (0x4)
 *(.ARM.extab* .gnu.linkonce.armextab.*)
                0x000000000800e65c                . = ALIGN (0x4)

.ARM            0x000000000800e65c        0x8
                0x000000000800e65c                . = ALIGN (0x4)
                0x000000000800e65c                __exidx_start = .
 *(.ARM.exidx*)
 .ARM.exidx     0x000000000800e65c        0x8 c:/st/stm32cubeide_1.5.1/stm32cubeide/plugins/com.st.stm32cube.ide.mcu.externaltools.gnu-tools-for-stm32.7-2018-q2-update.win32_1.5.0.202011040924/tools/bin/../lib/gcc/arm-none-eabi/7.3.1/thumb/v7e-m/fpv4-sp/hard\libgcc.a(_udivmoddi4.o)
                0x000000000800e664                __exidx_end = .
                0x000000000800e664                . = ALIGN (0x4)

.rel.dyn        0x000000000800e664        0x0
 .rel.iplt      0x000000000800e664        0x0 c:/st/stm32cubeide_1.5.1/stm32cubeide/plugins/com.st.stm32cube.ide.mcu.externaltools.gnu-tools-for-stm32.7-2018-q2-update.win32_1.5.0.202011040924/tools/bin/../lib/gcc/arm-none-eabi/7.3.1/thumb/v7e-m/fpv4-sp/hard/crtbegin.o

.preinit_array  0x000000000800e664        0x0
                0x000000000800e664                . = ALIGN (0x4)
                0x000000000800e664                PROVIDE (__preinit_array_start = .)
 *(.preinit_array*)
                0x000000000800e664                PROVIDE (__preinit_array_end = .)
                0x000000000800e664                . = ALIGN (0x4)

.init_array     0x000000000800e664        0x4
                0x000000000800e664                . = ALIGN (0x4)
                0x000000000800e664                PROVIDE (__init_array_start = .)
 *(SORT_BY_NAME(.init_array.*))
 *(.init_array*)
 .init_array    0x000000000800e664        0x4 c:/st/stm32cubeide_1.5.1/stm32cubeide/plugins/com.st.stm32cube.ide.mcu.externaltools.gnu-tools-for-stm32.7-2018-q2-update.win32_1.5.0.202011040924/tools/bin/../lib/gcc/arm-none-eabi/7.3.1/thumb/v7e-m/fpv4-sp/hard/crtbegin.o
                0x000000000800e668                PROVIDE (__init_array_end = .)
                0x000000000800e668                . = ALIGN (0x4)

.fini_array     0x000000000800e668        0x4
                0x000000000800e668                . = ALIGN (0x4)
                [!provide]                        PROVIDE (__fini_array_start = .)
 *(SORT_BY_NAME(.fini_array.*))
 *(.fini_array*)
 .fini_array    0x000000000800e668        0x4 c:/st/stm32cubeide_1.5.1/stm32cubeide/plugins/com.st.stm32cube.ide.mcu.externaltools.gnu-tools-for-stm32.7-2018-q2-update.win32_1.5.0.202011040924/tools/bin/../lib/gcc/arm-none-eabi/7.3.1/thumb/v7e-m/fpv4-sp/hard/crtbegin.o
                [!provide]                        PROVIDE (__fini_array_end = .)
                0x000000000800e66c                . = ALIGN (0x4)
                0x000000000800e66c                _sidata = LOADADDR (.data)

.data           0x0000000020000000       0x54 load address 0x000000000800e66c
                0x0000000020000000                . = ALIGN (0x4)
                0x0000000020000000                _sdata = .
 *(.data)
 *(.data*)
 .data.ft5336_ts_drv
                0x0000000020000000       0x28 Core/Src/ft5336.o
                0x0000000020000000                ft5336_ts_drv
 .data.HAUTEUR_SOL
                0x0000000020000028        0x4 Core/Src/main.o
                0x0000000020000028                HAUTEUR_SOL
 .data.blocs_size
                0x000000002000002c        0x4 Core/Src/main.o
                0x000000002000002c                blocs_size
 .data.Font24   0x0000000020000030        0x8 Core/Src/stm32746g_discovery_lcd.o
                0x0000000020000030                Font24
 .data.Font12   0x0000000020000038        0x8 Core/Src/stm32746g_discovery_lcd.o
                0x0000000020000038                Font12
 .data.sdramstatus.9792
                0x0000000020000040        0x1 Core/Src/stm32746g_discovery_sdram.o
 *fill*         0x0000000020000041        0x3 
 .data.SystemCoreClock
                0x0000000020000044        0x4 Core/Src/system_stm32f7xx.o
                0x0000000020000044                SystemCoreClock
 .data.uwTickPrio
                0x0000000020000048        0x4 Drivers/STM32F7xx_HAL_Driver/Src/stm32f7xx_hal.o
                0x0000000020000048                uwTickPrio
 .data.uwTickFreq
                0x000000002000004c        0x1 Drivers/STM32F7xx_HAL_Driver/Src/stm32f7xx_hal.o
                0x000000002000004c                uwTickFreq
 *fill*         0x000000002000004d        0x3 
 .data.uxCriticalNesting
                0x0000000020000050        0x4 Middlewares/Third_Party/FreeRTOS/Source/portable/GCC/ARM_CM7/r0p1/port.o
 *(.RamFunc)
 *(.RamFunc*)
                0x0000000020000054                . = ALIGN (0x4)
                0x0000000020000054                _edata = .

.igot.plt       0x0000000020000054        0x0 load address 0x000000000800e6c0
 .igot.plt      0x0000000020000054        0x0 c:/st/stm32cubeide_1.5.1/stm32cubeide/plugins/com.st.stm32cube.ide.mcu.externaltools.gnu-tools-for-stm32.7-2018-q2-update.win32_1.5.0.202011040924/tools/bin/../lib/gcc/arm-none-eabi/7.3.1/thumb/v7e-m/fpv4-sp/hard/crtbegin.o
                0x0000000020000054                . = ALIGN (0x4)

.bss            0x0000000020000054     0x8cac load address 0x000000000800e6c0
                0x0000000020000054                _sbss = .
                0x0000000020000054                __bss_start__ = _sbss
 *(.bss)
 .bss           0x0000000020000054       0x1c c:/st/stm32cubeide_1.5.1/stm32cubeide/plugins/com.st.stm32cube.ide.mcu.externaltools.gnu-tools-for-stm32.7-2018-q2-update.win32_1.5.0.202011040924/tools/bin/../lib/gcc/arm-none-eabi/7.3.1/thumb/v7e-m/fpv4-sp/hard/crtbegin.o
 *(.bss*)
 .bss.xIdleTaskTCBBuffer
                0x0000000020000070       0x54 Core/Src/freertos.o
 .bss.xIdleStack
                0x00000000200000c4      0x200 Core/Src/freertos.o
 .bss.ft5336_handle
                0x00000000200002c4        0x3 Core/Src/ft5336.o
 *fill*         0x00000000200002c7        0x1 
 .bss.coord.5529
                0x00000000200002c8        0x2 Core/Src/ft5336.o
 *fill*         0x00000000200002ca        0x2 
 .bss.blocs     0x00000000200002cc       0x3c Core/Src/main.o
                0x00000000200002cc                blocs
 .bss.position_pieces
                0x0000000020000308       0x14 Core/Src/main.o
                0x0000000020000308                position_pieces
 .bss.hI2cAudioHandler
                0x000000002000031c       0x4c Core/Src/stm32746g_discovery.o
 .bss.hDma2dHandler
                0x0000000020000368       0x40 Core/Src/stm32746g_discovery_lcd.o
 .bss.ActiveLayer
                0x00000000200003a8        0x4 Core/Src/stm32746g_discovery_lcd.o
 .bss.DrawProp  0x00000000200003ac       0x18 Core/Src/stm32746g_discovery_lcd.o
 .bss.periph_clk_init_struct.10379
                0x00000000200003c4       0x84 Core/Src/stm32746g_discovery_lcd.o
 .bss.Timing    0x0000000020000448       0x1c Core/Src/stm32746g_discovery_sdram.o
 .bss.Command   0x0000000020000464       0x10 Core/Src/stm32746g_discovery_sdram.o
 .bss.dma_handle.9828
                0x0000000020000474       0x60 Core/Src/stm32746g_discovery_sdram.o
 .bss.tsDriver  0x00000000200004d4        0x4 Core/Src/stm32746g_discovery_ts.o
 .bss.tsXBoundary
                0x00000000200004d8        0x2 Core/Src/stm32746g_discovery_ts.o
 .bss.tsYBoundary
                0x00000000200004da        0x2 Core/Src/stm32746g_discovery_ts.o
 .bss.tsOrientation
                0x00000000200004dc        0x1 Core/Src/stm32746g_discovery_ts.o
 .bss.I2cAddress
                0x00000000200004dd        0x1 Core/Src/stm32746g_discovery_ts.o
 *fill*         0x00000000200004de        0x2 
 .bss.FMC_Initialized
                0x00000000200004e0        0x4 Core/Src/stm32f7xx_hal_msp.o
 .bss.pxCurrentTCB
                0x00000000200004e4        0x4 Middlewares/Third_Party/FreeRTOS/Source/tasks.o
                0x00000000200004e4                pxCurrentTCB
 .bss.pxReadyTasksLists
                0x00000000200004e8       0x8c Middlewares/Third_Party/FreeRTOS/Source/tasks.o
 .bss.xDelayedTaskList1
                0x0000000020000574       0x14 Middlewares/Third_Party/FreeRTOS/Source/tasks.o
 .bss.xDelayedTaskList2
                0x0000000020000588       0x14 Middlewares/Third_Party/FreeRTOS/Source/tasks.o
 .bss.pxDelayedTaskList
                0x000000002000059c        0x4 Middlewares/Third_Party/FreeRTOS/Source/tasks.o
 .bss.pxOverflowDelayedTaskList
                0x00000000200005a0        0x4 Middlewares/Third_Party/FreeRTOS/Source/tasks.o
 .bss.xPendingReadyList
                0x00000000200005a4       0x14 Middlewares/Third_Party/FreeRTOS/Source/tasks.o
 .bss.xTasksWaitingTermination
                0x00000000200005b8       0x14 Middlewares/Third_Party/FreeRTOS/Source/tasks.o
 .bss.uxDeletedTasksWaitingCleanUp
                0x00000000200005cc        0x4 Middlewares/Third_Party/FreeRTOS/Source/tasks.o
 .bss.xSuspendedTaskList
                0x00000000200005d0       0x14 Middlewares/Third_Party/FreeRTOS/Source/tasks.o
 .bss.uxCurrentNumberOfTasks
                0x00000000200005e4        0x4 Middlewares/Third_Party/FreeRTOS/Source/tasks.o
 .bss.xTickCount
                0x00000000200005e8        0x4 Middlewares/Third_Party/FreeRTOS/Source/tasks.o
 .bss.uxTopReadyPriority
                0x00000000200005ec        0x4 Middlewares/Third_Party/FreeRTOS/Source/tasks.o
 .bss.xSchedulerRunning
                0x00000000200005f0        0x4 Middlewares/Third_Party/FreeRTOS/Source/tasks.o
 .bss.uxPendedTicks
                0x00000000200005f4        0x4 Middlewares/Third_Party/FreeRTOS/Source/tasks.o
 .bss.xYieldPending
                0x00000000200005f8        0x4 Middlewares/Third_Party/FreeRTOS/Source/tasks.o
 .bss.xNumOfOverflows
                0x00000000200005fc        0x4 Middlewares/Third_Party/FreeRTOS/Source/tasks.o
 .bss.uxTaskNumber
                0x0000000020000600        0x4 Middlewares/Third_Party/FreeRTOS/Source/tasks.o
 .bss.xNextTaskUnblockTime
                0x0000000020000604        0x4 Middlewares/Third_Party/FreeRTOS/Source/tasks.o
 .bss.xIdleTaskHandle
                0x0000000020000608        0x4 Middlewares/Third_Party/FreeRTOS/Source/tasks.o
 .bss.uxSchedulerSuspended
                0x000000002000060c        0x4 Middlewares/Third_Party/FreeRTOS/Source/tasks.o
 .bss.ucMaxSysCallPriority
                0x0000000020000610        0x1 Middlewares/Third_Party/FreeRTOS/Source/portable/GCC/ARM_CM7/r0p1/port.o
 *fill*         0x0000000020000611        0x3 
 .bss.ulMaxPRIGROUPValue
                0x0000000020000614        0x4 Middlewares/Third_Party/FreeRTOS/Source/portable/GCC/ARM_CM7/r0p1/port.o
 .bss.ucHeap    0x0000000020000618     0x8000 Middlewares/Third_Party/FreeRTOS/Source/portable/MemMang/heap_4.o
 .bss.xStart    0x0000000020008618        0x8 Middlewares/Third_Party/FreeRTOS/Source/portable/MemMang/heap_4.o
 .bss.pxEnd     0x0000000020008620        0x4 Middlewares/Third_Party/FreeRTOS/Source/portable/MemMang/heap_4.o
 .bss.xFreeBytesRemaining
                0x0000000020008624        0x4 Middlewares/Third_Party/FreeRTOS/Source/portable/MemMang/heap_4.o
 .bss.xMinimumEverFreeBytesRemaining
                0x0000000020008628        0x4 Middlewares/Third_Party/FreeRTOS/Source/portable/MemMang/heap_4.o
 .bss.xBlockAllocatedBit
                0x000000002000862c        0x4 Middlewares/Third_Party/FreeRTOS/Source/portable/MemMang/heap_4.o
 *(COMMON)
 COMMON         0x0000000020008630      0x5b0 Core/Src/main.o
                0x0000000020008630                defaultTaskHandle
                0x0000000020008634                hi2c3
                0x0000000020008680                hspi2
                0x00000000200086e4                huart7
                0x0000000020008764                htim8
                0x00000000200087a4                hi2c1
                0x00000000200087f0                htim5
                0x0000000020008830                Game_overHandle
                0x0000000020008834                htim3
                0x0000000020008874                hltdc
                0x000000002000891c                hadc1
                0x0000000020008964                hadc3
                0x00000000200089ac                huart1
                0x0000000020008a2c                hdac
                0x0000000020008a40                hrtc
                0x0000000020008a60                htim1
                0x0000000020008aa0                huart6
                0x0000000020008b20                hdma2d
                0x0000000020008b60                htim2
                0x0000000020008ba0                hsdram1
                0x0000000020008bd4                PlayerHandle
                0x0000000020008bd8                myMutex01Handle
                0x0000000020008bdc                PiecesHandle
 COMMON         0x0000000020008be0       0xa8 Core/Src/stm32746g_discovery_lcd.o
                0x0000000020008be0                hLtdcHandler
 COMMON         0x0000000020008c88       0x34 Core/Src/stm32746g_discovery_sdram.o
                0x0000000020008c88                sdramHandle
 COMMON         0x0000000020008cbc       0x40 Core/Src/stm32f7xx_hal_timebase_tim.o
                0x0000000020008cbc                htim6
 COMMON         0x0000000020008cfc        0x4 Drivers/STM32F7xx_HAL_Driver/Src/stm32f7xx_hal.o
                0x0000000020008cfc                uwTick
                0x0000000020008d00                . = ALIGN (0x4)
                0x0000000020008d00                _ebss = .
                0x0000000020008d00                __bss_end__ = _ebss

._user_heap_stack
                0x0000000020008d00      0x600 load address 0x000000000800e6c0
                0x0000000020008d00                . = ALIGN (0x8)
                [!provide]                        PROVIDE (end = .)
                0x0000000020008d00                PROVIDE (_end = .)
                0x0000000020008f00                . = (. + _Min_Heap_Size)
 *fill*         0x0000000020008d00      0x200 
                0x0000000020009300                . = (. + _Min_Stack_Size)
 *fill*         0x0000000020008f00      0x400 
                0x0000000020009300                . = ALIGN (0x8)

/DISCARD/
 libc.a(*)
 libm.a(*)
 libgcc.a(*)

.ARM.attributes
                0x0000000000000000       0x30
 *(.ARM.attributes)
 .ARM.attributes
                0x0000000000000000       0x22 c:/st/stm32cubeide_1.5.1/stm32cubeide/plugins/com.st.stm32cube.ide.mcu.externaltools.gnu-tools-for-stm32.7-2018-q2-update.win32_1.5.0.202011040924/tools/bin/../lib/gcc/arm-none-eabi/7.3.1/thumb/v7e-m/fpv4-sp/hard/crti.o
 .ARM.attributes
                0x0000000000000022       0x34 c:/st/stm32cubeide_1.5.1/stm32cubeide/plugins/com.st.stm32cube.ide.mcu.externaltools.gnu-tools-for-stm32.7-2018-q2-update.win32_1.5.0.202011040924/tools/bin/../lib/gcc/arm-none-eabi/7.3.1/thumb/v7e-m/fpv4-sp/hard/crtbegin.o
 .ARM.attributes
                0x0000000000000056       0x39 Core/Src/freertos.o
 .ARM.attributes
                0x000000000000008f       0x39 Core/Src/ft5336.o
 .ARM.attributes
                0x00000000000000c8       0x39 Core/Src/main.o
 .ARM.attributes
                0x0000000000000101       0x39 Core/Src/stm32746g_discovery.o
 .ARM.attributes
                0x000000000000013a       0x39 Core/Src/stm32746g_discovery_lcd.o
 .ARM.attributes
                0x0000000000000173       0x39 Core/Src/stm32746g_discovery_sdram.o
 .ARM.attributes
                0x00000000000001ac       0x39 Core/Src/stm32746g_discovery_ts.o
 .ARM.attributes
                0x00000000000001e5       0x39 Core/Src/stm32f7xx_hal_msp.o
 .ARM.attributes
                0x000000000000021e       0x39 Core/Src/stm32f7xx_hal_timebase_tim.o
 .ARM.attributes
                0x0000000000000257       0x39 Core/Src/stm32f7xx_it.o
 .ARM.attributes
                0x0000000000000290       0x39 Core/Src/system_stm32f7xx.o
 .ARM.attributes
                0x00000000000002c9       0x21 Core/Startup/startup_stm32f746nghx.o
 .ARM.attributes
                0x00000000000002ea       0x39 Drivers/STM32F7xx_HAL_Driver/Src/stm32f7xx_hal.o
 .ARM.attributes
                0x0000000000000323       0x39 Drivers/STM32F7xx_HAL_Driver/Src/stm32f7xx_hal_adc.o
 .ARM.attributes
                0x000000000000035c       0x39 Drivers/STM32F7xx_HAL_Driver/Src/stm32f7xx_hal_cortex.o
 .ARM.attributes
                0x0000000000000395       0x39 Drivers/STM32F7xx_HAL_Driver/Src/stm32f7xx_hal_dac.o
 .ARM.attributes
                0x00000000000003ce       0x39 Drivers/STM32F7xx_HAL_Driver/Src/stm32f7xx_hal_dac_ex.o
 .ARM.attributes
                0x0000000000000407       0x39 Drivers/STM32F7xx_HAL_Driver/Src/stm32f7xx_hal_dma.o
 .ARM.attributes
                0x0000000000000440       0x39 Drivers/STM32F7xx_HAL_Driver/Src/stm32f7xx_hal_dma2d.o
 .ARM.attributes
                0x0000000000000479       0x39 Drivers/STM32F7xx_HAL_Driver/Src/stm32f7xx_hal_gpio.o
 .ARM.attributes
                0x00000000000004b2       0x39 Drivers/STM32F7xx_HAL_Driver/Src/stm32f7xx_hal_i2c.o
 .ARM.attributes
                0x00000000000004eb       0x39 Drivers/STM32F7xx_HAL_Driver/Src/stm32f7xx_hal_i2c_ex.o
 .ARM.attributes
                0x0000000000000524       0x39 Drivers/STM32F7xx_HAL_Driver/Src/stm32f7xx_hal_ltdc.o
 .ARM.attributes
                0x000000000000055d       0x39 Drivers/STM32F7xx_HAL_Driver/Src/stm32f7xx_hal_pwr.o
 .ARM.attributes
                0x0000000000000596       0x39 Drivers/STM32F7xx_HAL_Driver/Src/stm32f7xx_hal_pwr_ex.o
 .ARM.attributes
                0x00000000000005cf       0x39 Drivers/STM32F7xx_HAL_Driver/Src/stm32f7xx_hal_rcc.o
 .ARM.attributes
                0x0000000000000608       0x39 Drivers/STM32F7xx_HAL_Driver/Src/stm32f7xx_hal_rcc_ex.o
 .ARM.attributes
                0x0000000000000641       0x39 Drivers/STM32F7xx_HAL_Driver/Src/stm32f7xx_hal_rtc.o
 .ARM.attributes
                0x000000000000067a       0x39 Drivers/STM32F7xx_HAL_Driver/Src/stm32f7xx_hal_rtc_ex.o
 .ARM.attributes
                0x00000000000006b3       0x39 Drivers/STM32F7xx_HAL_Driver/Src/stm32f7xx_hal_sdram.o
 .ARM.attributes
                0x00000000000006ec       0x39 Drivers/STM32F7xx_HAL_Driver/Src/stm32f7xx_hal_spi.o
 .ARM.attributes
                0x0000000000000725       0x39 Drivers/STM32F7xx_HAL_Driver/Src/stm32f7xx_hal_tim.o
 .ARM.attributes
                0x000000000000075e       0x39 Drivers/STM32F7xx_HAL_Driver/Src/stm32f7xx_hal_tim_ex.o
 .ARM.attributes
                0x0000000000000797       0x39 Drivers/STM32F7xx_HAL_Driver/Src/stm32f7xx_hal_uart.o
 .ARM.attributes
                0x00000000000007d0       0x39 Drivers/STM32F7xx_HAL_Driver/Src/stm32f7xx_ll_fmc.o
 .ARM.attributes
                0x0000000000000809       0x39 Middlewares/Third_Party/FreeRTOS/Source/CMSIS_RTOS/cmsis_os.o
 .ARM.attributes
                0x0000000000000842       0x39 Middlewares/Third_Party/FreeRTOS/Source/list.o
 .ARM.attributes
                0x000000000000087b       0x39 Middlewares/Third_Party/FreeRTOS/Source/queue.o
 .ARM.attributes
                0x00000000000008b4       0x39 Middlewares/Third_Party/FreeRTOS/Source/tasks.o
 .ARM.attributes
                0x00000000000008ed       0x39 Middlewares/Third_Party/FreeRTOS/Source/portable/GCC/ARM_CM7/r0p1/port.o
 .ARM.attributes
                0x0000000000000926       0x39 Middlewares/Third_Party/FreeRTOS/Source/portable/MemMang/heap_4.o
 .ARM.attributes
                0x000000000000095f       0x34 c:/st/stm32cubeide_1.5.1/stm32cubeide/plugins/com.st.stm32cube.ide.mcu.externaltools.gnu-tools-for-stm32.7-2018-q2-update.win32_1.5.0.202011040924/tools/bin/../lib/gcc/arm-none-eabi/7.3.1/../../../../arm-none-eabi/lib/thumb/v7e-m/fpv4-sp/hard\libc_nano.a(lib_a-init.o)
 .ARM.attributes
                0x0000000000000993       0x34 c:/st/stm32cubeide_1.5.1/stm32cubeide/plugins/com.st.stm32cube.ide.mcu.externaltools.gnu-tools-for-stm32.7-2018-q2-update.win32_1.5.0.202011040924/tools/bin/../lib/gcc/arm-none-eabi/7.3.1/../../../../arm-none-eabi/lib/thumb/v7e-m/fpv4-sp/hard\libc_nano.a(lib_a-memcpy-stub.o)
 .ARM.attributes
                0x00000000000009c7       0x34 c:/st/stm32cubeide_1.5.1/stm32cubeide/plugins/com.st.stm32cube.ide.mcu.externaltools.gnu-tools-for-stm32.7-2018-q2-update.win32_1.5.0.202011040924/tools/bin/../lib/gcc/arm-none-eabi/7.3.1/../../../../arm-none-eabi/lib/thumb/v7e-m/fpv4-sp/hard\libc_nano.a(lib_a-memset.o)
 .ARM.attributes
                0x00000000000009fb       0x22 c:/st/stm32cubeide_1.5.1/stm32cubeide/plugins/com.st.stm32cube.ide.mcu.externaltools.gnu-tools-for-stm32.7-2018-q2-update.win32_1.5.0.202011040924/tools/bin/../lib/gcc/arm-none-eabi/7.3.1/thumb/v7e-m/fpv4-sp/hard\libgcc.a(_aeabi_uldivmod.o)
 .ARM.attributes
                0x0000000000000a1d       0x34 c:/st/stm32cubeide_1.5.1/stm32cubeide/plugins/com.st.stm32cube.ide.mcu.externaltools.gnu-tools-for-stm32.7-2018-q2-update.win32_1.5.0.202011040924/tools/bin/../lib/gcc/arm-none-eabi/7.3.1/thumb/v7e-m/fpv4-sp/hard\libgcc.a(_udivmoddi4.o)
 .ARM.attributes
                0x0000000000000a51       0x22 c:/st/stm32cubeide_1.5.1/stm32cubeide/plugins/com.st.stm32cube.ide.mcu.externaltools.gnu-tools-for-stm32.7-2018-q2-update.win32_1.5.0.202011040924/tools/bin/../lib/gcc/arm-none-eabi/7.3.1/thumb/v7e-m/fpv4-sp/hard\libgcc.a(_dvmd_tls.o)
 .ARM.attributes
                0x0000000000000a73       0x22 c:/st/stm32cubeide_1.5.1/stm32cubeide/plugins/com.st.stm32cube.ide.mcu.externaltools.gnu-tools-for-stm32.7-2018-q2-update.win32_1.5.0.202011040924/tools/bin/../lib/gcc/arm-none-eabi/7.3.1/thumb/v7e-m/fpv4-sp/hard/crtn.o
OUTPUT(mini_projet.elf elf32-littlearm)

.debug_info     0x0000000000000000    0x2b964
 .debug_info    0x0000000000000000      0x344 Core/Src/freertos.o
 .debug_info    0x0000000000000344      0x591 Core/Src/ft5336.o
 .debug_info    0x00000000000008d5     0x3f61 Core/Src/main.o
 .debug_info    0x0000000000004836     0x19bb Core/Src/stm32746g_discovery.o
 .debug_info    0x00000000000061f1     0x2264 Core/Src/stm32746g_discovery_lcd.o
 .debug_info    0x0000000000008455      0xf1e Core/Src/stm32746g_discovery_sdram.o
 .debug_info    0x0000000000009373      0x9dd Core/Src/stm32746g_discovery_ts.o
 .debug_info    0x0000000000009d50     0x2ae9 Core/Src/stm32f7xx_hal_msp.o
 .debug_info    0x000000000000c839      0xbe7 Core/Src/stm32f7xx_hal_timebase_tim.o
 .debug_info    0x000000000000d420      0xede Core/Src/stm32f7xx_it.o
 .debug_info    0x000000000000e2fe      0x73d Core/Src/system_stm32f7xx.o
 .debug_info    0x000000000000ea3b       0x22 Core/Startup/startup_stm32f746nghx.o
 .debug_info    0x000000000000ea5d      0x9d3 Drivers/STM32F7xx_HAL_Driver/Src/stm32f7xx_hal.o
 .debug_info    0x000000000000f430      0xc9d Drivers/STM32F7xx_HAL_Driver/Src/stm32f7xx_hal_adc.o
 .debug_info    0x00000000000100cd     0x104a Drivers/STM32F7xx_HAL_Driver/Src/stm32f7xx_hal_cortex.o
 .debug_info    0x0000000000011117      0xa3a Drivers/STM32F7xx_HAL_Driver/Src/stm32f7xx_hal_dac.o
 .debug_info    0x0000000000011b51      0x7c0 Drivers/STM32F7xx_HAL_Driver/Src/stm32f7xx_hal_dac_ex.o
 .debug_info    0x0000000000012311      0x968 Drivers/STM32F7xx_HAL_Driver/Src/stm32f7xx_hal_dma.o
 .debug_info    0x0000000000012c79      0xee9 Drivers/STM32F7xx_HAL_Driver/Src/stm32f7xx_hal_dma2d.o
 .debug_info    0x0000000000013b62      0x7dc Drivers/STM32F7xx_HAL_Driver/Src/stm32f7xx_hal_gpio.o
 .debug_info    0x000000000001433e     0x1fb9 Drivers/STM32F7xx_HAL_Driver/Src/stm32f7xx_hal_i2c.o
 .debug_info    0x00000000000162f7      0x738 Drivers/STM32F7xx_HAL_Driver/Src/stm32f7xx_hal_i2c_ex.o
 .debug_info    0x0000000000016a2f     0x1104 Drivers/STM32F7xx_HAL_Driver/Src/stm32f7xx_hal_ltdc.o
 .debug_info    0x0000000000017b33      0x9b4 Drivers/STM32F7xx_HAL_Driver/Src/stm32f7xx_hal_pwr.o
 .debug_info    0x00000000000184e7      0x96b Drivers/STM32F7xx_HAL_Driver/Src/stm32f7xx_hal_pwr_ex.o
 .debug_info    0x0000000000018e52      0x935 Drivers/STM32F7xx_HAL_Driver/Src/stm32f7xx_hal_rcc.o
 .debug_info    0x0000000000019787      0x7ad Drivers/STM32F7xx_HAL_Driver/Src/stm32f7xx_hal_rcc_ex.o
 .debug_info    0x0000000000019f34      0xc56 Drivers/STM32F7xx_HAL_Driver/Src/stm32f7xx_hal_rtc.o
 .debug_info    0x000000000001ab8a      0xff7 Drivers/STM32F7xx_HAL_Driver/Src/stm32f7xx_hal_rtc_ex.o
 .debug_info    0x000000000001bb81      0xca1 Drivers/STM32F7xx_HAL_Driver/Src/stm32f7xx_hal_sdram.o
 .debug_info    0x000000000001c822     0x166a Drivers/STM32F7xx_HAL_Driver/Src/stm32f7xx_hal_spi.o
 .debug_info    0x000000000001de8c     0x25a2 Drivers/STM32F7xx_HAL_Driver/Src/stm32f7xx_hal_tim.o
 .debug_info    0x000000000002042e     0x121c Drivers/STM32F7xx_HAL_Driver/Src/stm32f7xx_hal_tim_ex.o
 .debug_info    0x000000000002164a     0x16d1 Drivers/STM32F7xx_HAL_Driver/Src/stm32f7xx_hal_uart.o
 .debug_info    0x0000000000022d1b      0xccd Drivers/STM32F7xx_HAL_Driver/Src/stm32f7xx_ll_fmc.o
 .debug_info    0x00000000000239e8     0x1e8d Middlewares/Third_Party/FreeRTOS/Source/CMSIS_RTOS/cmsis_os.o
 .debug_info    0x0000000000025875      0xacb Middlewares/Third_Party/FreeRTOS/Source/list.o
 .debug_info    0x0000000000026340     0x1fd2 Middlewares/Third_Party/FreeRTOS/Source/queue.o
 .debug_info    0x0000000000028312     0x2584 Middlewares/Third_Party/FreeRTOS/Source/tasks.o
 .debug_info    0x000000000002a896      0x4e4 Middlewares/Third_Party/FreeRTOS/Source/portable/GCC/ARM_CM7/r0p1/port.o
 .debug_info    0x000000000002ad7a      0xbea Middlewares/Third_Party/FreeRTOS/Source/portable/MemMang/heap_4.o

.debug_abbrev   0x0000000000000000     0x5368
 .debug_abbrev  0x0000000000000000      0x109 Core/Src/freertos.o
 .debug_abbrev  0x0000000000000109      0x1ea Core/Src/ft5336.o
 .debug_abbrev  0x00000000000002f3      0x2fa Core/Src/main.o
 .debug_abbrev  0x00000000000005ed      0x287 Core/Src/stm32746g_discovery.o
 .debug_abbrev  0x0000000000000874      0x298 Core/Src/stm32746g_discovery_lcd.o
 .debug_abbrev  0x0000000000000b0c      0x218 Core/Src/stm32746g_discovery_sdram.o
 .debug_abbrev  0x0000000000000d24      0x22b Core/Src/stm32746g_discovery_ts.o
 .debug_abbrev  0x0000000000000f4f      0x24d Core/Src/stm32f7xx_hal_msp.o
 .debug_abbrev  0x000000000000119c      0x19d Core/Src/stm32f7xx_hal_timebase_tim.o
 .debug_abbrev  0x0000000000001339      0x169 Core/Src/stm32f7xx_it.o
 .debug_abbrev  0x00000000000014a2      0x147 Core/Src/system_stm32f7xx.o
 .debug_abbrev  0x00000000000015e9       0x12 Core/Startup/startup_stm32f746nghx.o
 .debug_abbrev  0x00000000000015fb      0x1c7 Drivers/STM32F7xx_HAL_Driver/Src/stm32f7xx_hal.o
 .debug_abbrev  0x00000000000017c2      0x205 Drivers/STM32F7xx_HAL_Driver/Src/stm32f7xx_hal_adc.o
 .debug_abbrev  0x00000000000019c7      0x2fa Drivers/STM32F7xx_HAL_Driver/Src/stm32f7xx_hal_cortex.o
 .debug_abbrev  0x0000000000001cc1      0x1e4 Drivers/STM32F7xx_HAL_Driver/Src/stm32f7xx_hal_dac.o
 .debug_abbrev  0x0000000000001ea5      0x1e8 Drivers/STM32F7xx_HAL_Driver/Src/stm32f7xx_hal_dac_ex.o
 .debug_abbrev  0x000000000000208d      0x229 Drivers/STM32F7xx_HAL_Driver/Src/stm32f7xx_hal_dma.o
 .debug_abbrev  0x00000000000022b6      0x211 Drivers/STM32F7xx_HAL_Driver/Src/stm32f7xx_hal_dma2d.o