08:26:26 **** Incremental Build of configuration Debug for project mini_projet ****
make -j4 all 
arm-none-eabi-gcc "../Core/Src/main.c" -mcpu=cortex-m7 -std=gnu11 -g3 -DUSE_HAL_DRIVER -DSTM32F746xx -DDEBUG -c -I../Middlewares/Third_Party/FreeRTOS/Source/include -I../Drivers/CMSIS/Include -I../Drivers/CMSIS/Device/ST/STM32F7xx/Include -I../Core/Inc -I../Drivers/STM32F7xx_HAL_Driver/Inc -I../Middlewares/Third_Party/FreeRTOS/Source/portable/GCC/ARM_CM7/r0p1 -I../Drivers/STM32F7xx_HAL_Driver/Inc/Legacy -I../Middlewares/Third_Party/FreeRTOS/Source/CMSIS_RTOS -I../STM32F7xx_HAL_Driver/Inc/Legacy -O0 -ffunction-sections -fdata-sections -Wall -fstack-usage -MMD -MP -MF"Core/Src/main.d" -MT"Core/Src/main.o" --specs=nano.specs -mfpu=fpv5-sp-d16 -mfloat-abi=hard -mthumb -o "Core/Src/main.o"
arm-none-eabi-gcc -o "mini_projet.elf" @"objects.list"   -mcpu=cortex-m7 -T"C:\Users\thoma\Desktop\II_miniprojet\mini_projet\STM32F746NGHX_FLASH.ld" --specs=nosys.specs -Wl,-Map="mini_projet.map" -Wl,--gc-sections -static --specs=nano.specs -mfpu=fpv5-sp-d16 -mfloat-abi=hard -mthumb -Wl,--start-group -lc -lm -Wl,--end-group
Finished building target: mini_projet.elf
 
arm-none-eabi-objdump -h -S  mini_projet.elf  > "mini_projet.list"
arm-none-eabi-objcopy  -O binary  mini_projet.elf  "mini_projet.bin"
arm-none-eabi-size   mini_projet.elf 
   text	   data	    bss	    dec	    hex	filename
  58488	     92	  37524	  96104	  17768	mini_projet.elf
Finished building: default.size.stdout
 
Finished building: mini_projet.bin
 
Finished building: mini_projet.list
 
08:29:56 **** Incremental Build of configuration Debug for project mini_projet ****
make -j4 all 
arm-none-eabi-size   mini_projet.elf 
   text	   data	    bss	    dec	    hex	filename
  58488	     92	  37524	  96104	  17768	mini_projet.elf
Finished building: default.size.stdout
 
08:32:54 **** Incremental Build of configuration Debug for project mini_projet ****
make -j4 all 
arm-none-eabi-gcc "../Core/Src/main.c" -mcpu=cortex-m7 -std=gnu11 -g3 -DUSE_HAL_DRIVER -DSTM32F746xx -DDEBUG -c -I../Middlewares/Third_Party/FreeRTOS/Source/include -I../Drivers/CMSIS/Include -I../Drivers/CMSIS/Device/ST/STM32F7xx/Include -I../Core/Inc -I../Drivers/STM32F7xx_HAL_Driver/Inc -I../Middlewares/Third_Party/FreeRTOS/Source/portable/GCC/ARM_CM7/r0p1 -I../Drivers/STM32F7xx_HAL_Driver/Inc/Legacy -I../Middlewares/Third_Party/FreeRTOS/Source/CMSIS_RTOS -I../STM32F7xx_HAL_Driver/Inc/Legacy -O0 -ffunction-sections -fdata-sections -Wall -fstack-usage -MMD -MP -MF"Core/Src/main.d" -MT"Core/Src/main.o" --specs=nano.specs -mfpu=fpv5-sp-d16 -mfloat-abi=hard -mthumb -o "Core/Src/main.o"
arm-none-eabi-gcc -o "mini_projet.elf" @"objects.list"   -mcpu=cortex-m7 -T"C:\Users\thoma\Desktop\II_miniprojet\mini_projet\STM32F746NGHX_FLASH.ld" --specs=nosys.specs -Wl,-Map="mini_projet.map" -Wl,--gc-sections -static --specs=nano.specs -mfpu=fpv5-sp-d16 -mfloat-abi=hard -mthumb -Wl,--start-group -lc -lm -Wl,--end-group
Finished building target: mini_projet.elf
 
arm-none-eabi-objdump -h -S  mini_projet.elf  > "mini_projet.list"
arm-none-eabi-objcopy  -O binary  mini_projet.elf  "mini_projet.bin"
arm-none-eabi-size   mini_projet.elf 
   text	   data	    bss	    dec	    hex	filename
  58552	     92	  37524	  96168	  177a8	mini_projet.elf
Finished building: default.size.stdout
 
Finished building: mini_projet.bin
 
Finished building: mini_projet.list
 
10:01:35 **** Incremental Build of configuration Debug for project mini_projet ****
make -j4 all 
arm-none-eabi-gcc "../Core/Src/main.c" -mcpu=cortex-m7 -std=gnu11 -g3 -DUSE_HAL_DRIVER -DSTM32F746xx -DDEBUG -c -I../Middlewares/Third_Party/FreeRTOS/Source/include -I../Drivers/CMSIS/Include -I../Drivers/CMSIS/Device/ST/STM32F7xx/Include -I../Core/Inc -I../Drivers/STM32F7xx_HAL_Driver/Inc -I../Middlewares/Third_Party/FreeRTOS/Source/portable/GCC/ARM_CM7/r0p1 -I../Drivers/STM32F7xx_HAL_Driver/Inc/Legacy -I../Middlewares/Third_Party/FreeRTOS/Source/CMSIS_RTOS -I../STM32F7xx_HAL_Driver/Inc/Legacy -O0 -ffunction-sections -fdata-sections -Wall -fstack-usage -MMD -MP -MF"Core/Src/main.d" -MT"Core/Src/main.o" --specs=nano.specs -mfpu=fpv5-sp-d16 -mfloat-abi=hard -mthumb -o "Core/Src/main.o"
arm-none-eabi-gcc -o "mini_projet.elf" @"objects.list"   -mcpu=cortex-m7 -T"C:\Users\thoma\Desktop\II_miniprojet\mini_projet\STM32F746NGHX_FLASH.ld" --specs=nosys.specs -Wl,-Map="mini_projet.map" -Wl,--gc-sections -static --specs=nano.specs -mfpu=fpv5-sp-d16 -mfloat-abi=hard -mthumb -Wl,--start-group -lc -lm -Wl,--end-group
Finished building target: mini_projet.elf
 
arm-none-eabi-objdump -h -S  mini_projet.elf  > "mini_projet.list"
arm-none-eabi-objcopy  -O binary  mini_projet.elf  "mini_projet.bin"
arm-none-eabi-size   mini_projet.elf 
   text	   data	    bss	    dec	    hex	filename
  60808	     92	  37524	  98424	  18078	mini_projet.elf
Finished building: default.size.stdout
 
Finished building: mini_projet.bin
 
Finished building: mini_projet.list
 
10:03:52 **** Incremental Build of configuration Debug for project mini_projet ****
make -j4 all 
arm-none-eabi-gcc "../Core/Src/main.c" -mcpu=cortex-m7 -std=gnu11 -g3 -DUSE_HAL_DRIVER -DSTM32F746xx -DDEBUG -c -I../Middlewares/Third_Party/FreeRTOS/Source/include -I../Drivers/CMSIS/Include -I../Drivers/CMSIS/Device/ST/STM32F7xx/Include -I../Core/Inc -I../Drivers/STM32F7xx_HAL_Driver/Inc -I../Middlewares/Third_Party/FreeRTOS/Source/portable/GCC/ARM_CM7/r0p1 -I../Drivers/STM32F7xx_HAL_Driver/Inc/Legacy -I../Middlewares/Third_Party/FreeRTOS/Source/CMSIS_RTOS -I../STM32F7xx_HAL_Driver/Inc/Legacy -O0 -ffunction-sections -fdata-sections -Wall -fstack-usage -MMD -MP -MF"Core/Src/main.d" -MT"Core/Src/main.o" --specs=nano.specs -mfpu=fpv5-sp-d16 -mfloat-abi=hard -mthumb -o "Core/Src/main.o"
arm-none-eabi-gcc -o "mini_projet.elf" @"objects.list"   -mcpu=cortex-m7 -T"C:\Users\thoma\Desktop\II_miniprojet\mini_projet\STM32F746NGHX_FLASH.ld" --specs=nosys.specs -Wl,-Map="mini_projet.map" -Wl,--gc-sections -static --specs=nano.specs -mfpu=fpv5-sp-d16 -mfloat-abi=hard -mthumb -Wl,--start-group -lc -lm -Wl,--end-group
Finished building target: mini_projet.elf
 
arm-none-eabi-objdump -h -S  mini_projet.elf  > "mini_projet.list"
arm-none-eabi-objcopy  -O binary  mini_projet.elf  "mini_projet.bin"
arm-none-eabi-size   mini_projet.elf 
   text	   data	    bss	    dec	    hex	filename
  60808	     92	  37524	  98424	  18078	mini_projet.elf
Finished building: default.size.stdout
Finished building: mini_projet.bin
 
 
Finished building: mini_projet.list
 
10:15:03 **** Incremental Build of configuration Debug for project mini_projet ****
make -j4 all 
arm-none-eabi-gcc "../Core/Src/main.c" -mcpu=cortex-m7 -std=gnu11 -g3 -DUSE_HAL_DRIVER -DSTM32F746xx -DDEBUG -c -I../Middlewares/Third_Party/FreeRTOS/Source/include -I../Drivers/CMSIS/Include -I../Drivers/CMSIS/Device/ST/STM32F7xx/Include -I../Core/Inc -I../Drivers/STM32F7xx_HAL_Driver/Inc -I../Middlewares/Third_Party/FreeRTOS/Source/portable/GCC/ARM_CM7/r0p1 -I../Drivers/STM32F7xx_HAL_Driver/Inc/Legacy -I../Middlewares/Third_Party/FreeRTOS/Source/CMSIS_RTOS -I../STM32F7xx_HAL_Driver/Inc/Legacy -O0 -ffunction-sections -fdata-sections -Wall -fstack-usage -MMD -MP -MF"Core/Src/main.d" -MT"Core/Src/main.o" --specs=nano.specs -mfpu=fpv5-sp-d16 -mfloat-abi=hard -mthumb -o "Core/Src/main.o"
arm-none-eabi-gcc -o "mini_projet.elf" @"objects.list"   -mcpu=cortex-m7 -T"C:\Users\thoma\Desktop\II_miniprojet\mini_projet\STM32F746NGHX_FLASH.ld" --specs=nosys.specs -Wl,-Map="mini_projet.map" -Wl,--gc-sections -static --specs=nano.specs -mfpu=fpv5-sp-d16 -mfloat-abi=hard -mthumb -Wl,--start-group -lc -lm -Wl,--end-group
Finished building target: mini_projet.elf
 
arm-none-eabi-objdump -h -S  mini_projet.elf  > "mini_projet.list"
arm-none-eabi-objcopy  -O binary  mini_projet.elf  "mini_projet.bin"
arm-none-eabi-size   mini_projet.elf 
   text	   data	    bss	    dec	    hex	filename
  58568	     92	  37524	  96184	  177b8	mini_projet.elf
Finished building: default.size.stdout
 
Finished building: mini_projet.bin
 
Finished building: mini_projet.list
 
10:16:03 **** Incremental Build of configuration Debug for project mini_projet ****
make -j4 all 
arm-none-eabi-gcc "../Core/Src/main.c" -mcpu=cortex-m7 -std=gnu11 -g3 -DUSE_HAL_DRIVER -DSTM32F746xx -DDEBUG -c -I../Middlewares/Third_Party/FreeRTOS/Source/include -I../Drivers/CMSIS/Include -I../Drivers/CMSIS/Device/ST/STM32F7xx/Include -I../Core/Inc -I../Drivers/STM32F7xx_HAL_Driver/Inc -I../Middlewares/Third_Party/FreeRTOS/Source/portable/GCC/ARM_CM7/r0p1 -I../Drivers/STM32F7xx_HAL_Driver/Inc/Legacy -I../Middlewares/Third_Party/FreeRTOS/Source/CMSIS_RTOS -I../STM32F7xx_HAL_Driver/Inc/Legacy -O0 -ffunction-sections -fdata-sections -Wall -fstack-usage -MMD -MP -MF"Core/Src/main.d" -MT"Core/Src/main.o" --specs=nano.specs -mfpu=fpv5-sp-d16 -mfloat-abi=hard -mthumb -o "Core/Src/main.o"
arm-none-eabi-gcc -o "mini_projet.elf" @"objects.list"   -mcpu=cortex-m7 -T"C:\Users\thoma\Desktop\II_miniprojet\mini_projet\STM32F746NGHX_FLASH.ld" --specs=nosys.specs -Wl,-Map="mini_projet.map" -Wl,--gc-sections -static --specs=nano.specs -mfpu=fpv5-sp-d16 -mfloat-abi=hard -mthumb -Wl,--start-group -lc -lm -Wl,--end-group
Finished building target: mini_projet.elf
 
arm-none-eabi-objdump -h -S  mini_projet.elf  > "mini_projet.list"
arm-none-eabi-objcopy  -O binary  mini_projet.elf  "mini_projet.bin"
arm-none-eabi-size   mini_projet.elf 
   text	   data	    bss	    dec	    hex	filename
  58568	     92	  37524	  96184	  177b8	mini_projet.elf
Finished building: default.size.stdout
Finished building: mini_projet.bin
 
 
Finished building: mini_projet.list
 
10:18:04 **** Incremental Build of configuration Debug for project mini_projet ****
make -j4 all 
arm-none-eabi-gcc "../Core/Src/main.c" -mcpu=cortex-m7 -std=gnu11 -g3 -DUSE_HAL_DRIVER -DSTM32F746xx -DDEBUG -c -I../Middlewares/Third_Party/FreeRTOS/Source/include -I../Drivers/CMSIS/Include -I../Drivers/CMSIS/Device/ST/STM32F7xx/Include -I../Core/Inc -I../Drivers/STM32F7xx_HAL_Driver/Inc -I../Middlewares/Third_Party/FreeRTOS/Source/portable/GCC/ARM_CM7/r0p1 -I../Drivers/STM32F7xx_HAL_Driver/Inc/Legacy -I../Middlewares/Third_Party/FreeRTOS/Source/CMSIS_RTOS -I../STM32F7xx_HAL_Driver/Inc/Legacy -O0 -ffunction-sections -fdata-sections -Wall -fstack-usage -MMD -MP -MF"Core/Src/main.d" -MT"Core/Src/main.o" --specs=nano.specs -mfpu=fpv5-sp-d16 -mfloat-abi=hard -mthumb -o "Core/Src/main.o"
arm-none-eabi-gcc -o "mini_projet.elf" @"objects.list"   -mcpu=cortex-m7 -T"C:\Users\thoma\Desktop\II_miniprojet\mini_projet\STM32F746NGHX_FLASH.ld" --specs=nosys.specs -Wl,-Map="mini_projet.map" -Wl,--gc-sections -static --specs=nano.specs -mfpu=fpv5-sp-d16 -mfloat-abi=hard -mthumb -Wl,--start-group -lc -lm -Wl,--end-group
Finished building target: mini_projet.elf
 
arm-none-eabi-objdump -h -S  mini_projet.elf  > "mini_projet.list"
arm-none-eabi-objcopy  -O binary  mini_projet.elf  "mini_projet.bin"
arm-none-eabi-size   mini_projet.elf 
   text	   data	    bss	    dec	    hex	filename
  58584	     92	  37524	  96200	  177c8	mini_projet.elf
Finished building: default.size.stdout
 
Finished building: mini_projet.bin
 
Finished building: mini_projet.list
 
10:20:40 **** Incremental Build of configuration Debug for project mini_projet ****
make -j4 all 
arm-none-eabi-gcc "../Core/Src/main.c" -mcpu=cortex-m7 -std=gnu11 -g3 -DUSE_HAL_DRIVER -DSTM32F746xx -DDEBUG -c -I../Middlewares/Third_Party/FreeRTOS/Source/include -I../Drivers/CMSIS/Include -I../Drivers/CMSIS/Device/ST/STM32F7xx/Include -I../Core/Inc -I../Drivers/STM32F7xx_HAL_Driver/Inc -I../Middlewares/Third_Party/FreeRTOS/Source/portable/GCC/ARM_CM7/r0p1 -I../Drivers/STM32F7xx_HAL_Driver/Inc/Legacy -I../Middlewares/Third_Party/FreeRTOS/Source/CMSIS_RTOS -I../STM32F7xx_HAL_Driver/Inc/Legacy -O0 -ffunction-sections -fdata-sections -Wall -fstack-usage -MMD -MP -MF"Core/Src/main.d" -MT"Core/Src/main.o" --specs=nano.specs -mfpu=fpv5-sp-d16 -mfloat-abi=hard -mthumb -o "Core/Src/main.o"
arm-none-eabi-gcc -o "mini_projet.elf" @"objects.list"   -mcpu=cortex-m7 -T"C:\Users\thoma\Desktop\II_miniprojet\mini_projet\STM32F746NGHX_FLASH.ld" --specs=nosys.specs -Wl,-Map="mini_projet.map" -Wl,--gc-sections -static --specs=nano.specs -mfpu=fpv5-sp-d16 -mfloat-abi=hard -mthumb -Wl,--start-group -lc -lm -Wl,--end-group
Finished building target: mini_projet.elf
 
arm-none-eabi-objdump -h -S  mini_projet.elf  > "mini_projet.list"
arm-none-eabi-objcopy  -O binary  mini_projet.elf  "mini_projet.bin"
arm-none-eabi-size   mini_projet.elf 
   text	   data	    bss	    dec	    hex	filename
  58600	     92	  37524	  96216	  177d8	mini_projet.elf
Finished building: default.size.stdout
 
Finished building: mini_projet.bin
 
Finished building: mini_projet.list
 
10:21:21 **** Incremental Build of configuration Debug for project mini_projet ****
make -j4 all 
arm-none-eabi-size   mini_projet.elf 
   text	   data	    bss	    dec	    hex	filename
  58600	     92	  37524	  96216	  177d8	mini_projet.elf
Finished building: default.size.stdout
 
10:22:02 **** Incremental Build of configuration Debug for project mini_projet ****
make -j4 all 
arm-none-eabi-gcc "../Core/Src/main.c" -mcpu=cortex-m7 -std=gnu11 -g3 -DUSE_HAL_DRIVER -DSTM32F746xx -DDEBUG -c -I../Middlewares/Third_Party/FreeRTOS/Source/include -I../Drivers/CMSIS/Include -I../Drivers/CMSIS/Device/ST/STM32F7xx/Include -I../Core/Inc -I../Drivers/STM32F7xx_HAL_Driver/Inc -I../Middlewares/Third_Party/FreeRTOS/Source/portable/GCC/ARM_CM7/r0p1 -I../Drivers/STM32F7xx_HAL_Driver/Inc/Legacy -I../Middlewares/Third_Party/FreeRTOS/Source/CMSIS_RTOS -I../STM32F7xx_HAL_Driver/Inc/Legacy -O0 -ffunction-sections -fdata-sections -Wall -fstack-usage -MMD -MP -MF"Core/Src/main.d" -MT"Core/Src/main.o" --specs=nano.specs -mfpu=fpv5-sp-d16 -mfloat-abi=hard -mthumb -o "Core/Src/main.o"
arm-none-eabi-gcc -o "mini_projet.elf" @"objects.list"   -mcpu=cortex-m7 -T"C:\Users\thoma\Desktop\II_miniprojet\mini_projet\STM32F746NGHX_FLASH.ld" --specs=nosys.specs -Wl,-Map="mini_projet.map" -Wl,--gc-sections -static --specs=nano.specs -mfpu=fpv5-sp-d16 -mfloat-abi=hard -mthumb -Wl,--start-group -lc -lm -Wl,--end-group
Finished building target: mini_projet.elf
 
arm-none-eabi-objdump -h -S  mini_projet.elf  > "mini_projet.list"
arm-none-eabi-objcopy  -O binary  mini_projet.elf  "mini_projet.bin"
arm-none-eabi-size   mini_projet.elf 
   text	   data	    bss	    dec	    hex	filename
  58600	     92	  37524	  96216	  177d8	mini_projet.elf
Finished building: default.size.stdout
 
Finished building: mini_projet.bin
 
Finished building: mini_projet.list
 
10:23:33 **** Incremental Build of configuration Debug for project mini_projet ****
make -j4 all 
arm-none-eabi-gcc "../Core/Src/main.c" -mcpu=cortex-m7 -std=gnu11 -g3 -DUSE_HAL_DRIVER -DSTM32F746xx -DDEBUG -c -I../Middlewares/Third_Party/FreeRTOS/Source/include -I../Drivers/CMSIS/Include -I../Drivers/CMSIS/Device/ST/STM32F7xx/Include -I../Core/Inc -I../Drivers/STM32F7xx_HAL_Driver/Inc -I../Middlewares/Third_Party/FreeRTOS/Source/portable/GCC/ARM_CM7/r0p1 -I../Drivers/STM32F7xx_HAL_Driver/Inc/Legacy -I../Middlewares/Third_Party/FreeRTOS/Source/CMSIS_RTOS -I../STM32F7xx_HAL_Driver/Inc/Legacy -O0 -ffunction-sections -fdata-sections -Wall -fstack-usage -MMD -MP -MF"Core/Src/main.d" -MT"Core/Src/main.o" --specs=nano.specs -mfpu=fpv5-sp-d16 -mfloat-abi=hard -mthumb -o "Core/Src/main.o"
arm-none-eabi-gcc -o "mini_projet.elf" @"objects.list"   -mcpu=cortex-m7 -T"C:\Users\thoma\Desktop\II_miniprojet\mini_projet\STM32F746NGHX_FLASH.ld" --specs=nosys.specs -Wl,-Map="mini_projet.map" -Wl,--gc-sections -static --specs=nano.specs -mfpu=fpv5-sp-d16 -mfloat-abi=hard -mthumb -Wl,--start-group -lc -lm -Wl,--end-group
Finished building target: mini_projet.elf
 
arm-none-eabi-objdump -h -S  mini_projet.elf  > "mini_projet.list"
arm-none-eabi-objcopy  -O binary  mini_projet.elf  "mini_projet.bin"
arm-none-eabi-size   mini_projet.elf 
   text	   data	    bss	    dec	    hex	filename
  58600	     92	  37524	  96216	  177d8	mini_projet.elf
Finished building: default.size.stdout
 
Finished building: mini_projet.bin
 
Finished building: mini_projet.list
 
10:26:44 **** Incremental Build of configuration Debug for project mini_projet ****
make -j4 all 
arm-none-eabi-gcc "../Core/Src/main.c" -mcpu=cortex-m7 -std=gnu11 -g3 -DUSE_HAL_DRIVER -DSTM32F746xx -DDEBUG -c -I../Middlewares/Third_Party/FreeRTOS/Source/include -I../Drivers/CMSIS/Include -I../Drivers/CMSIS/Device/ST/STM32F7xx/Include -I../Core/Inc -I../Drivers/STM32F7xx_HAL_Driver/Inc -I../Middlewares/Third_Party/FreeRTOS/Source/portable/GCC/ARM_CM7/r0p1 -I../Drivers/STM32F7xx_HAL_Driver/Inc/Legacy -I../Middlewares/Third_Party/FreeRTOS/Source/CMSIS_RTOS -I../STM32F7xx_HAL_Driver/Inc/Legacy -O0 -ffunction-sections -fdata-sections -Wall -fstack-usage -MMD -MP -MF"Core/Src/main.d" -MT"Core/Src/main.o" --specs=nano.specs -mfpu=fpv5-sp-d16 -mfloat-abi=hard -mthumb -o "Core/Src/main.o"
arm-none-eabi-gcc -o "mini_projet.elf" @"objects.list"   -mcpu=cortex-m7 -T"C:\Users\thoma\Desktop\II_miniprojet\mini_projet\STM32F746NGHX_FLASH.ld" --specs=nosys.specs -Wl,-Map="mini_projet.map" -Wl,--gc-sections -static --specs=nano.specs -mfpu=fpv5-sp-d16 -mfloat-abi=hard -mthumb -Wl,--start-group -lc -lm -Wl,--end-group
Finished building target: mini_projet.elf
 
arm-none-eabi-objdump -h -S  mini_projet.elf  > "mini_projet.list"
arm-none-eabi-objcopy  -O binary  mini_projet.elf  "mini_projet.bin"
arm-none-eabi-size   mini_projet.elf 
   text	   data	    bss	    dec	    hex	filename
  58600	     92	  37524	  96216	  177d8	mini_projet.elf
Finished building: default.size.stdout
 
Finished building: mini_projet.bin
 
Finished building: mini_projet.list
 
10:27:42 **** Incremental Build of configuration Debug for project mini_projet ****
make -j4 all 
arm-none-eabi-gcc "../Core/Src/main.c" -mcpu=cortex-m7 -std=gnu11 -g3 -DUSE_HAL_DRIVER -DSTM32F746xx -DDEBUG -c -I../Middlewares/Third_Party/FreeRTOS/Source/include -I../Drivers/CMSIS/Include -I../Drivers/CMSIS/Device/ST/STM32F7xx/Include -I../Core/Inc -I../Drivers/STM32F7xx_HAL_Driver/Inc -I../Middlewares/Third_Party/FreeRTOS/Source/portable/GCC/ARM_CM7/r0p1 -I../Drivers/STM32F7xx_HAL_Driver/Inc/Legacy -I../Middlewares/Third_Party/FreeRTOS/Source/CMSIS_RTOS -I../STM32F7xx_HAL_Driver/Inc/Legacy -O0 -ffunction-sections -fdata-sections -Wall -fstack-usage -MMD -MP -MF"Core/Src/main.d" -MT"Core/Src/main.o" --specs=nano.specs -mfpu=fpv5-sp-d16 -mfloat-abi=hard -mthumb -o "Core/Src/main.o"
arm-none-eabi-gcc -o "mini_projet.elf" @"objects.list"   -mcpu=cortex-m7 -T"C:\Users\thoma\Desktop\II_miniprojet\mini_projet\STM32F746NGHX_FLASH.ld" --specs=nosys.specs -Wl,-Map="mini_projet.map" -Wl,--gc-sections -static --specs=nano.specs -mfpu=fpv5-sp-d16 -mfloat-abi=hard -mthumb -Wl,--start-group -lc -lm -Wl,--end-group
Finished building target: mini_projet.elf
 
arm-none-eabi-objdump -h -S  mini_projet.elf  > "mini_projet.list"
arm-none-eabi-objcopy  -O binary  mini_projet.elf  "mini_projet.bin"
arm-none-eabi-size   mini_projet.elf 
   text	   data	    bss	    dec	    hex	filename
  58600	     92	  37524	  96216	  177d8	mini_projet.elf
Finished building: default.size.stdout
Finished building: mini_projet.bin
 
 
Finished building: mini_projet.list
 
10:28:57 **** Incremental Build of configuration Debug for project mini_projet ****
make -j4 all 
arm-none-eabi-gcc "../Core/Src/main.c" -mcpu=cortex-m7 -std=gnu11 -g3 -DUSE_HAL_DRIVER -DSTM32F746xx -DDEBUG -c -I../Middlewares/Third_Party/FreeRTOS/Source/include -I../Drivers/CMSIS/Include -I../Drivers/CMSIS/Device/ST/STM32F7xx/Include -I../Core/Inc -I../Drivers/STM32F7xx_HAL_Driver/Inc -I../Middlewares/Third_Party/FreeRTOS/Source/portable/GCC/ARM_CM7/r0p1 -I../Drivers/STM32F7xx_HAL_Driver/Inc/Legacy -I../Middlewares/Third_Party/FreeRTOS/Source/CMSIS_RTOS -I../STM32F7xx_HAL_Driver/Inc/Legacy -O0 -ffunction-sections -fdata-sections -Wall -fstack-usage -MMD -MP -MF"Core/Src/main.d" -MT"Core/Src/main.o" --specs=nano.specs -mfpu=fpv5-sp-d16 -mfloat-abi=hard -mthumb -o "Core/Src/main.o"
arm-none-eabi-gcc -o "mini_projet.elf" @"objects.list"   -mcpu=cortex-m7 -T"C:\Users\thoma\Desktop\II_miniprojet\mini_projet\STM32F746NGHX_FLASH.ld" --specs=nosys.specs -Wl,-Map="mini_projet.map" -Wl,--gc-sections -static --specs=nano.specs -mfpu=fpv5-sp-d16 -mfloat-abi=hard -mthumb -Wl,--start-group -lc -lm -Wl,--end-group
Finished building target: mini_projet.elf
 
arm-none-eabi-objdump -h -S  mini_projet.elf  > "mini_projet.list"
arm-none-eabi-objcopy  -O binary  mini_projet.elf  "mini_projet.bin"
arm-none-eabi-size   mini_projet.elf 
   text	   data	    bss	    dec	    hex	filename
  58584	     92	  37524	  96200	  177c8	mini_projet.elf
Finished building: default.size.stdout
 
Finished building: mini_projet.bin
 
Finished building: mini_projet.list
 
10:32:57 **** Incremental Build of configuration Debug for project mini_projet ****
make -j4 all 
arm-none-eabi-gcc "../Core/Src/main.c" -mcpu=cortex-m7 -std=gnu11 -g3 -DUSE_HAL_DRIVER -DSTM32F746xx -DDEBUG -c -I../Middlewares/Third_Party/FreeRTOS/Source/include -I../Drivers/CMSIS/Include -I../Drivers/CMSIS/Device/ST/STM32F7xx/Include -I../Core/Inc -I../Drivers/STM32F7xx_HAL_Driver/Inc -I../Middlewares/Third_Party/FreeRTOS/Source/portable/GCC/ARM_CM7/r0p1 -I../Drivers/STM32F7xx_HAL_Driver/Inc/Legacy -I../Middlewares/Third_Party/FreeRTOS/Source/CMSIS_RTOS -I../STM32F7xx_HAL_Driver/Inc/Legacy -O0 -ffunction-sections -fdata-sections -Wall -fstack-usage -MMD -MP -MF"Core/Src/main.d" -MT"Core/Src/main.o" --specs=nano.specs -mfpu=fpv5-sp-d16 -mfloat-abi=hard -mthumb -o "Core/Src/main.o"
arm-none-eabi-gcc -o "mini_projet.elf" @"objects.list"   -mcpu=cortex-m7 -T"C:\Users\thoma\Desktop\II_miniprojet\mini_projet\STM32F746NGHX_FLASH.ld" --specs=nosys.specs -Wl,-Map="mini_projet.map" -Wl,--gc-sections -static --specs=nano.specs -mfpu=fpv5-sp-d16 -mfloat-abi=hard -mthumb -Wl,--start-group -lc -lm -Wl,--end-group
Finished building target: mini_projet.elf
 
arm-none-eabi-objdump -h -S  mini_projet.elf  > "mini_projet.list"
arm-none-eabi-objcopy  -O binary  mini_projet.elf  "mini_projet.bin"
arm-none-eabi-size   mini_projet.elf 
   text	   data	    bss	    dec	    hex	filename
  58632	     92	  37524	  96248	  177f8	mini_projet.elf
Finished building: default.size.stdout
 
Finished building: mini_projet.bin
 
Finished building: mini_projet.list
 
10:33:56 **** Incremental Build of configuration Debug for project mini_projet ****
make -j4 all 
arm-none-eabi-gcc "../Core/Src/main.c" -mcpu=cortex-m7 -std=gnu11 -g3 -DUSE_HAL_DRIVER -DSTM32F746xx -DDEBUG -c -I../Middlewares/Third_Party/FreeRTOS/Source/include -I../Drivers/CMSIS/Include -I../Drivers/CMSIS/Device/ST/STM32F7xx/Include -I../Core/Inc -I../Drivers/STM32F7xx_HAL_Driver/Inc -I../Middlewares/Third_Party/FreeRTOS/Source/portable/GCC/ARM_CM7/r0p1 -I../Drivers/STM32F7xx_HAL_Driver/Inc/Legacy -I../Middlewares/Third_Party/FreeRTOS/Source/CMSIS_RTOS -I../STM32F7xx_HAL_Driver/Inc/Legacy -O0 -ffunction-sections -fdata-sections -Wall -fstack-usage -MMD -MP -MF"Core/Src/main.d" -MT"Core/Src/main.o" --specs=nano.specs -mfpu=fpv5-sp-d16 -mfloat-abi=hard -mthumb -o "Core/Src/main.o"
arm-none-eabi-gcc -o "mini_projet.elf" @"objects.list"   -mcpu=cortex-m7 -T"C:\Users\thoma\Desktop\II_miniprojet\mini_projet\STM32F746NGHX_FLASH.ld" --specs=nosys.specs -Wl,-Map="mini_projet.map" -Wl,--gc-sections -static --specs=nano.specs -mfpu=fpv5-sp-d16 -mfloat-abi=hard -mthumb -Wl,--start-group -lc -lm -Wl,--end-group
Finished building target: mini_projet.elf
 
arm-none-eabi-objdump -h -S  mini_projet.elf  > "mini_projet.list"
arm-none-eabi-objcopy  -O binary  mini_projet.elf  "mini_projet.bin"
arm-none-eabi-size   mini_projet.elf 
   text	   data	    bss	    dec	    hex	filename
  58632	     92	  37524	  96248	  177f8	mini_projet.elf
Finished building: default.size.stdout
 
Finished building: mini_projet.bin
 
Finished building: mini_projet.list
 
10:34:38 **** Incremental Build of configuration Debug for project mini_projet ****
make -j4 all 
arm-none-eabi-gcc "../Core/Src/main.c" -mcpu=cortex-m7 -std=gnu11 -g3 -DUSE_HAL_DRIVER -DSTM32F746xx -DDEBUG -c -I../Middlewares/Third_Party/FreeRTOS/Source/include -I../Drivers/CMSIS/Include -I../Drivers/CMSIS/Device/ST/STM32F7xx/Include -I../Core/Inc -I../Drivers/STM32F7xx_HAL_Driver/Inc -I../Middlewares/Third_Party/FreeRTOS/Source/portable/GCC/ARM_CM7/r0p1 -I../Drivers/STM32F7xx_HAL_Driver/Inc/Legacy -I../Middlewares/Third_Party/FreeRTOS/Source/CMSIS_RTOS -I../STM32F7xx_HAL_Driver/Inc/Legacy -O0 -ffunction-sections -fdata-sections -Wall -fstack-usage -MMD -MP -MF"Core/Src/main.d" -MT"Core/Src/main.o" --specs=nano.specs -mfpu=fpv5-sp-d16 -mfloat-abi=hard -mthumb -o "Core/Src/main.o"
arm-none-eabi-gcc -o "mini_projet.elf" @"objects.list"   -mcpu=cortex-m7 -T"C:\Users\thoma\Desktop\II_miniprojet\mini_projet\STM32F746NGHX_FLASH.ld" --specs=nosys.specs -Wl,-Map="mini_projet.map" -Wl,--gc-sections -static --specs=nano.specs -mfpu=fpv5-sp-d16 -mfloat-abi=hard -mthumb -Wl,--start-group -lc -lm -Wl,--end-group
Finished building target: mini_projet.elf
 
arm-none-eabi-objdump -h -S  mini_projet.elf  > "mini_projet.list"
arm-none-eabi-objcopy  -O binary  mini_projet.elf  "mini_projet.bin"
arm-none-eabi-size   mini_projet.elf 
   text	   data	    bss	    dec	    hex	filename
  58632	     92	  37524	  96248	  177f8	mini_projet.elf
Finished building: default.size.stdout
Finished building: mini_projet.bin
 
 
Finished building: mini_projet.list
 
10:38:56 **** Incremental Build of configuration Debug for project mini_projet ****
make -j4 all 
arm-none-eabi-gcc "../Core/Src/main.c" -mcpu=cortex-m7 -std=gnu11 -g3 -DUSE_HAL_DRIVER -DSTM32F746xx -DDEBUG -c -I../Middlewares/Third_Party/FreeRTOS/Source/include -I../Drivers/CMSIS/Include -I../Drivers/CMSIS/Device/ST/STM32F7xx/Include -I../Core/Inc -I../Drivers/STM32F7xx_HAL_Driver/Inc -I../Middlewares/Third_Party/FreeRTOS/Source/portable/GCC/ARM_CM7/r0p1 -I../Drivers/STM32F7xx_HAL_Driver/Inc/Legacy -I../Middlewares/Third_Party/FreeRTOS/Source/CMSIS_RTOS -I../STM32F7xx_HAL_Driver/Inc/Legacy -O0 -ffunction-sections -fdata-sections -Wall -fstack-usage -MMD -MP -MF"Core/Src/main.d" -MT"Core/Src/main.o" --specs=nano.specs -mfpu=fpv5-sp-d16 -mfloat-abi=hard -mthumb -o "Core/Src/main.o"
arm-none-eabi-gcc -o "mini_projet.elf" @"objects.list"   -mcpu=cortex-m7 -T"C:\Users\thoma\Desktop\II_miniprojet\mini_projet\STM32F746NGHX_FLASH.ld" --specs=nosys.specs -Wl,-Map="mini_projet.map" -Wl,--gc-sections -static --specs=nano.specs -mfpu=fpv5-sp-d16 -mfloat-abi=hard -mthumb -Wl,--start-group -lc -lm -Wl,--end-group
Finished building target: mini_projet.elf
 
arm-none-eabi-objdump -h -S  mini_projet.elf  > "mini_projet.list"
arm-none-eabi-objcopy  -O binary  mini_projet.elf  "mini_projet.bin"
arm-none-eabi-size   mini_projet.elf 
   text	   data	    bss	    dec	    hex	filename
  58632	     92	  37524	  96248	  177f8	mini_projet.elf
Finished building: default.size.stdout
 
Finished building: mini_projet.bin
 
Finished building: mini_projet.list
 
10:40:19 **** Incremental Build of configuration Debug for project mini_projet ****
make -j4 all 
arm-none-eabi-gcc "../Core/Src/main.c" -mcpu=cortex-m7 -std=gnu11 -g3 -DUSE_HAL_DRIVER -DSTM32F746xx -DDEBUG -c -I../Middlewares/Third_Party/FreeRTOS/Source/include -I../Drivers/CMSIS/Include -I../Drivers/CMSIS/Device/ST/STM32F7xx/Include -I../Core/Inc -I../Drivers/STM32F7xx_HAL_Driver/Inc -I../Middlewares/Third_Party/FreeRTOS/Source/portable/GCC/ARM_CM7/r0p1 -I../Drivers/STM32F7xx_HAL_Driver/Inc/Legacy -I../Middlewares/Third_Party/FreeRTOS/Source/CMSIS_RTOS -I../STM32F7xx_HAL_Driver/Inc/Legacy -O0 -ffunction-sections -fdata-sections -Wall -fstack-usage -MMD -MP -MF"Core/Src/main.d" -MT"Core/Src/main.o" --specs=nano.specs -mfpu=fpv5-sp-d16 -mfloat-abi=hard -mthumb -o "Core/Src/main.o"
arm-none-eabi-gcc -o "mini_projet.elf" @"objects.list"   -mcpu=cortex-m7 -T"C:\Users\thoma\Desktop\II_miniprojet\mini_projet\STM32F746NGHX_FLASH.ld" --specs=nosys.specs -Wl,-Map="mini_projet.map" -Wl,--gc-sections -static --specs=nano.specs -mfpu=fpv5-sp-d16 -mfloat-abi=hard -mthumb -Wl,--start-group -lc -lm -Wl,--end-group
Finished building target: mini_projet.elf
 
arm-none-eabi-objdump -h -S  mini_projet.elf  > "mini_projet.list"
arm-none-eabi-objcopy  -O binary  mini_projet.elf  "mini_projet.bin"
arm-none-eabi-size   mini_projet.elf 
   text	   data	    bss	    dec	    hex	filename
  58632	     92	  37524	  96248	  177f8	mini_projet.elf
Finished building: default.size.stdout
 
Finished building: mini_projet.bin
 
Finished building: mini_projet.list
 
10:41:28 **** Incremental Build of configuration Debug for project mini_projet ****
make -j4 all 
arm-none-eabi-gcc "../Core/Src/main.c" -mcpu=cortex-m7 -std=gnu11 -g3 -DUSE_HAL_DRIVER -DSTM32F746xx -DDEBUG -c -I../Middlewares/Third_Party/FreeRTOS/Source/include -I../Drivers/CMSIS/Include -I../Drivers/CMSIS/Device/ST/STM32F7xx/Include -I../Core/Inc -I../Drivers/STM32F7xx_HAL_Driver/Inc -I../Middlewares/Third_Party/FreeRTOS/Source/portable/GCC/ARM_CM7/r0p1 -I../Drivers/STM32F7xx_HAL_Driver/Inc/Legacy -I../Middlewares/Third_Party/FreeRTOS/Source/CMSIS_RTOS -I../STM32F7xx_HAL_Driver/Inc/Legacy -O0 -ffunction-sections -fdata-sections -Wall -fstack-usage -MMD -MP -MF"Core/Src/main.d" -MT"Core/Src/main.o" --specs=nano.specs -mfpu=fpv5-sp-d16 -mfloat-abi=hard -mthumb -o "Core/Src/main.o"
arm-none-eabi-gcc -o "mini_projet.elf" @"objects.list"   -mcpu=cortex-m7 -T"C:\Users\thoma\Desktop\II_miniprojet\mini_projet\STM32F746NGHX_FLASH.ld" --specs=nosys.specs -Wl,-Map="mini_projet.map" -Wl,--gc-sections -static --specs=nano.specs -mfpu=fpv5-sp-d16 -mfloat-abi=hard -mthumb -Wl,--start-group -lc -lm -Wl,--end-group
Finished building target: mini_projet.elf
 
arm-none-eabi-objdump -h -S  mini_projet.elf  > "mini_projet.list"
arm-none-eabi-objcopy  -O binary  mini_projet.elf  "mini_projet.bin"
arm-none-eabi-size   mini_projet.elf 
   text	   data	    bss	    dec	    hex	filename
  58632	     92	  37524	  96248	  177f8	mini_projet.elf
Finished building: default.size.stdout
 
Finished building: mini_projet.bin
 
Finished building: mini_projet.list
 
10:44:55 **** Incremental Build of configuration Debug for project mini_projet ****
make -j4 all 
arm-none-eabi-gcc "../Core/Src/main.c" -mcpu=cortex-m7 -std=gnu11 -g3 -DUSE_HAL_DRIVER -DSTM32F746xx -DDEBUG -c -I../Middlewares/Third_Party/FreeRTOS/Source/include -I../Drivers/CMSIS/Include -I../Drivers/CMSIS/Device/ST/STM32F7xx/Include -I../Core/Inc -I../Drivers/STM32F7xx_HAL_Driver/Inc -I../Middlewares/Third_Party/FreeRTOS/Source/portable/GCC/ARM_CM7/r0p1 -I../Drivers/STM32F7xx_HAL_Driver/Inc/Legacy -I../Middlewares/Third_Party/FreeRTOS/Source/CMSIS_RTOS -I../STM32F7xx_HAL_Driver/Inc/Legacy -O0 -ffunction-sections -fdata-sections -Wall -fstack-usage -MMD -MP -MF"Core/Src/main.d" -MT"Core/Src/main.o" --specs=nano.specs -mfpu=fpv5-sp-d16 -mfloat-abi=hard -mthumb -o "Core/Src/main.o"
../Core/Src/main.c: In function 'player':
../Core/Src/main.c:1547:35: error: 'dy' undeclared (first use in this function)
     if(joueur_y + joueur_height - dy < bloc_y)
                                   ^~
../Core/Src/main.c:1547:35: note: each undeclared identifier is reported only once for each function it appears in
make: *** [Core/Src/subdir.mk:58: Core/Src/main.o] Error 1
"make -j4 all" terminated with exit code 2. Build might be incomplete.
10:45:17 **** Incremental Build of configuration Debug for project mini_projet ****
make -j4 all 
arm-none-eabi-gcc "../Core/Src/main.c" -mcpu=cortex-m7 -std=gnu11 -g3 -DUSE_HAL_DRIVER -DSTM32F746xx -DDEBUG -c -I../Middlewares/Third_Party/FreeRTOS/Source/include -I../Drivers/CMSIS/Include -I../Drivers/CMSIS/Device/ST/STM32F7xx/Include -I../Core/Inc -I../Drivers/STM32F7xx_HAL_Driver/Inc -I../Middlewares/Third_Party/FreeRTOS/Source/portable/GCC/ARM_CM7/r0p1 -I../Drivers/STM32F7xx_HAL_Driver/Inc/Legacy -I../Middlewares/Third_Party/FreeRTOS/Source/CMSIS_RTOS -I../STM32F7xx_HAL_Driver/Inc/Legacy -O0 -ffunction-sections -fdata-sections -Wall -fstack-usage -MMD -MP -MF"Core/Src/main.d" -MT"Core/Src/main.o" --specs=nano.specs -mfpu=fpv5-sp-d16 -mfloat-abi=hard -mthumb -o "Core/Src/main.o"
arm-none-eabi-gcc -o "mini_projet.elf" @"objects.list"   -mcpu=cortex-m7 -T"C:\Users\thoma\Desktop\II_miniprojet\mini_projet\STM32F746NGHX_FLASH.ld" --specs=nosys.specs -Wl,-Map="mini_projet.map" -Wl,--gc-sections -static --specs=nano.specs -mfpu=fpv5-sp-d16 -mfloat-abi=hard -mthumb -Wl,--start-group -lc -lm -Wl,--end-group
Finished building target: mini_projet.elf
 
arm-none-eabi-objdump -h -S  mini_projet.elf  > "mini_projet.list"
arm-none-eabi-objcopy  -O binary  mini_projet.elf  "mini_projet.bin"
arm-none-eabi-size   mini_projet.elf 
   text	   data	    bss	    dec	    hex	filename
  58632	     92	  37524	  96248	  177f8	mini_projet.elf
Finished building: default.size.stdout
 
Finished building: mini_projet.bin
 
Finished building: mini_projet.list
 
10:46:11 **** Incremental Build of configuration Debug for project mini_projet ****
make -j4 all 
arm-none-eabi-gcc "../Core/Src/main.c" -mcpu=cortex-m7 -std=gnu11 -g3 -DUSE_HAL_DRIVER -DSTM32F746xx -DDEBUG -c -I../Middlewares/Third_Party/FreeRTOS/Source/include -I../Drivers/CMSIS/Include -I../Drivers/CMSIS/Device/ST/STM32F7xx/Include -I../Core/Inc -I../Drivers/STM32F7xx_HAL_Driver/Inc -I../Middlewares/Third_Party/FreeRTOS/Source/portable/GCC/ARM_CM7/r0p1 -I../Drivers/STM32F7xx_HAL_Driver/Inc/Legacy -I../Middlewares/Third_Party/FreeRTOS/Source/CMSIS_RTOS -I../STM32F7xx_HAL_Driver/Inc/Legacy -O0 -ffunction-sections -fdata-sections -Wall -fstack-usage -MMD -MP -MF"Core/Src/main.d" -MT"Core/Src/main.o" --specs=nano.specs -mfpu=fpv5-sp-d16 -mfloat-abi=hard -mthumb -o "Core/Src/main.o"
arm-none-eabi-gcc -o "mini_projet.elf" @"objects.list"   -mcpu=cortex-m7 -T"C:\Users\thoma\Desktop\II_miniprojet\mini_projet\STM32F746NGHX_FLASH.ld" --specs=nosys.specs -Wl,-Map="mini_projet.map" -Wl,--gc-sections -static --specs=nano.specs -mfpu=fpv5-sp-d16 -mfloat-abi=hard -mthumb -Wl,--start-group -lc -lm -Wl,--end-group
Finished building target: mini_projet.elf
 
arm-none-eabi-objdump -h -S  mini_projet.elf  > "mini_projet.list"
arm-none-eabi-objcopy  -O binary  mini_projet.elf  "mini_projet.bin"
arm-none-eabi-size   mini_projet.elf 
   text	   data	    bss	    dec	    hex	filename
  58648	     92	  37524	  96264	  17808	mini_projet.elf
Finished building: default.size.stdout
Finished building: mini_projet.bin
 
 
Finished building: mini_projet.list
 
10:46:18 **** Incremental Build of configuration Debug for project mini_projet ****
make -j4 all 
arm-none-eabi-size   mini_projet.elf 
   text	   data	    bss	    dec	    hex	filename
  58648	     92	  37524	  96264	  17808	mini_projet.elf
Finished building: default.size.stdout
 
10:47:07 **** Incremental Build of configuration Debug for project mini_projet ****
make -j4 all 
arm-none-eabi-gcc "../Core/Src/main.c" -mcpu=cortex-m7 -std=gnu11 -g3 -DUSE_HAL_DRIVER -DSTM32F746xx -DDEBUG -c -I../Middlewares/Third_Party/FreeRTOS/Source/include -I../Drivers/CMSIS/Include -I../Drivers/CMSIS/Device/ST/STM32F7xx/Include -I../Core/Inc -I../Drivers/STM32F7xx_HAL_Driver/Inc -I../Middlewares/Third_Party/FreeRTOS/Source/portable/GCC/ARM_CM7/r0p1 -I../Drivers/STM32F7xx_HAL_Driver/Inc/Legacy -I../Middlewares/Third_Party/FreeRTOS/Source/CMSIS_RTOS -I../STM32F7xx_HAL_Driver/Inc/Legacy -O0 -ffunction-sections -fdata-sections -Wall -fstack-usage -MMD -MP -MF"Core/Src/main.d" -MT"Core/Src/main.o" --specs=nano.specs -mfpu=fpv5-sp-d16 -mfloat-abi=hard -mthumb -o "Core/Src/main.o"
arm-none-eabi-gcc -o "mini_projet.elf" @"objects.list"   -mcpu=cortex-m7 -T"C:\Users\thoma\Desktop\II_miniprojet\mini_projet\STM32F746NGHX_FLASH.ld" --specs=nosys.specs -Wl,-Map="mini_projet.map" -Wl,--gc-sections -static --specs=nano.specs -mfpu=fpv5-sp-d16 -mfloat-abi=hard -mthumb -Wl,--start-group -lc -lm -Wl,--end-group
Finished building target: mini_projet.elf
 
arm-none-eabi-objdump -h -S  mini_projet.elf  > "mini_projet.list"
arm-none-eabi-objcopy  -O binary  mini_projet.elf  "mini_projet.bin"
arm-none-eabi-size   mini_projet.elf 
   text	   data	    bss	    dec	    hex	filename
  58648	     92	  37524	  96264	  17808	mini_projet.elf
Finished building: default.size.stdout
 
Finished building: mini_projet.bin
 
Finished building: mini_projet.list
 
10:48:08 **** Incremental Build of configuration Debug for project mini_projet ****
make -j4 all 
arm-none-eabi-gcc "../Core/Src/main.c" -mcpu=cortex-m7 -std=gnu11 -g3 -DUSE_HAL_DRIVER -DSTM32F746xx -DDEBUG -c -I../Middlewares/Third_Party/FreeRTOS/Source/include -I../Drivers/CMSIS/Include -I../Drivers/CMSIS/Device/ST/STM32F7xx/Include -I../Core/Inc -I../Drivers/STM32F7xx_HAL_Driver/Inc -I../Middlewares/Third_Party/FreeRTOS/Source/portable/GCC/ARM_CM7/r0p1 -I../Drivers/STM32F7xx_HAL_Driver/Inc/Legacy -I../Middlewares/Third_Party/FreeRTOS/Source/CMSIS_RTOS -I../STM32F7xx_HAL_Driver/Inc/Legacy -O0 -ffunction-sections -fdata-sections -Wall -fstack-usage -MMD -MP -MF"Core/Src/main.d" -MT"Core/Src/main.o" --specs=nano.specs -mfpu=fpv5-sp-d16 -mfloat-abi=hard -mthumb -o "Core/Src/main.o"
arm-none-eabi-gcc -o "mini_projet.elf" @"objects.list"   -mcpu=cortex-m7 -T"C:\Users\thoma\Desktop\II_miniprojet\mini_projet\STM32F746NGHX_FLASH.ld" --specs=nosys.specs -Wl,-Map="mini_projet.map" -Wl,--gc-sections -static --specs=nano.specs -mfpu=fpv5-sp-d16 -mfloat-abi=hard -mthumb -Wl,--start-group -lc -lm -Wl,--end-group
Finished building target: mini_projet.elf
 
arm-none-eabi-objdump -h -S  mini_projet.elf  > "mini_projet.list"
arm-none-eabi-objcopy  -O binary  mini_projet.elf  "mini_projet.bin"
arm-none-eabi-size   mini_projet.elf 
   text	   data	    bss	    dec	    hex	filename
  58664	     92	  37524	  96280	  17818	mini_projet.elf
Finished building: default.size.stdout
Finished building: mini_projet.bin
 
 
Finished building: mini_projet.list
 
10:49:28 **** Incremental Build of configuration Debug for project mini_projet ****
make -j4 all 
arm-none-eabi-gcc "../Core/Src/main.c" -mcpu=cortex-m7 -std=gnu11 -g3 -DUSE_HAL_DRIVER -DSTM32F746xx -DDEBUG -c -I../Middlewares/Third_Party/FreeRTOS/Source/include -I../Drivers/CMSIS/Include -I../Drivers/CMSIS/Device/ST/STM32F7xx/Include -I../Core/Inc -I../Drivers/STM32F7xx_HAL_Driver/Inc -I../Middlewares/Third_Party/FreeRTOS/Source/portable/GCC/ARM_CM7/r0p1 -I../Drivers/STM32F7xx_HAL_Driver/Inc/Legacy -I../Middlewares/Third_Party/FreeRTOS/Source/CMSIS_RTOS -I../STM32F7xx_HAL_Driver/Inc/Legacy -O0 -ffunction-sections -fdata-sections -Wall -fstack-usage -MMD -MP -MF"Core/Src/main.d" -MT"Core/Src/main.o" --specs=nano.specs -mfpu=fpv5-sp-d16 -mfloat-abi=hard -mthumb -o "Core/Src/main.o"
arm-none-eabi-gcc -o "mini_projet.elf" @"objects.list"   -mcpu=cortex-m7 -T"C:\Users\thoma\Desktop\II_miniprojet\mini_projet\STM32F746NGHX_FLASH.ld" --specs=nosys.specs -Wl,-Map="mini_projet.map" -Wl,--gc-sections -static --specs=nano.specs -mfpu=fpv5-sp-d16 -mfloat-abi=hard -mthumb -Wl,--start-group -lc -lm -Wl,--end-group
Finished building target: mini_projet.elf
 
arm-none-eabi-objdump -h -S  mini_projet.elf  > "mini_projet.list"
arm-none-eabi-objcopy  -O binary  mini_projet.elf  "mini_projet.bin"
arm-none-eabi-size   mini_projet.elf 
   text	   data	    bss	    dec	    hex	filename
  58664	     92	  37524	  96280	  17818	mini_projet.elf
Finished building: default.size.stdout
 
Finished building: mini_projet.bin
 
Finished building: mini_projet.list
 
10:50:24 **** Incremental Build of configuration Debug for project mini_projet ****
make -j4 all 
arm-none-eabi-gcc "../Core/Src/main.c" -mcpu=cortex-m7 -std=gnu11 -g3 -DUSE_HAL_DRIVER -DSTM32F746xx -DDEBUG -c -I../Middlewares/Third_Party/FreeRTOS/Source/include -I../Drivers/CMSIS/Include -I../Drivers/CMSIS/Device/ST/STM32F7xx/Include -I../Core/Inc -I../Drivers/STM32F7xx_HAL_Driver/Inc -I../Middlewares/Third_Party/FreeRTOS/Source/portable/GCC/ARM_CM7/r0p1 -I../Drivers/STM32F7xx_HAL_Driver/Inc/Legacy -I../Middlewares/Third_Party/FreeRTOS/Source/CMSIS_RTOS -I../STM32F7xx_HAL_Driver/Inc/Legacy -O0 -ffunction-sections -fdata-sections -Wall -fstack-usage -MMD -MP -MF"Core/Src/main.d" -MT"Core/Src/main.o" --specs=nano.specs -mfpu=fpv5-sp-d16 -mfloat-abi=hard -mthumb -o "Core/Src/main.o"
arm-none-eabi-gcc -o "mini_projet.elf" @"objects.list"   -mcpu=cortex-m7 -T"C:\Users\thoma\Desktop\II_miniprojet\mini_projet\STM32F746NGHX_FLASH.ld" --specs=nosys.specs -Wl,-Map="mini_projet.map" -Wl,--gc-sections -static --specs=nano.specs -mfpu=fpv5-sp-d16 -mfloat-abi=hard -mthumb -Wl,--start-group -lc -lm -Wl,--end-group
Finished building target: mini_projet.elf
 
arm-none-eabi-objdump -h -S  mini_projet.elf  > "mini_projet.list"
arm-none-eabi-objcopy  -O binary  mini_projet.elf  "mini_projet.bin"
arm-none-eabi-size   mini_projet.elf 
   text	   data	    bss	    dec	    hex	filename
  58648	     92	  37524	  96264	  17808	mini_projet.elf
Finished building: default.size.stdout
 
Finished building: mini_projet.bin
 
Finished building: mini_projet.list
 
10:52:34 **** Incremental Build of configuration Debug for project mini_projet ****
make -j4 all 
arm-none-eabi-gcc "../Core/Src/main.c" -mcpu=cortex-m7 -std=gnu11 -g3 -DUSE_HAL_DRIVER -DSTM32F746xx -DDEBUG -c -I../Middlewares/Third_Party/FreeRTOS/Source/include -I../Drivers/CMSIS/Include -I../Drivers/CMSIS/Device/ST/STM32F7xx/Include -I../Core/Inc -I../Drivers/STM32F7xx_HAL_Driver/Inc -I../Middlewares/Third_Party/FreeRTOS/Source/portable/GCC/ARM_CM7/r0p1 -I../Drivers/STM32F7xx_HAL_Driver/Inc/Legacy -I../Middlewares/Third_Party/FreeRTOS/Source/CMSIS_RTOS -I../STM32F7xx_HAL_Driver/Inc/Legacy -O0 -ffunction-sections -fdata-sections -Wall -fstack-usage -MMD -MP -MF"Core/Src/main.d" -MT"Core/Src/main.o" --specs=nano.specs -mfpu=fpv5-sp-d16 -mfloat-abi=hard -mthumb -o "Core/Src/main.o"
arm-none-eabi-gcc -o "mini_projet.elf" @"objects.list"   -mcpu=cortex-m7 -T"C:\Users\thoma\Desktop\II_miniprojet\mini_projet\STM32F746NGHX_FLASH.ld" --specs=nosys.specs -Wl,-Map="mini_projet.map" -Wl,--gc-sections -static --specs=nano.specs -mfpu=fpv5-sp-d16 -mfloat-abi=hard -mthumb -Wl,--start-group -lc -lm -Wl,--end-group
Finished building target: mini_projet.elf
 
arm-none-eabi-objdump -h -S  mini_projet.elf  > "mini_projet.list"
arm-none-eabi-objcopy  -O binary  mini_projet.elf  "mini_projet.bin"
arm-none-eabi-size   mini_projet.elf 
   text	   data	    bss	    dec	    hex	filename
  58648	     92	  37524	  96264	  17808	mini_projet.elf
Finished building: default.size.stdout
Finished building: mini_projet.bin
 
 
Finished building: mini_projet.list
 
10:54:02 **** Incremental Build of configuration Debug for project mini_projet ****
make -j4 all 
arm-none-eabi-gcc "../Core/Src/main.c" -mcpu=cortex-m7 -std=gnu11 -g3 -DUSE_HAL_DRIVER -DSTM32F746xx -DDEBUG -c -I../Middlewares/Third_Party/FreeRTOS/Source/include -I../Drivers/CMSIS/Include -I../Drivers/CMSIS/Device/ST/STM32F7xx/Include -I../Core/Inc -I../Drivers/STM32F7xx_HAL_Driver/Inc -I../Middlewares/Third_Party/FreeRTOS/Source/portable/GCC/ARM_CM7/r0p1 -I../Drivers/STM32F7xx_HAL_Driver/Inc/Legacy -I../Middlewares/Third_Party/FreeRTOS/Source/CMSIS_RTOS -I../STM32F7xx_HAL_Driver/Inc/Legacy -O0 -ffunction-sections -fdata-sections -Wall -fstack-usage -MMD -MP -MF"Core/Src/main.d" -MT"Core/Src/main.o" --specs=nano.specs -mfpu=fpv5-sp-d16 -mfloat-abi=hard -mthumb -o "Core/Src/main.o"
arm-none-eabi-gcc -o "mini_projet.elf" @"objects.list"   -mcpu=cortex-m7 -T"C:\Users\thoma\Desktop\II_miniprojet\mini_projet\STM32F746NGHX_FLASH.ld" --specs=nosys.specs -Wl,-Map="mini_projet.map" -Wl,--gc-sections -static --specs=nano.specs -mfpu=fpv5-sp-d16 -mfloat-abi=hard -mthumb -Wl,--start-group -lc -lm -Wl,--end-group
Finished building target: mini_projet.elf
 
arm-none-eabi-objdump -h -S  mini_projet.elf  > "mini_projet.list"
arm-none-eabi-objcopy  -O binary  mini_projet.elf  "mini_projet.bin"
arm-none-eabi-size   mini_projet.elf 
   text	   data	    bss	    dec	    hex	filename
  58648	     92	  37524	  96264	  17808	mini_projet.elf
Finished building: default.size.stdout
 
Finished building: mini_projet.bin
 
Finished building: mini_projet.list
 
10:54:52 **** Incremental Build of configuration Debug for project mini_projet ****
make -j4 all 
arm-none-eabi-gcc "../Core/Src/main.c" -mcpu=cortex-m7 -std=gnu11 -g3 -DUSE_HAL_DRIVER -DSTM32F746xx -DDEBUG -c -I../Middlewares/Third_Party/FreeRTOS/Source/include -I../Drivers/CMSIS/Include -I../Drivers/CMSIS/Device/ST/STM32F7xx/Include -I../Core/Inc -I../Drivers/STM32F7xx_HAL_Driver/Inc -I../Middlewares/Third_Party/FreeRTOS/Source/portable/GCC/ARM_CM7/r0p1 -I../Drivers/STM32F7xx_HAL_Driver/Inc/Legacy -I../Middlewares/Third_Party/FreeRTOS/Source/CMSIS_RTOS -I../STM32F7xx_HAL_Driver/Inc/Legacy -O0 -ffunction-sections -fdata-sections -Wall -fstack-usage -MMD -MP -MF"Core/Src/main.d" -MT"Core/Src/main.o" --specs=nano.specs -mfpu=fpv5-sp-d16 -mfloat-abi=hard -mthumb -o "Core/Src/main.o"
arm-none-eabi-gcc -o "mini_projet.elf" @"objects.list"   -mcpu=cortex-m7 -T"C:\Users\thoma\Desktop\II_miniprojet\mini_projet\STM32F746NGHX_FLASH.ld" --specs=nosys.specs -Wl,-Map="mini_projet.map" -Wl,--gc-sections -static --specs=nano.specs -mfpu=fpv5-sp-d16 -mfloat-abi=hard -mthumb -Wl,--start-group -lc -lm -Wl,--end-group
Finished building target: mini_projet.elf
 
arm-none-eabi-objdump -h -S  mini_projet.elf  > "mini_projet.list"
arm-none-eabi-objcopy  -O binary  mini_projet.elf  "mini_projet.bin"
arm-none-eabi-size   mini_projet.elf 
   text	   data	    bss	    dec	    hex	filename
  58648	     92	  37524	  96264	  17808	mini_projet.elf
Finished building: default.size.stdout
 
Finished building: mini_projet.bin
 
Finished building: mini_projet.list
 
