23:05:08 **** Incremental Build of configuration Debug for project mini_projet ****
make -j4 all 
arm-none-eabi-gcc "../Core/Src/main.c" -mcpu=cortex-m7 -std=gnu11 -g3 -DUSE_HAL_DRIVER -DSTM32F746xx -DDEBUG -c -I../Middlewares/Third_Party/FreeRTOS/Source/include -I../Drivers/CMSIS/Include -I../Drivers/CMSIS/Device/ST/STM32F7xx/Include -I../Core/Inc -I../Drivers/STM32F7xx_HAL_Driver/Inc -I../Middlewares/Third_Party/FreeRTOS/Source/portable/GCC/ARM_CM7/r0p1 -I../Drivers/STM32F7xx_HAL_Driver/Inc/Legacy -I../Middlewares/Third_Party/FreeRTOS/Source/CMSIS_RTOS -I../STM32F7xx_HAL_Driver/Inc/Legacy -O0 -ffunction-sections -fdata-sections -Wall -fstack-usage -MMD -MP -MF"Core/Src/main.d" -MT"Core/Src/main.o" --specs=nano.specs -mfpu=fpv5-sp-d16 -mfloat-abi=hard -mthumb -o "Core/Src/main.o"
../Core/Src/main.c: In function 'badguy':
../Core/Src/main.c:1863:7: warning: unused variable 'text' [-Wunused-variable]
  char text[5];
       ^~~~
arm-none-eabi-gcc -o "mini_projet.elf" @"objects.list"   -mcpu=cortex-m7 -T"C:\Users\thoma\Desktop\II_miniprojet\mini_projet\STM32F746NGHX_FLASH.ld" --specs=nosys.specs -Wl,-Map="mini_projet.map" -Wl,--gc-sections -static --specs=nano.specs -mfpu=fpv5-sp-d16 -mfloat-abi=hard -mthumb -Wl,--start-group -lc -lm -Wl,--end-group
Finished building target: mini_projet.elf
 
arm-none-eabi-objdump -h -S  mini_projet.elf  > "mini_projet.list"
arm-none-eabi-objcopy  -O binary  mini_projet.elf  "mini_projet.bin"
arm-none-eabi-size   mini_projet.elf 
   text	   data	    bss	    dec	    hex	filename
  65932	    200	  37608	 103740	  1953c	mini_projet.elf
Finished building: default.size.stdout
 
Finished building: mini_projet.bin
 
Finished building: mini_projet.list
 

23:05:12 Build Finished. 0 errors, 1 warnings. (took 3s.791ms)

